
Discarded input sections

 .text          0x0000000000000000        0x0 C:\Users\LRNA\AppData\Local\Temp\receiver.elf.CzNEJk.ltrans0.ltrans.o
 .data          0x0000000000000000        0x0 C:\Users\LRNA\AppData\Local\Temp\receiver.elf.CzNEJk.ltrans0.ltrans.o
 .bss           0x0000000000000000        0x0 C:\Users\LRNA\AppData\Local\Temp\receiver.elf.CzNEJk.ltrans0.ltrans.o
 .text.mini_pad
                0x0000000000000000       0xa0 C:\Users\LRNA\AppData\Local\Temp\receiver.elf.CzNEJk.ltrans0.ltrans.o
 .text._puts    0x0000000000000000       0x42 C:\Users\LRNA\AppData\Local\Temp\receiver.elf.CzNEJk.ltrans0.ltrans.o
 .text.mini_itoa.part.0
                0x0000000000000000       0x8e C:\Users\LRNA\AppData\Local\Temp\receiver.elf.CzNEJk.ltrans0.ltrans.o
 .text.__puts_uart
                0x0000000000000000       0x1a C:\Users\LRNA\AppData\Local\Temp\receiver.elf.CzNEJk.ltrans0.ltrans.o
 .text.mini_vpprintf
                0x0000000000000000      0x1d6 C:\Users\LRNA\AppData\Local\Temp\receiver.elf.CzNEJk.ltrans0.ltrans.o
 .text.printf   0x0000000000000000       0x30 C:\Users\LRNA\AppData\Local\Temp\receiver.elf.CzNEJk.ltrans0.ltrans.o
 .text.vprintf  0x0000000000000000       0x16 C:\Users\LRNA\AppData\Local\Temp\receiver.elf.CzNEJk.ltrans0.ltrans.o
 .text.mini_vsnprintf
                0x0000000000000000       0x3a C:\Users\LRNA\AppData\Local\Temp\receiver.elf.CzNEJk.ltrans0.ltrans.o
 .text.snprintf
                0x0000000000000000       0x20 C:\Users\LRNA\AppData\Local\Temp\receiver.elf.CzNEJk.ltrans0.ltrans.o
 .text.sprintf  0x0000000000000000       0x2c C:\Users\LRNA\AppData\Local\Temp\receiver.elf.CzNEJk.ltrans0.ltrans.o
 .text.strncpy  0x0000000000000000       0x1c C:\Users\LRNA\AppData\Local\Temp\receiver.elf.CzNEJk.ltrans0.ltrans.o
 .text.strcmp   0x0000000000000000       0x1a C:\Users\LRNA\AppData\Local\Temp\receiver.elf.CzNEJk.ltrans0.ltrans.o
 .text.strchr   0x0000000000000000       0x16 C:\Users\LRNA\AppData\Local\Temp\receiver.elf.CzNEJk.ltrans0.ltrans.o
 .text.strrchr  0x0000000000000000       0x3c C:\Users\LRNA\AppData\Local\Temp\receiver.elf.CzNEJk.ltrans0.ltrans.o
 .text.memcmp   0x0000000000000000       0x26 C:\Users\LRNA\AppData\Local\Temp\receiver.elf.CzNEJk.ltrans0.ltrans.o
 .text.memmove  0x0000000000000000       0x5e C:\Users\LRNA\AppData\Local\Temp\receiver.elf.CzNEJk.ltrans0.ltrans.o
 .text.memchr   0x0000000000000000       0x1c C:\Users\LRNA\AppData\Local\Temp\receiver.elf.CzNEJk.ltrans0.ltrans.o
 .text.strnlen  0x0000000000000000       0x2a C:\Users\LRNA\AppData\Local\Temp\receiver.elf.CzNEJk.ltrans0.ltrans.o
 .text.twoway_strstr
                0x0000000000000000      0x254 C:\Users\LRNA\AppData\Local\Temp\receiver.elf.CzNEJk.ltrans0.ltrans.o
 .text.strstr   0x0000000000000000      0x13a C:\Users\LRNA\AppData\Local\Temp\receiver.elf.CzNEJk.ltrans0.ltrans.o
 .text.putchar  0x0000000000000000       0x72 C:\Users\LRNA\AppData\Local\Temp\receiver.elf.CzNEJk.ltrans0.ltrans.o
 .comment       0x0000000000000000       0x13 C:\Users\LRNA\AppData\Local\Temp\receiver.elf.CzNEJk.ltrans0.ltrans.o
 .comment       0x0000000000000000       0x13 C:\Users\LRNA\AppData\Local\Temp\ccZItzky.debug.temp.o
 .comment       0x0000000000000000       0x13 C:\Users\LRNA\AppData\Local\Temp\ccQQZpLB.debug.temp.o
 .comment       0x0000000000000000       0x13 C:\Users\LRNA\AppData\Local\Temp\ccxXtaeF.debug.temp.o

Memory Configuration

Name             Origin             Length             Attributes
FLASH            0x0000000000000000 0x000000000003c000 xr
RAM              0x0000000020000000 0x0000000000003000 xrw
*default*        0x0000000000000000 0xffffffffffffffff

Linker script and memory map

LOAD C:\Users\LRNA\AppData\Local\Temp\ccoh1FtM.o
LOAD C:\Users\LRNA\AppData\Local\Temp\receiver.elf.CzNEJk.ltrans0.ltrans.o
LOAD C:\Users\LRNA\AppData\Local\Temp\ccZItzky.debug.temp.o
LOAD C:\Users\LRNA\AppData\Local\Temp\ccQQZpLB.debug.temp.o
LOAD C:\Users\LRNA\AppData\Local\Temp\ccxXtaeF.debug.temp.o
LOAD C:\Users\LRNA\AppData\Local\Temp\ccSvkpsH.o
LOAD C:\Users\LRNA\AppData\Local\Temp\ccshd5fK.o
LOAD c:/sysgcc/risc-v/bin/../lib/gcc/riscv64-unknown-elf/10.1.0/rv32imac/ilp32\libgcc.a

.init           0x0000000000000000       0x90
                0x0000000000000000                _sinit = .
                0x0000000000000000                . = ALIGN (0x4)
 *(SORT_NONE(.init))
 .init          0x0000000000000000       0x90 C:\Users\LRNA\AppData\Local\Temp\receiver.elf.CzNEJk.ltrans0.ltrans.o
                0x0000000000000000                InterruptVector
                0x0000000000000090                . = ALIGN (0x4)
                0x0000000000000090                _einit = .

.highcodelalign
                0x0000000000000090        0x0
                0x0000000000000090                . = ALIGN (0x4)
                [!provide]                        PROVIDE (_highcode_lma = .)

.highcode       0x0000000020000000        0x0 load address 0x0000000000000090
                0x0000000020000000                . = ALIGN (0x4)
                [!provide]                        PROVIDE (_highcode_vma_start = .)
 *(.highcode*)
                0x0000000020000000                . = ALIGN (0x4)
                [!provide]                        PROVIDE (_highcode_vma_end = .)

.text           0x0000000000000090      0xbe4
                0x0000000000000090                . = ALIGN (0x4)
 *(.text)
 *(.text.*)
 .text.PrintHex
                0x0000000000000090       0x58 C:\Users\LRNA\AppData\Local\Temp\receiver.elf.CzNEJk.ltrans0.ltrans.o
 .text.DevSetMode
                0x00000000000000e8       0x52 C:\Users\LRNA\AppData\Local\Temp\receiver.elf.CzNEJk.ltrans0.ltrans.o
 .text.RFEND_TXCTune
                0x000000000000013a       0x8a C:\Users\LRNA\AppData\Local\Temp\receiver.elf.CzNEJk.ltrans0.ltrans.o
 .text.internal_handle_input.constprop.0
                0x00000000000001c4        0xa C:\Users\LRNA\AppData\Local\Temp\receiver.elf.CzNEJk.ltrans0.ltrans.o
 .text._write.constprop.0
                0x00000000000001ce       0xf4 C:\Users\LRNA\AppData\Local\Temp\receiver.elf.CzNEJk.ltrans0.ltrans.o
 .text.handle_reset
                0x00000000000002c2       0x82 C:\Users\LRNA\AppData\Local\Temp\receiver.elf.CzNEJk.ltrans0.ltrans.o
                0x00000000000002c2                handle_reset
 .text.vector_handler
                0x0000000000000344       0x50 C:\Users\LRNA\AppData\Local\Temp\receiver.elf.CzNEJk.ltrans0.ltrans.o
                0x0000000000000344                EXTI2_IRQHandler
                0x0000000000000344                TIM8_TRG_COM_IRQHandler
                0x0000000000000344                TIM8_CC_IRQHandler
                0x0000000000000344                USART_WKUP_IRQHandler
                0x0000000000000344                UART8_IRQHandler
                0x0000000000000344                SPI4_IRQHandler
                0x0000000000000344                NFC_IRQHandler
                0x0000000000000344                DFSDM0_IRQHandler
                0x0000000000000344                TIM1_CC_IRQHandler
                0x0000000000000344                HardFault_Handler
                0x0000000000000344                TIM10_IRQHandler
                0x0000000000000344                GPIOB_IRQHandler
                0x0000000000000344                IPC_CH2_Handler
                0x0000000000000344                USBPD_IRQHandler
                0x0000000000000344                TIM6_IRQHandler
                0x0000000000000344                GPIOA_IRQHandler
                0x0000000000000344                SysTick_Handler
                0x0000000000000344                CAN3_RX1_IRQHandler
                0x0000000000000344                I3C_ER_IRQHandler
                0x0000000000000344                PVD_IRQHandler
                0x0000000000000344                SDIO_IRQHandler
                0x0000000000000344                TIM9_BRK_IRQHandler
                0x0000000000000344                DMA2_Channel8_IRQHandler
                0x0000000000000344                NMI_Handler
                0x0000000000000344                CAN2_RX1_IRQHandler
                0x0000000000000344                EXTI3_IRQHandler
                0x0000000000000344                HSEM_Handler
                0x0000000000000344                UART1_IRQHandler
                0x0000000000000344                USBHS_IRQHandler
                0x0000000000000344                LPTIM2_IRQHandler
                0x0000000000000344                DMA2_Channel9_IRQHandler
                0x0000000000000344                TIM10_CC_IRQHandler
                0x0000000000000344                EXTI25_16_IRQHandler
                0x0000000000000344                I2C3_ER_IRQHandler
                0x0000000000000344                USBFS_IRQHandler
                0x0000000000000344                UART0_IRQHandler
                0x0000000000000344                USART8_IRQHandler
                0x0000000000000344                EXTI0_IRQHandler
                0x0000000000000344                I2C2_EV_IRQHandler
                0x0000000000000344                TIM10_TRG_COM_IRQHandler
                0x0000000000000344                LPTIM_IRQHandler
                0x0000000000000344                CAN1_RX0_IRQHandler
                0x0000000000000344                CAN3_SCE_IRQHandler
                0x0000000000000344                CAN2_SCE_IRQHandler
                0x0000000000000344                ADC1_2_IRQHandler
                0x0000000000000344                BB_IRQHandler
                0x0000000000000344                Break_Point_Handler
                0x0000000000000344                IPC_CH0_Handler
                0x0000000000000344                TIM2_CC_IRQHandler
                0x0000000000000344                SPI1_IRQHandler
                0x0000000000000344                USART5_IRQHandler
                0x0000000000000344                TAMPER_IRQHandler
                0x0000000000000344                TMR0_IRQHandler
                0x0000000000000344                AWU_IRQHandler
                0x0000000000000344                EXTI7_0_IRQHandler
                0x0000000000000344                CAN2_RX0_IRQHandler
                0x0000000000000344                OSCWakeUp_IRQHandler
                0x0000000000000344                TIM8_UP_IRQHandler
                0x0000000000000344                Ecall_M_Mode_Handler
                0x0000000000000344                ECDC_IRQHandler
                0x0000000000000344                SDMMC_IRQHandler
                0x0000000000000344                USART7_IRQHandler
                0x0000000000000344                DMA2_Channel2_IRQHandler
                0x0000000000000344                DMA1_Channel4_IRQHandler
                0x0000000000000344                ADC1_IRQHandler
                0x0000000000000344                TIM2_BRK_IRQHandler
                0x0000000000000344                USART6_IRQHandler
                0x0000000000000344                CAN3_RX0_IRQHandler
                0x0000000000000344                HSADC_IRQHandler
                0x0000000000000344                TIM9_UP_IRQHandler
                0x0000000000000344                USART3_IRQHandler
                0x0000000000000344                RTC_IRQHandler
                0x0000000000000344                DMA1_Channel7_IRQHandler
                0x0000000000000344                LED_IRQHandler
                0x0000000000000344                CAN1_RX1_IRQHandler
                0x0000000000000344                DVP_IRQHandler
                0x0000000000000344                UART5_IRQHandler
                0x0000000000000344                USBSS_IRQHandler
                0x0000000000000344                SWPMI_IRQHandler
                0x0000000000000344                USBPDWakeUp_IRQHandler
                0x0000000000000344                EXTI15_8_IRQHandler
                0x0000000000000344                TIM4_IRQHandler
                0x0000000000000344                DMA2_Channel1_IRQHandler
                0x0000000000000344                SWPMI_WKUP_IRQHandler
                0x0000000000000344                USBPD_WKUP_IRQHandler
                0x0000000000000344                I2C1_EV_IRQHandler
                0x0000000000000344                USBSSWakeup_IRQHandler
                0x0000000000000344                UART2_IRQHandler
                0x0000000000000344                USART4_IRQHandler
                0x0000000000000344                PWMX_IRQHandler
                0x0000000000000344                DMA1_Channel6_IRQHandler
                0x0000000000000344                UART4_IRQHandler
                0x0000000000000344                DMA2_Channel4_IRQHandler
                0x0000000000000344                TIM3_IRQHandler
                0x0000000000000344                RCC_IRQHandler
                0x0000000000000344                TIM1_TRG_COM_IRQHandler
                0x0000000000000344                DMA1_Channel1_IRQHandler
                0x0000000000000344                DMA2_Channel7_IRQHandler
                0x0000000000000344                QSPI1_IRQHandler
                0x0000000000000344                EXTI15_10_IRQHandler
                0x0000000000000344                ADC_IRQHandler
                0x0000000000000344                IPC_CH3_Handler
                0x0000000000000344                DMA1_Channel8_IRQHandler
                0x0000000000000344                I3C_EV_IRQHandler
                0x0000000000000344                TMR2_IRQHandler
                0x0000000000000344                I3C_WKUP_IRQHandler
                0x0000000000000344                DefaultIRQHandler
                0x0000000000000344                TIM12_IRQHandler
                0x0000000000000344                TIM7_IRQHandler
                0x0000000000000344                CAN2_TX_IRQHandler
                0x0000000000000344                TIM5_IRQHandler
                0x0000000000000344                I2C3_EV_IRQHandler
                0x0000000000000344                USB_IRQHandler
                0x0000000000000344                EXTI9_5_IRQHandler
                0x0000000000000344                PIOC_IRQHandler
                0x0000000000000344                TIM9_IRQHandler
                0x0000000000000344                LTDC_IRQHandler
                0x0000000000000344                SAI_IRQHandler
                0x0000000000000344                SPI2_IRQHandler
                0x0000000000000344                OSC32KCal_IRQHandler
                0x0000000000000344                IPC_CH1_Handler
                0x0000000000000344                I2C_IRQHandler
                0x0000000000000344                LPTIM1_WKUP_IRQHandler
                0x0000000000000344                TIM10_BRK_IRQHandler
                0x0000000000000344                TIM9_CC_IRQHandler
                0x0000000000000344                CAN1_TX_IRQHandler
                0x0000000000000344                DMA2_Channel5_IRQHandler
                0x0000000000000344                USB2_IRQHandler
                0x0000000000000344                USBHSWakeUp_IRQHandler
                0x0000000000000344                DMA1_Channel5_IRQHandler
                0x0000000000000344                EXTI4_IRQHandler
                0x0000000000000344                USB_LP_CAN1_RX0_IRQHandler
                0x0000000000000344                QSPI2_IRQHandler
                0x0000000000000344                RNG_IRQHandler
                0x0000000000000344                USB_HP_CAN1_TX_IRQHandler
                0x0000000000000344                CMPWakeUp_IRQHandler
                0x0000000000000344                DMA1_Channel3_IRQHandler
                0x0000000000000344                FSMC_IRQHandler
                0x0000000000000344                ETH_IRQHandler
                0x0000000000000344                TIM1_UP_IRQHandler
                0x0000000000000344                LPTIMWakeUp_IRQHandler
                0x0000000000000344                WWDG_IRQHandler
                0x0000000000000344                USBHSWakeup_IRQHandler
                0x0000000000000344                DMA2_Channel11_IRQHandler
                0x0000000000000344                WDOG_BAT_IRQHandler
                0x0000000000000344                Ecall_U_Mode_Handler
                0x0000000000000344                I2C4_EV_IRQHandler
                0x0000000000000344                CAN3_TX_IRQHandler
                0x0000000000000344                TMR3_IRQHandler
                0x0000000000000344                DMA2_Channel6_IRQHandler
                0x0000000000000344                TIM2_IRQHandler
                0x0000000000000344                SW_Handler
                0x0000000000000344                TIM1_BRK_IRQHandler
                0x0000000000000344                GPHA_IRQHandler
                0x0000000000000344                OPA_IRQHandler
                0x0000000000000344                DMA2_Channel10_IRQHandler
                0x0000000000000344                EXTI1_IRQHandler
                0x0000000000000344                SPI0_IRQHandler
                0x0000000000000344                USB2_HOST_IRQHandler
                0x0000000000000344                LPTIM2_WKUP_IRQHandler
                0x0000000000000344                RTCAlarm_IRQHandler
                0x0000000000000344                TIM11_IRQHandler
                0x0000000000000344                TIM10_UP_IRQHandler
                0x0000000000000344                TIM9_TRG_COM_IRQHandler
                0x0000000000000344                UART7_IRQHandler
                0x0000000000000344                USART2_IRQHandler
                0x0000000000000344                UART6_IRQHandler
                0x0000000000000344                UHSIF_IRQHandler
                0x0000000000000344                ETHWakeUp_IRQHandler
                0x0000000000000344                I2C2_ER_IRQHandler
                0x0000000000000344                DMA1_Channel2_IRQHandler
                0x0000000000000344                TIM8_BRK_IRQHandler
                0x0000000000000344                TIM2_TRG_IRQHandler
                0x0000000000000344                CAN1_SCE_IRQHandler
                0x0000000000000344                FLASH_IRQHandler
                0x0000000000000344                USBFSWakeUp_IRQHandler
                0x0000000000000344                USART1_IRQHandler
                0x0000000000000344                OTG_FS_IRQHandler
                0x0000000000000344                SPI3_IRQHandler
                0x0000000000000344                USBFS_WakeUp_IRQHandler
                0x0000000000000344                UART3_IRQHandler
                0x0000000000000344                I2C1_ER_IRQHandler
                0x0000000000000344                FMC_IRQHandler
                0x0000000000000344                USB2_DEVICE_IRQHandler
                0x0000000000000344                LPTIM1_IRQHandler
                0x0000000000000344                DFSDM1_IRQHandler
                0x0000000000000344                TMR1_IRQHandler
                0x0000000000000344                I2C4_ER_IRQHandler
                0x0000000000000344                SERDES_IRQHandler
                0x0000000000000344                USBSS_LINK_IRQHandler
                0x0000000000000344                USBWakeUp_IRQHandler
                0x0000000000000344                DMA2_Channel3_IRQHandler
 .text.strlen   0x0000000000000394       0x12 C:\Users\LRNA\AppData\Local\Temp\receiver.elf.CzNEJk.ltrans0.ltrans.o
                0x0000000000000394                strlen
 .text.memset   0x00000000000003a6       0x12 C:\Users\LRNA\AppData\Local\Temp\receiver.elf.CzNEJk.ltrans0.ltrans.o
                0x00000000000003a6                memset
 .text.strcpy   0x00000000000003b8       0x14 C:\Users\LRNA\AppData\Local\Temp\receiver.elf.CzNEJk.ltrans0.ltrans.o
                0x00000000000003b8                strcpy
 .text.strncmp  0x00000000000003cc       0x2e C:\Users\LRNA\AppData\Local\Temp\receiver.elf.CzNEJk.ltrans0.ltrans.o
                0x00000000000003cc                strncmp
 .text.memcpy   0x00000000000003fa       0x1c C:\Users\LRNA\AppData\Local\Temp\receiver.elf.CzNEJk.ltrans0.ltrans.o
                0x00000000000003fa                memcpy
 .text.puts     0x0000000000000416       0x2c C:\Users\LRNA\AppData\Local\Temp\receiver.elf.CzNEJk.ltrans0.ltrans.o
                0x0000000000000416                puts
 .text.SystemInit
                0x0000000000000442       0x78 C:\Users\LRNA\AppData\Local\Temp\receiver.elf.CzNEJk.ltrans0.ltrans.o
                0x0000000000000442                SystemInit
 .text.startup.main
                0x00000000000004ba      0x6da C:\Users\LRNA\AppData\Local\Temp\receiver.elf.CzNEJk.ltrans0.ltrans.o
                0x00000000000004ba                main
 .text.LLE_IRQHandler
                0x0000000000000b94       0x8e C:\Users\LRNA\AppData\Local\Temp\receiver.elf.CzNEJk.ltrans0.ltrans.o
 *(.rodata)
 *(.rodata*)
 *fill*         0x0000000000000c22        0x2 
 .rodata.puts.str1.4
                0x0000000000000c24        0x2 C:\Users\LRNA\AppData\Local\Temp\receiver.elf.CzNEJk.ltrans0.ltrans.o
 *fill*         0x0000000000000c26        0x2 
 .rodata.main.str1.4
                0x0000000000000c28       0x21 C:\Users\LRNA\AppData\Local\Temp\receiver.elf.CzNEJk.ltrans0.ltrans.o
 *fill*         0x0000000000000c49        0x3 
 .rodata.channel_map
                0x0000000000000c4c       0x28 C:\Users\LRNA\AppData\Local\Temp\receiver.elf.CzNEJk.ltrans0.ltrans.o
 *(.gnu.linkonce.t.*)
                0x0000000000000c74                . = ALIGN (0x4)

.rela.dyn       0x0000000000000c74        0x0
 .rela.text._write.constprop.0
                0x0000000000000c74        0x0 C:\Users\LRNA\AppData\Local\Temp\receiver.elf.CzNEJk.ltrans0.ltrans.o
 .rela.text.handle_reset
                0x0000000000000c74        0x0 C:\Users\LRNA\AppData\Local\Temp\receiver.elf.CzNEJk.ltrans0.ltrans.o
 .rela.text.puts
                0x0000000000000c74        0x0 C:\Users\LRNA\AppData\Local\Temp\receiver.elf.CzNEJk.ltrans0.ltrans.o
 .rela.text.startup.main
                0x0000000000000c74        0x0 C:\Users\LRNA\AppData\Local\Temp\receiver.elf.CzNEJk.ltrans0.ltrans.o

.fini           0x0000000000000c74        0x0
 *(SORT_NONE(.fini))
                0x0000000000000c74                . = ALIGN (0x4)
                [!provide]                        PROVIDE (_etext = .)
                [!provide]                        PROVIDE (_eitcm = .)

.preinit_array  0x0000000000000c74        0x0
                [!provide]                        PROVIDE (__preinit_array_start = .)
 *(.preinit_array)
                [!provide]                        PROVIDE (__preinit_array_end = .)

.init_array     0x0000000000000c74        0x0
                0x0000000000000c74                PROVIDE (__init_array_start = .)
 *(SORT_BY_INIT_PRIORITY(.init_array.*) SORT_BY_INIT_PRIORITY(.ctors.*))
 *(.init_array EXCLUDE_FILE(*crtend?.o *crtend.o *crtbegin?.o *crtbegin.o) .ctors)
                0x0000000000000c74                PROVIDE (__init_array_end = .)

.fini_array     0x0000000000000c74        0x0
                [!provide]                        PROVIDE (__fini_array_start = .)
 *(SORT_BY_INIT_PRIORITY(.fini_array.*) SORT_BY_INIT_PRIORITY(.dtors.*))
 *(.fini_array EXCLUDE_FILE(*crtend?.o *crtend.o *crtbegin?.o *crtbegin.o) .dtors)
                [!provide]                        PROVIDE (__fini_array_end = .)

.ctors
 *crtbegin.o(.ctors)
 *crtbegin?.o(.ctors)
 *(EXCLUDE_FILE(*crtend?.o *crtend.o) .ctors)
 *(SORT_BY_NAME(.ctors.*))
 *(.ctors)

.dtors
 *crtbegin.o(.dtors)
 *crtbegin?.o(.dtors)
 *(EXCLUDE_FILE(*crtend?.o *crtend.o) .dtors)
 *(SORT_BY_NAME(.dtors.*))
 *(.dtors)

.dalign         0x0000000020000000        0x0 load address 0x0000000000000c74
                0x0000000020000000                . = ALIGN (0x4)
                0x0000000020000000                PROVIDE (_data_vma = .)

.dlalign        0x0000000000000c74        0x0
                0x0000000000000c74                . = ALIGN (0x4)
                0x0000000000000c74                PROVIDE (_data_lma = .)

.data           0x0000000020000000        0x0 load address 0x0000000000000c74
                0x0000000020000000                . = ALIGN (0x4)
                0x00000000200003fc                __global_pointer$ = (. + 0x3fc)
 *(.gnu.linkonce.r.*)
 *(.data .data.*)
 *(.gnu.linkonce.d.*)
                0x0000000020000000                . = ALIGN (0x8)
 *(.sdata .sdata.*)
 *(.sdata2*)
 *(.gnu.linkonce.s.*)
                0x0000000020000000                . = ALIGN (0x8)
 *(.srodata.cst16)
 *(.srodata.cst8)
 *(.srodata.cst4)
 *(.srodata.cst2)
 *(.srodata .srodata.*)
                0x0000000020000000                . = ALIGN (0x4)
                0x0000000020000000                PROVIDE (_edata = .)

.bss            0x0000000020000000      0x48c load address 0x0000000000000c74
                0x0000000020000000                . = ALIGN (0x4)
                0x0000000020000000                PROVIDE (_sbss = .)
 *(.sbss*)
 .sbss.rx_ready
                0x0000000020000000        0x4 C:\Users\LRNA\AppData\Local\Temp\receiver.elf.CzNEJk.ltrans0.ltrans.o
 .sbss.tuneFilter
                0x0000000020000004        0x4 C:\Users\LRNA\AppData\Local\Temp\receiver.elf.CzNEJk.ltrans0.ltrans.o
 .sbss.tuneFilter2M
                0x0000000020000008        0x4 C:\Users\LRNA\AppData\Local\Temp\receiver.elf.CzNEJk.ltrans0.ltrans.o
 *(.gnu.linkonce.sb.*)
 *(.bss*)
 .bss.LLE_BUF   0x000000002000000c      0x440 C:\Users\LRNA\AppData\Local\Temp\receiver.elf.CzNEJk.ltrans0.ltrans.o
 .bss.rx_data   0x000000002000044c       0x20 C:\Users\LRNA\AppData\Local\Temp\receiver.elf.CzNEJk.ltrans0.ltrans.o
 .bss.tx_data   0x000000002000046c       0x20 C:\Users\LRNA\AppData\Local\Temp\receiver.elf.CzNEJk.ltrans0.ltrans.o
 *(.gnu.linkonce.b.*)
 *(COMMON*)
                0x000000002000048c                . = ALIGN (0x4)
                0x000000002000048c                PROVIDE (_ebss = .)
                [!provide]                        PROVIDE (_end = _ebss)
                [!provide]                        PROVIDE (end = .)
                0x0000000020003000                PROVIDE (_eusrstack = (ORIGIN (RAM) + LENGTH (RAM)))

/DISCARD/
 *(.note .note.*)
 *(.eh_frame .eh_frame.*)
 *(.comment .comment.*)
 *(.ARM.extab* .gnu.linkonce.armextab.*)
 *(.ARM.exidx*)
OUTPUT(receiver.elf elf32-littleriscv)

.riscv.attributes
                0x0000000000000000       0x2b
 .riscv.attributes
                0x0000000000000000       0x2b C:\Users\LRNA\AppData\Local\Temp\receiver.elf.CzNEJk.ltrans0.ltrans.o

.debug_info     0x0000000000000000     0x334a
 .debug_info    0x0000000000000000     0x14c3 C:\Users\LRNA\AppData\Local\Temp\receiver.elf.CzNEJk.ltrans0.ltrans.o
 .debug_info    0x00000000000014c3      0xff6 C:\Users\LRNA\AppData\Local\Temp\ccZItzky.debug.temp.o
                0x00000000000014c3                ch32fun.c.f59297d2
 .debug_info    0x00000000000024b9       0xfb C:\Users\LRNA\AppData\Local\Temp\ccQQZpLB.debug.temp.o
                0x00000000000024b9                receiver.c.a44543ec
 .debug_info    0x00000000000025b4      0xd96 C:\Users\LRNA\AppData\Local\Temp\ccxXtaeF.debug.temp.o
                0x00000000000025b4                radio.c.aaa41e85

.debug_abbrev   0x0000000000000000      0x7c2
 .debug_abbrev  0x0000000000000000      0x22c C:\Users\LRNA\AppData\Local\Temp\receiver.elf.CzNEJk.ltrans0.ltrans.o
 .debug_abbrev  0x000000000000022c      0x2b7 C:\Users\LRNA\AppData\Local\Temp\ccZItzky.debug.temp.o
 .debug_abbrev  0x00000000000004e3       0x99 C:\Users\LRNA\AppData\Local\Temp\ccQQZpLB.debug.temp.o
 .debug_abbrev  0x000000000000057c      0x246 C:\Users\LRNA\AppData\Local\Temp\ccxXtaeF.debug.temp.o

.debug_loc      0x0000000000000000     0x2545
 .debug_loc     0x0000000000000000     0x2545 C:\Users\LRNA\AppData\Local\Temp\receiver.elf.CzNEJk.ltrans0.ltrans.o

.debug_aranges  0x0000000000000000      0x148
 .debug_aranges
                0x0000000000000000      0x148 C:\Users\LRNA\AppData\Local\Temp\receiver.elf.CzNEJk.ltrans0.ltrans.o

.debug_ranges   0x0000000000000000      0x5f0
 .debug_ranges  0x0000000000000000      0x5f0 C:\Users\LRNA\AppData\Local\Temp\receiver.elf.CzNEJk.ltrans0.ltrans.o

.debug_line     0x0000000000000000     0x3a77
 .debug_line    0x0000000000000000     0x36ca C:\Users\LRNA\AppData\Local\Temp\receiver.elf.CzNEJk.ltrans0.ltrans.o
 .debug_line    0x00000000000036ca      0x187 C:\Users\LRNA\AppData\Local\Temp\ccZItzky.debug.temp.o
 .debug_line    0x0000000000003851       0xd1 C:\Users\LRNA\AppData\Local\Temp\ccQQZpLB.debug.temp.o
 .debug_line    0x0000000000003922      0x155 C:\Users\LRNA\AppData\Local\Temp\ccxXtaeF.debug.temp.o

.debug_str      0x0000000000000000      0xdd3
 .debug_str     0x0000000000000000      0x17b C:\Users\LRNA\AppData\Local\Temp\receiver.elf.CzNEJk.ltrans0.ltrans.o
                                        0x1a5 (size before relaxing)
 .debug_str     0x000000000000017b      0x683 C:\Users\LRNA\AppData\Local\Temp\ccZItzky.debug.temp.o
                                        0x777 (size before relaxing)
 .debug_str     0x00000000000007fe       0x20 C:\Users\LRNA\AppData\Local\Temp\ccQQZpLB.debug.temp.o
                                        0x1ef (size before relaxing)
 .debug_str     0x000000000000081e      0x5b5 C:\Users\LRNA\AppData\Local\Temp\ccxXtaeF.debug.temp.o
                                        0x7e6 (size before relaxing)

.debug_frame    0x0000000000000000      0x470
 .debug_frame   0x0000000000000000      0x470 C:\Users\LRNA\AppData\Local\Temp\receiver.elf.CzNEJk.ltrans0.ltrans.o
