
Discarded input sections

 .text          0x0000000000000000        0x0 C:\Users\LRNA\AppData\Local\Temp\drv8835controller.elf.AUOGHR.ltrans0.ltrans.o
 .data          0x0000000000000000        0x0 C:\Users\LRNA\AppData\Local\Temp\drv8835controller.elf.AUOGHR.ltrans0.ltrans.o
 .bss           0x0000000000000000        0x0 C:\Users\LRNA\AppData\Local\Temp\drv8835controller.elf.AUOGHR.ltrans0.ltrans.o
 .text.mini_pad
                0x0000000000000000       0xa0 C:\Users\LRNA\AppData\Local\Temp\drv8835controller.elf.AUOGHR.ltrans0.ltrans.o
 .text._puts    0x0000000000000000       0x42 C:\Users\LRNA\AppData\Local\Temp\drv8835controller.elf.AUOGHR.ltrans0.ltrans.o
 .text.mini_itoa.part.0
                0x0000000000000000       0x8e C:\Users\LRNA\AppData\Local\Temp\drv8835controller.elf.AUOGHR.ltrans0.ltrans.o
 .text.__puts_uart
                0x0000000000000000       0x20 C:\Users\LRNA\AppData\Local\Temp\drv8835controller.elf.AUOGHR.ltrans0.ltrans.o
 .text.strlen   0x0000000000000000       0x12 C:\Users\LRNA\AppData\Local\Temp\drv8835controller.elf.AUOGHR.ltrans0.ltrans.o
 .text.mini_vpprintf
                0x0000000000000000      0x1d6 C:\Users\LRNA\AppData\Local\Temp\drv8835controller.elf.AUOGHR.ltrans0.ltrans.o
 .text.printf   0x0000000000000000       0x30 C:\Users\LRNA\AppData\Local\Temp\drv8835controller.elf.AUOGHR.ltrans0.ltrans.o
 .text.vprintf  0x0000000000000000       0x16 C:\Users\LRNA\AppData\Local\Temp\drv8835controller.elf.AUOGHR.ltrans0.ltrans.o
 .text.mini_vsnprintf
                0x0000000000000000       0x3a C:\Users\LRNA\AppData\Local\Temp\drv8835controller.elf.AUOGHR.ltrans0.ltrans.o
 .text.snprintf
                0x0000000000000000       0x20 C:\Users\LRNA\AppData\Local\Temp\drv8835controller.elf.AUOGHR.ltrans0.ltrans.o
 .text.sprintf  0x0000000000000000       0x2c C:\Users\LRNA\AppData\Local\Temp\drv8835controller.elf.AUOGHR.ltrans0.ltrans.o
 .text.strcpy   0x0000000000000000       0x14 C:\Users\LRNA\AppData\Local\Temp\drv8835controller.elf.AUOGHR.ltrans0.ltrans.o
 .text.strncpy  0x0000000000000000       0x1c C:\Users\LRNA\AppData\Local\Temp\drv8835controller.elf.AUOGHR.ltrans0.ltrans.o
 .text.strcmp   0x0000000000000000       0x1a C:\Users\LRNA\AppData\Local\Temp\drv8835controller.elf.AUOGHR.ltrans0.ltrans.o
 .text.strncmp  0x0000000000000000       0x2e C:\Users\LRNA\AppData\Local\Temp\drv8835controller.elf.AUOGHR.ltrans0.ltrans.o
 .text.strchr   0x0000000000000000       0x16 C:\Users\LRNA\AppData\Local\Temp\drv8835controller.elf.AUOGHR.ltrans0.ltrans.o
 .text.strrchr  0x0000000000000000       0x3c C:\Users\LRNA\AppData\Local\Temp\drv8835controller.elf.AUOGHR.ltrans0.ltrans.o
 .text.memcmp   0x0000000000000000       0x26 C:\Users\LRNA\AppData\Local\Temp\drv8835controller.elf.AUOGHR.ltrans0.ltrans.o
 .text.memmove  0x0000000000000000       0x5e C:\Users\LRNA\AppData\Local\Temp\drv8835controller.elf.AUOGHR.ltrans0.ltrans.o
 .text.memchr   0x0000000000000000       0x1c C:\Users\LRNA\AppData\Local\Temp\drv8835controller.elf.AUOGHR.ltrans0.ltrans.o
 .text.strnlen  0x0000000000000000       0x2a C:\Users\LRNA\AppData\Local\Temp\drv8835controller.elf.AUOGHR.ltrans0.ltrans.o
 .text.twoway_strstr
                0x0000000000000000      0x254 C:\Users\LRNA\AppData\Local\Temp\drv8835controller.elf.AUOGHR.ltrans0.ltrans.o
 .text.strstr   0x0000000000000000      0x13a C:\Users\LRNA\AppData\Local\Temp\drv8835controller.elf.AUOGHR.ltrans0.ltrans.o
 .rodata.puts.str1.4
                0x0000000000000000        0x2 C:\Users\LRNA\AppData\Local\Temp\drv8835controller.elf.AUOGHR.ltrans0.ltrans.o
 .text.puts     0x0000000000000000       0x40 C:\Users\LRNA\AppData\Local\Temp\drv8835controller.elf.AUOGHR.ltrans0.ltrans.o
 .sbss.usb_debug
                0x0000000000000000        0x1 C:\Users\LRNA\AppData\Local\Temp\drv8835controller.elf.AUOGHR.ltrans0.ltrans.o
 .comment       0x0000000000000000       0x13 C:\Users\LRNA\AppData\Local\Temp\drv8835controller.elf.AUOGHR.ltrans0.ltrans.o
 .comment       0x0000000000000000       0x13 C:\Users\LRNA\AppData\Local\Temp\ccEIq0di.debug.temp.o
 .comment       0x0000000000000000       0x13 C:\Users\LRNA\AppData\Local\Temp\ccqWSd34.debug.temp.o

Memory Configuration

Name             Origin             Length             Attributes
FLASH            0x0000000000000000 0x000000000003c000 xr
RAM              0x0000000020000000 0x0000000000003000 xrw
*default*        0x0000000000000000 0xffffffffffffffff

Linker script and memory map

LOAD C:\Users\LRNA\AppData\Local\Temp\cce8QvSX.o
LOAD C:\Users\LRNA\AppData\Local\Temp\drv8835controller.elf.AUOGHR.ltrans0.ltrans.o
LOAD C:\Users\LRNA\AppData\Local\Temp\ccEIq0di.debug.temp.o
LOAD C:\Users\LRNA\AppData\Local\Temp\ccqWSd34.debug.temp.o
LOAD C:\Users\LRNA\AppData\Local\Temp\ccGJqXPx.o
LOAD c:/sysgcc/risc-v/bin/../lib/gcc/riscv64-unknown-elf/10.1.0/rv32imac/ilp32\libgcc.a

.init           0x0000000000000000       0x90
                0x0000000000000000                _sinit = .
                0x0000000000000000                . = ALIGN (0x4)
 *(SORT_NONE(.init))
 .init          0x0000000000000000       0x90 C:\Users\LRNA\AppData\Local\Temp\drv8835controller.elf.AUOGHR.ltrans0.ltrans.o
                0x0000000000000000                InterruptVector
                0x0000000000000090                . = ALIGN (0x4)
                0x0000000000000090                _einit = .

.highcodelalign
                0x0000000000000090        0x0
                0x0000000000000090                . = ALIGN (0x4)
                0x0000000000000090                PROVIDE (_highcode_lma = .)

.highcode       0x0000000020000000      0x3ac load address 0x0000000000000090
                0x0000000020000000                . = ALIGN (0x4)
                0x0000000020000000                PROVIDE (_highcode_vma_start = .)
 *(.highcode*)
 .highcode      0x0000000020000000      0x3aa C:\Users\LRNA\AppData\Local\Temp\drv8835controller.elf.AUOGHR.ltrans0.ltrans.o
                0x0000000020000000                HandleDataOut
                0x00000000200000fc                iSLERRSSI
                0x000000002000010c                iSLERCRCOK
                0x0000000020000124                iSLERTX
                0x000000002000025e                iSLERRX
                0x00000000200003ac                . = ALIGN (0x4)
 *fill*         0x00000000200003aa        0x2 
                0x00000000200003ac                PROVIDE (_highcode_vma_end = .)

.text           0x000000000000043c      0xe14
                0x000000000000043c                . = ALIGN (0x4)
 *(.text)
 *(.text.*)
 .text.DelaySysTick
                0x000000000000043c       0x16 C:\Users\LRNA\AppData\Local\Temp\drv8835controller.elf.AUOGHR.ltrans0.ltrans.o
 .text.USBFS_InternalFinishSetup
                0x0000000000000452       0x54 C:\Users\LRNA\AppData\Local\Temp\drv8835controller.elf.AUOGHR.ltrans0.ltrans.o
 .text.DevSetMode
                0x00000000000004a6       0x52 C:\Users\LRNA\AppData\Local\Temp\drv8835controller.elf.AUOGHR.ltrans0.ltrans.o
 .text.RFEND_TXCTune
                0x00000000000004f8       0x8a C:\Users\LRNA\AppData\Local\Temp\drv8835controller.elf.AUOGHR.ltrans0.ltrans.o
 .text.DevSetChannel
                0x0000000000000582       0x22 C:\Users\LRNA\AppData\Local\Temp\drv8835controller.elf.AUOGHR.ltrans0.ltrans.o
 .text.blink    0x00000000000005a4       0x5a C:\Users\LRNA\AppData\Local\Temp\drv8835controller.elf.AUOGHR.ltrans0.ltrans.o
 .text.handle_reset
                0x00000000000005fe       0xac C:\Users\LRNA\AppData\Local\Temp\drv8835controller.elf.AUOGHR.ltrans0.ltrans.o
                0x00000000000005fe                handle_reset
 .text.vector_handler
                0x00000000000006aa      0x472 C:\Users\LRNA\AppData\Local\Temp\drv8835controller.elf.AUOGHR.ltrans0.ltrans.o
                0x00000000000006aa                EXTI2_IRQHandler
                0x00000000000006aa                TIM8_TRG_COM_IRQHandler
                0x00000000000006aa                TIM8_CC_IRQHandler
                0x00000000000006aa                USART_WKUP_IRQHandler
                0x00000000000006aa                UART8_IRQHandler
                0x00000000000006aa                SPI4_IRQHandler
                0x00000000000006aa                NFC_IRQHandler
                0x00000000000006aa                DFSDM0_IRQHandler
                0x00000000000006aa                TIM1_CC_IRQHandler
                0x00000000000006aa                HardFault_Handler
                0x00000000000006aa                TIM10_IRQHandler
                0x00000000000006aa                GPIOB_IRQHandler
                0x00000000000006aa                IPC_CH2_Handler
                0x00000000000006aa                USBPD_IRQHandler
                0x00000000000006aa                TIM6_IRQHandler
                0x00000000000006aa                GPIOA_IRQHandler
                0x00000000000006aa                SysTick_Handler
                0x00000000000006aa                CAN3_RX1_IRQHandler
                0x00000000000006aa                I3C_ER_IRQHandler
                0x00000000000006aa                PVD_IRQHandler
                0x00000000000006aa                SDIO_IRQHandler
                0x00000000000006aa                TIM9_BRK_IRQHandler
                0x00000000000006aa                DMA2_Channel8_IRQHandler
                0x00000000000006aa                NMI_Handler
                0x00000000000006aa                CAN2_RX1_IRQHandler
                0x00000000000006aa                EXTI3_IRQHandler
                0x00000000000006aa                HSEM_Handler
                0x00000000000006aa                UART1_IRQHandler
                0x00000000000006aa                USBHS_IRQHandler
                0x00000000000006aa                LPTIM2_IRQHandler
                0x00000000000006aa                DMA2_Channel9_IRQHandler
                0x00000000000006aa                TIM10_CC_IRQHandler
                0x00000000000006aa                EXTI25_16_IRQHandler
                0x00000000000006aa                I2C3_ER_IRQHandler
                0x00000000000006aa                USBFS_IRQHandler
                0x00000000000006aa                UART0_IRQHandler
                0x00000000000006aa                USART8_IRQHandler
                0x00000000000006aa                EXTI0_IRQHandler
                0x00000000000006aa                I2C2_EV_IRQHandler
                0x00000000000006aa                TIM10_TRG_COM_IRQHandler
                0x00000000000006aa                LPTIM_IRQHandler
                0x00000000000006aa                CAN1_RX0_IRQHandler
                0x00000000000006aa                CAN3_SCE_IRQHandler
                0x00000000000006aa                CAN2_SCE_IRQHandler
                0x00000000000006aa                ADC1_2_IRQHandler
                0x00000000000006aa                BB_IRQHandler
                0x00000000000006aa                Break_Point_Handler
                0x00000000000006aa                IPC_CH0_Handler
                0x00000000000006aa                TIM2_CC_IRQHandler
                0x00000000000006aa                SPI1_IRQHandler
                0x00000000000006aa                USART5_IRQHandler
                0x00000000000006aa                TAMPER_IRQHandler
                0x00000000000006aa                TMR0_IRQHandler
                0x00000000000006aa                AWU_IRQHandler
                0x00000000000006aa                EXTI7_0_IRQHandler
                0x00000000000006aa                CAN2_RX0_IRQHandler
                0x00000000000006aa                OSCWakeUp_IRQHandler
                0x00000000000006aa                TIM8_UP_IRQHandler
                0x00000000000006aa                Ecall_M_Mode_Handler
                0x00000000000006aa                ECDC_IRQHandler
                0x00000000000006aa                SDMMC_IRQHandler
                0x00000000000006aa                USART7_IRQHandler
                0x00000000000006aa                DMA2_Channel2_IRQHandler
                0x00000000000006aa                DMA1_Channel4_IRQHandler
                0x00000000000006aa                ADC1_IRQHandler
                0x00000000000006aa                TIM2_BRK_IRQHandler
                0x00000000000006aa                USART6_IRQHandler
                0x00000000000006aa                CAN3_RX0_IRQHandler
                0x00000000000006aa                HSADC_IRQHandler
                0x00000000000006aa                TIM9_UP_IRQHandler
                0x00000000000006aa                USART3_IRQHandler
                0x00000000000006aa                RTC_IRQHandler
                0x00000000000006aa                DMA1_Channel7_IRQHandler
                0x00000000000006aa                LED_IRQHandler
                0x00000000000006aa                CAN1_RX1_IRQHandler
                0x00000000000006aa                DVP_IRQHandler
                0x00000000000006aa                UART5_IRQHandler
                0x00000000000006aa                USBSS_IRQHandler
                0x00000000000006aa                SWPMI_IRQHandler
                0x00000000000006aa                USBPDWakeUp_IRQHandler
                0x00000000000006aa                EXTI15_8_IRQHandler
                0x00000000000006aa                TIM4_IRQHandler
                0x00000000000006aa                DMA2_Channel1_IRQHandler
                0x00000000000006aa                SWPMI_WKUP_IRQHandler
                0x00000000000006aa                USBPD_WKUP_IRQHandler
                0x00000000000006aa                I2C1_EV_IRQHandler
                0x00000000000006aa                USBSSWakeup_IRQHandler
                0x00000000000006aa                UART2_IRQHandler
                0x00000000000006aa                USART4_IRQHandler
                0x00000000000006aa                PWMX_IRQHandler
                0x00000000000006aa                DMA1_Channel6_IRQHandler
                0x00000000000006aa                UART4_IRQHandler
                0x00000000000006aa                DMA2_Channel4_IRQHandler
                0x00000000000006aa                TIM3_IRQHandler
                0x00000000000006aa                RCC_IRQHandler
                0x00000000000006aa                TIM1_TRG_COM_IRQHandler
                0x00000000000006aa                DMA1_Channel1_IRQHandler
                0x00000000000006aa                DMA2_Channel7_IRQHandler
                0x00000000000006aa                QSPI1_IRQHandler
                0x00000000000006aa                EXTI15_10_IRQHandler
                0x00000000000006aa                ADC_IRQHandler
                0x00000000000006aa                IPC_CH3_Handler
                0x00000000000006aa                DMA1_Channel8_IRQHandler
                0x00000000000006aa                I3C_EV_IRQHandler
                0x00000000000006aa                TMR2_IRQHandler
                0x00000000000006aa                I3C_WKUP_IRQHandler
                0x00000000000006aa                DefaultIRQHandler
                0x00000000000006aa                TIM12_IRQHandler
                0x00000000000006aa                TIM7_IRQHandler
                0x00000000000006aa                CAN2_TX_IRQHandler
                0x00000000000006aa                TIM5_IRQHandler
                0x00000000000006aa                I2C3_EV_IRQHandler
                0x00000000000006aa                EXTI9_5_IRQHandler
                0x00000000000006aa                PIOC_IRQHandler
                0x00000000000006aa                TIM9_IRQHandler
                0x00000000000006aa                LTDC_IRQHandler
                0x00000000000006aa                SAI_IRQHandler
                0x00000000000006aa                SPI2_IRQHandler
                0x00000000000006aa                OSC32KCal_IRQHandler
                0x00000000000006aa                IPC_CH1_Handler
                0x00000000000006aa                I2C_IRQHandler
                0x00000000000006aa                LPTIM1_WKUP_IRQHandler
                0x00000000000006aa                TIM10_BRK_IRQHandler
                0x00000000000006aa                TIM9_CC_IRQHandler
                0x00000000000006aa                CAN1_TX_IRQHandler
                0x00000000000006aa                DMA2_Channel5_IRQHandler
                0x00000000000006aa                USB2_IRQHandler
                0x00000000000006aa                USBHSWakeUp_IRQHandler
                0x00000000000006aa                DMA1_Channel5_IRQHandler
                0x00000000000006aa                EXTI4_IRQHandler
                0x00000000000006aa                USB_LP_CAN1_RX0_IRQHandler
                0x00000000000006aa                QSPI2_IRQHandler
                0x00000000000006aa                RNG_IRQHandler
                0x00000000000006aa                USB_HP_CAN1_TX_IRQHandler
                0x00000000000006aa                CMPWakeUp_IRQHandler
                0x00000000000006aa                DMA1_Channel3_IRQHandler
                0x00000000000006aa                FSMC_IRQHandler
                0x00000000000006aa                ETH_IRQHandler
                0x00000000000006aa                TIM1_UP_IRQHandler
                0x00000000000006aa                LPTIMWakeUp_IRQHandler
                0x00000000000006aa                WWDG_IRQHandler
                0x00000000000006aa                USBHSWakeup_IRQHandler
                0x00000000000006aa                DMA2_Channel11_IRQHandler
                0x00000000000006aa                WDOG_BAT_IRQHandler
                0x00000000000006aa                Ecall_U_Mode_Handler
                0x00000000000006aa                I2C4_EV_IRQHandler
                0x00000000000006aa                CAN3_TX_IRQHandler
                0x00000000000006aa                TMR3_IRQHandler
                0x00000000000006aa                DMA2_Channel6_IRQHandler
                0x00000000000006aa                TIM2_IRQHandler
                0x00000000000006aa                SW_Handler
                0x00000000000006aa                TIM1_BRK_IRQHandler
                0x00000000000006aa                GPHA_IRQHandler
                0x00000000000006aa                OPA_IRQHandler
                0x00000000000006aa                DMA2_Channel10_IRQHandler
                0x00000000000006aa                EXTI1_IRQHandler
                0x00000000000006aa                SPI0_IRQHandler
                0x00000000000006aa                USB2_HOST_IRQHandler
                0x00000000000006aa                LPTIM2_WKUP_IRQHandler
                0x00000000000006aa                RTCAlarm_IRQHandler
                0x00000000000006aa                TIM11_IRQHandler
                0x00000000000006aa                TIM10_UP_IRQHandler
                0x00000000000006aa                TIM9_TRG_COM_IRQHandler
                0x00000000000006aa                UART7_IRQHandler
                0x00000000000006aa                USART2_IRQHandler
                0x00000000000006aa                UART6_IRQHandler
                0x00000000000006aa                UHSIF_IRQHandler
                0x00000000000006aa                ETHWakeUp_IRQHandler
                0x00000000000006aa                I2C2_ER_IRQHandler
                0x00000000000006aa                DMA1_Channel2_IRQHandler
                0x00000000000006aa                TIM8_BRK_IRQHandler
                0x00000000000006aa                TIM2_TRG_IRQHandler
                0x00000000000006aa                CAN1_SCE_IRQHandler
                0x00000000000006aa                FLASH_IRQHandler
                0x00000000000006aa                USBFSWakeUp_IRQHandler
                0x00000000000006aa                USART1_IRQHandler
                0x00000000000006aa                OTG_FS_IRQHandler
                0x00000000000006aa                SPI3_IRQHandler
                0x00000000000006aa                USBFS_WakeUp_IRQHandler
                0x00000000000006aa                UART3_IRQHandler
                0x00000000000006aa                I2C1_ER_IRQHandler
                0x00000000000006aa                FMC_IRQHandler
                0x00000000000006aa                USB2_DEVICE_IRQHandler
                0x00000000000006aa                LPTIM1_IRQHandler
                0x00000000000006aa                DFSDM1_IRQHandler
                0x00000000000006aa                TMR1_IRQHandler
                0x00000000000006aa                I2C4_ER_IRQHandler
                0x00000000000006aa                SERDES_IRQHandler
                0x00000000000006aa                USBSS_LINK_IRQHandler
                0x00000000000006aa                USBWakeUp_IRQHandler
                0x00000000000006aa                DMA2_Channel3_IRQHandler
 .text.memset   0x0000000000000b1c       0x12 C:\Users\LRNA\AppData\Local\Temp\drv8835controller.elf.AUOGHR.ltrans0.ltrans.o
                0x0000000000000b1c                memset
 .text.memcpy   0x0000000000000b2e       0x1c C:\Users\LRNA\AppData\Local\Temp\drv8835controller.elf.AUOGHR.ltrans0.ltrans.o
                0x0000000000000b2e                memcpy
 .text.SystemInit
                0x0000000000000b4a       0x68 C:\Users\LRNA\AppData\Local\Temp\drv8835controller.elf.AUOGHR.ltrans0.ltrans.o
                0x0000000000000b4a                SystemInit
 .text.LLE_IRQHandler
                0x0000000000000bb2       0x9c C:\Users\LRNA\AppData\Local\Temp\drv8835controller.elf.AUOGHR.ltrans0.ltrans.o
 .text.startup.main
                0x0000000000000c4e      0x4f0 C:\Users\LRNA\AppData\Local\Temp\drv8835controller.elf.AUOGHR.ltrans0.ltrans.o
                0x0000000000000c4e                main
 *(.rodata)
 *fill*         0x000000000000113e        0x2 
 .rodata        0x0000000000001140       0x3c C:\Users\LRNA\AppData\Local\Temp\drv8835controller.elf.AUOGHR.ltrans0.ltrans.o
 *(.rodata*)
 .rodata.vector_handler
                0x000000000000117c       0x30 C:\Users\LRNA\AppData\Local\Temp\drv8835controller.elf.AUOGHR.ltrans0.ltrans.o
 .rodata.channel_map
                0x00000000000011ac       0x28 C:\Users\LRNA\AppData\Local\Temp\drv8835controller.elf.AUOGHR.ltrans0.ltrans.o
 .rodata.config_descriptor
                0x00000000000011d4       0x20 C:\Users\LRNA\AppData\Local\Temp\drv8835controller.elf.AUOGHR.ltrans0.ltrans.o
 .rodata.descriptor_list
                0x00000000000011f4       0x48 C:\Users\LRNA\AppData\Local\Temp\drv8835controller.elf.AUOGHR.ltrans0.ltrans.o
 .rodata.device_descriptor
                0x000000000000123c       0x12 C:\Users\LRNA\AppData\Local\Temp\drv8835controller.elf.AUOGHR.ltrans0.ltrans.o
 *(.gnu.linkonce.t.*)
                0x0000000000001250                . = ALIGN (0x4)
 *fill*         0x000000000000124e        0x2 

.rela.dyn       0x0000000000001250        0x0
 .rela.text.handle_reset
                0x0000000000001250        0x0 C:\Users\LRNA\AppData\Local\Temp\drv8835controller.elf.AUOGHR.ltrans0.ltrans.o
 .rela.text.vector_handler
                0x0000000000001250        0x0 C:\Users\LRNA\AppData\Local\Temp\drv8835controller.elf.AUOGHR.ltrans0.ltrans.o
 .rela.highcode
                0x0000000000001250        0x0 C:\Users\LRNA\AppData\Local\Temp\drv8835controller.elf.AUOGHR.ltrans0.ltrans.o
 .rela.text.startup.main
                0x0000000000001250        0x0 C:\Users\LRNA\AppData\Local\Temp\drv8835controller.elf.AUOGHR.ltrans0.ltrans.o

.fini           0x0000000000001250        0x0
 *(SORT_NONE(.fini))
                0x0000000000001250                . = ALIGN (0x4)
                [!provide]                        PROVIDE (_etext = .)
                [!provide]                        PROVIDE (_eitcm = .)

.preinit_array  0x0000000000001250        0x0
                [!provide]                        PROVIDE (__preinit_array_start = .)
 *(.preinit_array)
                [!provide]                        PROVIDE (__preinit_array_end = .)

.init_array     0x0000000000001250        0x0
                [!provide]                        PROVIDE (__init_array_start = .)
 *(SORT_BY_INIT_PRIORITY(.init_array.*) SORT_BY_INIT_PRIORITY(.ctors.*))
 *(.init_array EXCLUDE_FILE(*crtend?.o *crtend.o *crtbegin?.o *crtbegin.o) .ctors)
                [!provide]                        PROVIDE (__init_array_end = .)

.fini_array     0x0000000000001250        0x0
                [!provide]                        PROVIDE (__fini_array_start = .)
 *(SORT_BY_INIT_PRIORITY(.fini_array.*) SORT_BY_INIT_PRIORITY(.dtors.*))
 *(.fini_array EXCLUDE_FILE(*crtend?.o *crtend.o *crtbegin?.o *crtbegin.o) .dtors)
                [!provide]                        PROVIDE (__fini_array_end = .)

.ctors
 *crtbegin.o(.ctors)
 *crtbegin?.o(.ctors)
 *(EXCLUDE_FILE(*crtend?.o *crtend.o) .ctors)
 *(SORT_BY_NAME(.ctors.*))
 *(.ctors)

.dtors
 *crtbegin.o(.dtors)
 *crtbegin?.o(.dtors)
 *(EXCLUDE_FILE(*crtend?.o *crtend.o) .dtors)
 *(SORT_BY_NAME(.dtors.*))
 *(.dtors)

.dalign         0x00000000200003ac        0x0 load address 0x0000000000001250
                0x00000000200003ac                . = ALIGN (0x4)
                0x00000000200003ac                PROVIDE (_data_vma = .)

.dlalign        0x0000000000001250        0x0
                0x0000000000001250                . = ALIGN (0x4)
                0x0000000000001250                PROVIDE (_data_lma = .)

.data           0x00000000200003ac        0x4 load address 0x0000000000001250
                0x00000000200003ac                . = ALIGN (0x4)
                0x00000000200007a8                __global_pointer$ = (. + 0x3fc)
 *(.gnu.linkonce.r.*)
 *(.data .data.*)
 *(.gnu.linkonce.d.*)
                0x00000000200003b0                . = ALIGN (0x8)
 *fill*         0x00000000200003ac        0x4 
 *(.sdata .sdata.*)
 *(.sdata2*)
 *(.gnu.linkonce.s.*)
                0x00000000200003b0                . = ALIGN (0x8)
 *(.srodata.cst16)
 *(.srodata.cst8)
 *(.srodata.cst4)
 *(.srodata.cst2)
 *(.srodata .srodata.*)
                0x00000000200003b0                . = ALIGN (0x4)
                0x00000000200003b0                PROVIDE (_edata = .)

.bss            0x00000000200003b0      0x570 load address 0x0000000000001250
                0x00000000200003b0                . = ALIGN (0x4)
                0x00000000200003b0                PROVIDE (_sbss = .)
 *(.sbss*)
 .sbss.rx_ready
                0x00000000200003b0        0x4 C:\Users\LRNA\AppData\Local\Temp\drv8835controller.elf.AUOGHR.ltrans0.ltrans.o
 .sbss.tuneFilter
                0x00000000200003b4        0x4 C:\Users\LRNA\AppData\Local\Temp\drv8835controller.elf.AUOGHR.ltrans0.ltrans.o
 .sbss.tuneFilter2M
                0x00000000200003b8        0x4 C:\Users\LRNA\AppData\Local\Temp\drv8835controller.elf.AUOGHR.ltrans0.ltrans.o
 *(.gnu.linkonce.sb.*)
 *(.bss*)
 .bss.LLE_BUF   0x00000000200003bc      0x440 C:\Users\LRNA\AppData\Local\Temp\drv8835controller.elf.AUOGHR.ltrans0.ltrans.o
 .bss.USBFSCTX  0x00000000200007fc       0xe4 C:\Users\LRNA\AppData\Local\Temp\drv8835controller.elf.AUOGHR.ltrans0.ltrans.o
 .bss.gs_usb_data_buf
                0x00000000200008e0       0x40 C:\Users\LRNA\AppData\Local\Temp\drv8835controller.elf.AUOGHR.ltrans0.ltrans.o
 *(.gnu.linkonce.b.*)
 *(COMMON*)
                0x0000000020000920                . = ALIGN (0x4)
                0x0000000020000920                PROVIDE (_ebss = .)
                [!provide]                        PROVIDE (_end = _ebss)
                [!provide]                        PROVIDE (end = .)
                0x0000000020003000                PROVIDE (_eusrstack = (ORIGIN (RAM) + LENGTH (RAM)))

/DISCARD/
 *(.note .note.*)
 *(.eh_frame .eh_frame.*)
 *(.comment .comment.*)
 *(.ARM.extab* .gnu.linkonce.armextab.*)
 *(.ARM.exidx*)
OUTPUT(drv8835controller.elf elf32-littleriscv)

.riscv.attributes
                0x0000000000000000       0x2b
 .riscv.attributes
                0x0000000000000000       0x2b C:\Users\LRNA\AppData\Local\Temp\drv8835controller.elf.AUOGHR.ltrans0.ltrans.o

.debug_info     0x0000000000000000     0x3b17
 .debug_info    0x0000000000000000     0x162c C:\Users\LRNA\AppData\Local\Temp\drv8835controller.elf.AUOGHR.ltrans0.ltrans.o
 .debug_info    0x000000000000162c      0xd4c C:\Users\LRNA\AppData\Local\Temp\ccEIq0di.debug.temp.o
                0x000000000000162c                ch32fun.c.beaf0083
 .debug_info    0x0000000000002378     0x179f C:\Users\LRNA\AppData\Local\Temp\ccqWSd34.debug.temp.o
                0x0000000000002378                drv8835controller.c.16e472a3

.debug_abbrev   0x0000000000000000      0x7b8
 .debug_abbrev  0x0000000000000000      0x1cf C:\Users\LRNA\AppData\Local\Temp\drv8835controller.elf.AUOGHR.ltrans0.ltrans.o
 .debug_abbrev  0x00000000000001cf      0x263 C:\Users\LRNA\AppData\Local\Temp\ccEIq0di.debug.temp.o
 .debug_abbrev  0x0000000000000432      0x386 C:\Users\LRNA\AppData\Local\Temp\ccqWSd34.debug.temp.o

.debug_loc      0x0000000000000000     0x2d3f
 .debug_loc     0x0000000000000000     0x2d3f C:\Users\LRNA\AppData\Local\Temp\drv8835controller.elf.AUOGHR.ltrans0.ltrans.o

.debug_aranges  0x0000000000000000      0x178
 .debug_aranges
                0x0000000000000000      0x178 C:\Users\LRNA\AppData\Local\Temp\drv8835controller.elf.AUOGHR.ltrans0.ltrans.o

.debug_ranges   0x0000000000000000      0x668
 .debug_ranges  0x0000000000000000      0x668 C:\Users\LRNA\AppData\Local\Temp\drv8835controller.elf.AUOGHR.ltrans0.ltrans.o

.debug_line     0x0000000000000000     0x49ed
 .debug_line    0x0000000000000000     0x46e2 C:\Users\LRNA\AppData\Local\Temp\drv8835controller.elf.AUOGHR.ltrans0.ltrans.o
 .debug_line    0x00000000000046e2      0x181 C:\Users\LRNA\AppData\Local\Temp\ccEIq0di.debug.temp.o
 .debug_line    0x0000000000004863      0x18a C:\Users\LRNA\AppData\Local\Temp\ccqWSd34.debug.temp.o

.debug_str      0x0000000000000000     0x1394
 .debug_str     0x0000000000000000      0x176 C:\Users\LRNA\AppData\Local\Temp\drv8835controller.elf.AUOGHR.ltrans0.ltrans.o
                                        0x191 (size before relaxing)
 .debug_str     0x0000000000000176      0x54a C:\Users\LRNA\AppData\Local\Temp\ccEIq0di.debug.temp.o
                                        0x62b (size before relaxing)
 .debug_str     0x00000000000006c0      0xcd4 C:\Users\LRNA\AppData\Local\Temp\ccqWSd34.debug.temp.o
                                        0xf21 (size before relaxing)

.debug_frame    0x0000000000000000      0x56c
 .debug_frame   0x0000000000000000      0x56c C:\Users\LRNA\AppData\Local\Temp\drv8835controller.elf.AUOGHR.ltrans0.ltrans.o
