Archive member included to satisfy reference by file (symbol)

c:/Users/LRNA/Downloads/ch592-main/ch592-main/EVT/EXAM/SRC/StdPeriphDriver\libISP592.a(ISP583.o)
                              ./StdPeriphDriver/CH59x_flash.o (FLASH_EEPROM_CMD)
c:/mounriver/mounriver_studio2/resources/app/resources/win32/components/wch/toolchain/risc-v embedded gcc/bin/../lib/gcc/riscv-none-embed/8.2.0/rv32imac/ilp32\libgcc.a(_divdi3.o)
                              ./StdPeriphDriver/CH59x_clk.o (__divdi3)
c:/mounriver/mounriver_studio2/resources/app/resources/win32/components/wch/toolchain/risc-v embedded gcc/bin/../lib/gcc/riscv-none-embed/8.2.0/rv32imac/ilp32\libgcc.a(_clz.o)
                              c:/mounriver/mounriver_studio2/resources/app/resources/win32/components/wch/toolchain/risc-v embedded gcc/bin/../lib/gcc/riscv-none-embed/8.2.0/rv32imac/ilp32\libgcc.a(_divdi3.o) (__clz_tab)
c:/mounriver/mounriver_studio2/resources/app/resources/win32/components/wch/toolchain/risc-v embedded gcc/bin/../lib/gcc/riscv-none-embed/8.2.0/../../../../riscv-none-embed/lib/rv32imac/ilp32\libg_nano.a(lib_a-printf.o)
                              ./src/Main.o (printf)
c:/mounriver/mounriver_studio2/resources/app/resources/win32/components/wch/toolchain/risc-v embedded gcc/bin/../lib/gcc/riscv-none-embed/8.2.0/../../../../riscv-none-embed/lib/rv32imac/ilp32\libg_nano.a(lib_a-putchar.o)
                              ./src/Main.o (putchar)
c:/mounriver/mounriver_studio2/resources/app/resources/win32/components/wch/toolchain/risc-v embedded gcc/bin/../lib/gcc/riscv-none-embed/8.2.0/../../../../riscv-none-embed/lib/rv32imac/ilp32\libg_nano.a(lib_a-puts.o)
                              ./src/Main.o (puts)
c:/mounriver/mounriver_studio2/resources/app/resources/win32/components/wch/toolchain/risc-v embedded gcc/bin/../lib/gcc/riscv-none-embed/8.2.0/../../../../riscv-none-embed/lib/rv32imac/ilp32\libg_nano.a(lib_a-wbuf.o)
                              c:/mounriver/mounriver_studio2/resources/app/resources/win32/components/wch/toolchain/risc-v embedded gcc/bin/../lib/gcc/riscv-none-embed/8.2.0/../../../../riscv-none-embed/lib/rv32imac/ilp32\libg_nano.a(lib_a-puts.o) (__swbuf_r)
c:/mounriver/mounriver_studio2/resources/app/resources/win32/components/wch/toolchain/risc-v embedded gcc/bin/../lib/gcc/riscv-none-embed/8.2.0/../../../../riscv-none-embed/lib/rv32imac/ilp32\libg_nano.a(lib_a-wsetup.o)
                              c:/mounriver/mounriver_studio2/resources/app/resources/win32/components/wch/toolchain/risc-v embedded gcc/bin/../lib/gcc/riscv-none-embed/8.2.0/../../../../riscv-none-embed/lib/rv32imac/ilp32\libg_nano.a(lib_a-puts.o) (__swsetup_r)
c:/mounriver/mounriver_studio2/resources/app/resources/win32/components/wch/toolchain/risc-v embedded gcc/bin/../lib/gcc/riscv-none-embed/8.2.0/../../../../riscv-none-embed/lib/rv32imac/ilp32\libg_nano.a(lib_a-fflush.o)
                              c:/mounriver/mounriver_studio2/resources/app/resources/win32/components/wch/toolchain/risc-v embedded gcc/bin/../lib/gcc/riscv-none-embed/8.2.0/../../../../riscv-none-embed/lib/rv32imac/ilp32\libg_nano.a(lib_a-wbuf.o) (_fflush_r)
c:/mounriver/mounriver_studio2/resources/app/resources/win32/components/wch/toolchain/risc-v embedded gcc/bin/../lib/gcc/riscv-none-embed/8.2.0/../../../../riscv-none-embed/lib/rv32imac/ilp32\libg_nano.a(lib_a-findfp.o)
                              c:/mounriver/mounriver_studio2/resources/app/resources/win32/components/wch/toolchain/risc-v embedded gcc/bin/../lib/gcc/riscv-none-embed/8.2.0/../../../../riscv-none-embed/lib/rv32imac/ilp32\libg_nano.a(lib_a-printf.o) (__sinit)
c:/mounriver/mounriver_studio2/resources/app/resources/win32/components/wch/toolchain/risc-v embedded gcc/bin/../lib/gcc/riscv-none-embed/8.2.0/../../../../riscv-none-embed/lib/rv32imac/ilp32\libg_nano.a(lib_a-fwalk.o)
                              c:/mounriver/mounriver_studio2/resources/app/resources/win32/components/wch/toolchain/risc-v embedded gcc/bin/../lib/gcc/riscv-none-embed/8.2.0/../../../../riscv-none-embed/lib/rv32imac/ilp32\libg_nano.a(lib_a-findfp.o) (_fwalk)
c:/mounriver/mounriver_studio2/resources/app/resources/win32/components/wch/toolchain/risc-v embedded gcc/bin/../lib/gcc/riscv-none-embed/8.2.0/../../../../riscv-none-embed/lib/rv32imac/ilp32\libg_nano.a(lib_a-impure.o)
                              c:/mounriver/mounriver_studio2/resources/app/resources/win32/components/wch/toolchain/risc-v embedded gcc/bin/../lib/gcc/riscv-none-embed/8.2.0/../../../../riscv-none-embed/lib/rv32imac/ilp32\libg_nano.a(lib_a-fflush.o) (_global_impure_ptr)
c:/mounriver/mounriver_studio2/resources/app/resources/win32/components/wch/toolchain/risc-v embedded gcc/bin/../lib/gcc/riscv-none-embed/8.2.0/../../../../riscv-none-embed/lib/rv32imac/ilp32\libg_nano.a(lib_a-makebuf.o)
[...]
Memory Configuration

Name             Origin             Length             Attributes
FLASH            0x0000000000000000 0x0000000000070000 xr
RAM              0x0000000020000000 0x0000000000006800 xrw
*default*        0x0000000000000000 0xffffffffffffffff

Linker script and memory map

LOAD ./src/Main.o
LOAD ./StdPeriphDriver/CH59x_clk.o
LOAD ./StdPeriphDriver/CH59x_flash.o
LOAD ./StdPeriphDriver/CH59x_gpio.o
LOAD ./StdPeriphDriver/CH59x_i2c.o
LOAD ./StdPeriphDriver/CH59x_lcd.o
LOAD ./StdPeriphDriver/CH59x_pwr.o
LOAD ./StdPeriphDriver/CH59x_sys.o
LOAD ./StdPeriphDriver/CH59x_timer0.o
LOAD ./StdPeriphDriver/CH59x_timer1.o
LOAD ./StdPeriphDriver/CH59x_timer2.o
LOAD ./StdPeriphDriver/CH59x_timer3.o
LOAD ./StdPeriphDriver/CH59x_uart0.o
LOAD ./StdPeriphDriver/CH59x_uart1.o
LOAD ./Startup/startup_CH592.o
LOAD ./RVMSIS/core_riscv.o
LOAD c:/Users/LRNA/Downloads/ch592-main/ch592-main/EVT/EXAM/SRC/StdPeriphDriver\libISP592.a
LOAD c:/mounriver/mounriver_studio2/resources/app/resources/win32/components/wch/toolchain/risc-v embedded gcc/bin/../lib/gcc/riscv-none-embed/8.2.0/../../../../riscv-none-embed/lib/rv32imac/ilp32\libm.a
LOAD c:/mounriver/mounriver_studio2/resources/app/resources/win32/components/wch/toolchain/risc-v embedded gcc/bin/../lib/gcc/riscv-none-embed/8.2.0/rv32imac/ilp32\libgcc.a
LOAD c:/mounriver/mounriver_studio2/resources/app/resources/win32/components/wch/toolchain/risc-v embedded gcc/bin/../lib/gcc/riscv-none-embed/8.2.0/../../../../riscv-none-embed/lib/rv32imac/ilp32\libg_nano.a
LOAD c:/mounriver/mounriver_studio2/resources/app/resources/win32/components/wch/toolchain/risc-v embedded gcc/bin/../lib/gcc/riscv-none-embed/8.2.0/../../../../riscv-none-embed/lib/rv32imac/ilp32\libc_nano.a
LOAD c:/mounriver/mounriver_studio2/resources/app/resources/win32/components/wch/toolchain/risc-v embedded gcc/bin/../lib/gcc/riscv-none-embed/8.2.0/rv32imac/ilp32\libgcc.a
START GROUP
LOAD c:/mounriver/mounriver_studio2/resources/app/resources/win32/components/wch/toolchain/risc-v embedded gcc/bin/../lib/gcc/riscv-none-embed/8.2.0/rv32imac/ilp32\libgcc.a
LOAD c:/mounriver/mounriver_studio2/resources/app/resources/win32/components/wch/toolchain/risc-v embedded gcc/bin/../lib/gcc/riscv-none-embed/8.2.0/../../../../riscv-none-embed/lib/rv32imac/ilp32\libc_nano.a
LOAD c:/mounriver/mounriver_studio2/resources/app/resources/win32/components/wch/toolchain/risc-v embedded gcc/bin/../lib/gcc/riscv-none-embed/8.2.0/../../../../riscv-none-embed/lib/rv32imac/ilp32\libnosys.a
END GROUP
START GROUP
LOAD c:/mounriver/mounriver_studio2/resources/app/resources/win32/components/wch/toolchain/risc-v embedded gcc/bin/../lib/gcc/riscv-none-embed/8.2.0/rv32imac/ilp32\libgcc.a
LOAD c:/mounriver/mounriver_studio2/resources/app/resources/win32/components/wch/toolchain/risc-v embedded gcc/bin/../lib/gcc/riscv-none-embed/8.2.0/../../../../riscv-none-embed/lib/rv32imac/ilp32\libc_nano.a
LOAD c:/mounriver/mounriver_studio2/resources/app/resources/win32/components/wch/toolchain/risc-v embedded gcc/bin/../lib/gcc/riscv-none-embed/8.2.0/../../../../riscv-none-embed/lib/rv32imac/ilp32\libnosys.a
END GROUP
                0x0000000000000200                __stack_size = 0x200
                [!provide]                        PROVIDE (_stack_size = __stack_size)

.init           0x0000000000000000        0x4
                0x0000000000000000                _sinit = .
                0x0000000000000000                . = ALIGN (0x4)
 *(SORT_NONE(.init))
 .init          0x0000000000000000        0x4 ./Startup/startup_CH592.o
                0x0000000000000000                _start
                0x0000000000000004                . = ALIGN (0x4)
                0x0000000000000004                _einit = .

.highcodelalign
                0x0000000000000004        0x0
                0x0000000000000004                . = ALIGN (0x4)
                0x0000000000000004                PROVIDE (_highcode_lma = .)

.highcode       0x0000000020000000      0x80c load address 0x0000000000000004
                0x0000000020000000                . = ALIGN (0x4)
                0x0000000020000000                PROVIDE (_highcode_vma_start = .)
 *(.vector)
 .vector        0x0000000020000000       0x90 ./Startup/startup_CH592.o
 *(SORT_NONE(.vector_handler))
 .vector_handler
                0x0000000020000090        0x2 ./Startup/startup_CH592.o
                0x0000000020000090                GPIOB_IRQHandler
                0x0000000020000090                GPIOA_IRQHandler
                0x0000000020000090                SysTick_Handler
                0x0000000020000090                NMI_Handler
                0x0000000020000090                UART1_IRQHandler
                0x0000000020000090                UART0_IRQHandler
                0x0000000020000090                BB_IRQHandler
                0x0000000020000090                Break_Point_Handler
                0x0000000020000090                Ecall_M_Mode_Handler
                0x0000000020000090                RTC_IRQHandler
                0x0000000020000090                UART2_IRQHandler
                0x0000000020000090                PWMX_IRQHandler
                0x0000000020000090                ADC_IRQHandler
                0x0000000020000090                USB_IRQHandler
                0x0000000020000090                I2C_IRQHandler
                0x0000000020000090                LLE_IRQHandler
                0x0000000020000090                WDOG_BAT_IRQHandler
                0x0000000020000090                Ecall_U_Mode_Handler
                0x0000000020000090                TMR3_IRQHandler
                0x0000000020000090                SW_Handler
                0x0000000020000090                SPI0_IRQHandler
                0x0000000020000090                UART3_IRQHandler
 *(.highcode)
 .highcode      0x0000000020000092       0x86 ./src/Main.o
                0x0000000020000092                TMR0_IRQHandler
                0x00000000200000b8                TMR1_IRQHandler
                0x00000000200000e0                TMR2_IRQHandler
 .highcode      0x0000000020000118      0x2ce ./StdPeriphDriver/CH59x_sys.o
                0x0000000020000118                SetSysClock
                0x00000000200002d8                SYS_ResetExecute
                0x0000000020000330                HardFault_Handler
                0x00000000200003b0                mDelayuS
                0x00000000200003be                mDelaymS
 .highcode      0x00000000200003e6      0x426 c:/Users/LRNA/Downloads/ch592-main/ch592-main/EVT/EXAM/SRC/StdPeriphDriver\libISP592.a(ISP583.o)
                0x00000000200003e6                FLASH_ROM_BEG
                0x00000000200003f8                FLASH_ROM_END
                0x0000000020000406                FLASH_ROM_IN
                0x0000000020000414                FLASH_ROM_OUT
                0x0000000020000422                FLASH_ROM_ADDR
                0x000000002000046a                FLASH_ROM_WAIT
                0x00000000200004a2                FLASH_EEPROM_CMD
 *(.highcode.*)
                0x000000002000080c                . = ALIGN (0x4)
                0x000000002000080c                PROVIDE (_highcode_vma_end = .)

.text           0x0000000000000810     0x1a44
                0x0000000000000810                . = ALIGN (0x4)
 *(SORT_NONE(.handle_reset))
 .handle_reset  0x0000000000000810       0xaa ./Startup/startup_CH592.o
                0x0000000000000810                handle_reset
 *(.text)
 .text          0x00000000000008ba       0xa8 c:/mounriver/mounriver_studio2/resources/app/resources/win32/components/wch/toolchain/risc-v embedded gcc/bin/../lib/gcc/riscv-none-embed/8.2.0/../../../../riscv-none-embed/lib/rv32imac/ilp32\libg_nano.a(lib_a-memset.o)
                0x00000000000008ba                memset
 *(.text.*)
 .text.DebugInit
                0x0000000000000962       0x2a ./src/Main.o
                0x0000000000000962                DebugInit
 .text.startup.main
                0x000000000000098c      0x196 ./src/Main.o
                0x000000000000098c                main
 .text.GPIOA_ModeCfg
                0x0000000000000b22       0xa6 ./StdPeriphDriver/CH59x_gpio.o
                0x0000000000000b22                GPIOA_ModeCfg
 .text.GPIOB_ModeCfg
                0x0000000000000bc8       0xa6 ./StdPeriphDriver/CH59x_gpio.o
                0x0000000000000bc8                GPIOB_ModeCfg
 .text.GPIOPinRemap
                0x0000000000000c6e       0x1a ./StdPeriphDriver/CH59x_gpio.o
                0x0000000000000c6e                GPIOPinRemap
 .text.PWR_UnitModCfg
                0x0000000000000c88       0x5e ./StdPeriphDriver/CH59x_pwr.o
                0x0000000000000c88                PWR_UnitModCfg
 .text.GetSysClock
                0x0000000000000ce6       0x40 ./StdPeriphDriver/CH59x_sys.o
                0x0000000000000ce6                GetSysClock
 .text._write   0x0000000000000d26       0x28 ./StdPeriphDriver/CH59x_sys.o
                0x0000000000000d26                _write
 .text._sbrk    0x0000000000000d4e       0x30 ./StdPeriphDriver/CH59x_sys.o
                0x0000000000000d4e                _sbrk
 .text.TMR0_TimerInit
                0x0000000000000d7e       0x14 ./StdPeriphDriver/CH59x_timer0.o
                0x0000000000000d7e                TMR0_TimerInit
 .text.TMR1_CapInit
                0x0000000000000d92       0x1a ./StdPeriphDriver/CH59x_timer1.o
                0x0000000000000d92                TMR1_CapInit
 .text.TMR1_DMACfg
                0x0000000000000dac       0x20 ./StdPeriphDriver/CH59x_timer1.o
                0x0000000000000dac                TMR1_DMACfg
 .text.TMR2_EXTSingleCounterInit
                0x0000000000000dcc       0x1a ./StdPeriphDriver/CH59x_timer2.o
                0x0000000000000dcc                TMR2_EXTSingleCounterInit
 .text.TMR3_PWMInit
                0x0000000000000de6       0x26 ./StdPeriphDriver/CH59x_timer3.o
                0x0000000000000de6                TMR3_PWMInit
 .text.UART1_BaudRateCfg
                0x0000000000000e0c       0x30 ./StdPeriphDriver/CH59x_uart1.o
                0x0000000000000e0c                UART1_BaudRateCfg
 .text.UART1_DefInit
                0x0000000000000e3c       0x32 ./StdPeriphDriver/CH59x_uart1.o
                0x0000000000000e3c                UART1_DefInit
 .text.printf   0x0000000000000e6e       0x44 c:/mounriver/mounriver_studio2/resources/app/resources/win32/components/wch/toolchain/risc-v embedded gcc/bin/../lib/gcc/riscv-none-embed/8.2.0/../../../../riscv-none-embed/lib/rv32imac/ilp32\libg_nano.a(lib_a-printf.o)
                0x0000000000000e6e                iprintf
                0x0000000000000e6e                printf
 .text.putchar  0x0000000000000eb2       0x2e c:/mounriver/mounriver_studio2/resources/app/resources/win32/components/wch/toolchain/risc-v embedded gcc/bin/../lib/gcc/riscv-none-embed/8.2.0/../../../../riscv-none-embed/lib/rv32imac/ilp32\libg_nano.a(lib_a-putchar.o)
                0x0000000000000eb2                putchar
 .text._puts_r  0x0000000000000ee0       0xda c:/mounriver/mounriver_studio2/resources/app/resources/win32/components/wch/toolchain/risc-v embedded gcc/bin/../lib/gcc/riscv-none-embed/8.2.0/../../../../riscv-none-embed/lib/rv32imac/ilp32\libg_nano.a(lib_a-puts.o)
                0x0000000000000ee0                _puts_r
 .text.puts     0x0000000000000fba        0xe c:/mounriver/mounriver_studio2/resources/app/resources/win32/components/wch/toolchain/risc-v embedded gcc/bin/../lib/gcc/riscv-none-embed/8.2.0/../../../../riscv-none-embed/lib/rv32imac/ilp32\libg_nano.a(lib_a-puts.o)
                0x0000000000000fba                puts
 .text.__swbuf_r
                0x0000000000000fc8       0xc0 c:/mounriver/mounriver_studio2/resources/app/resources/win32/components/wch/toolchain/risc-v embedded gcc/bin/../lib/gcc/riscv-none-embed/8.2.0/../../../../riscv-none-embed/lib/rv32imac/ilp32\libg_nano.a(lib_a-wbuf.o)
                0x0000000000000fc8                __swbuf_r
 .text.__swsetup_r
                0x0000000000001088      0x110 c:/mounriver/mounriver_studio2/resources/app/resources/win32/components/wch/toolchain/risc-v embedded gcc/bin/../lib/gcc/riscv-none-embed/8.2.0/../../../../riscv-none-embed/lib/rv32imac/ilp32\libg_nano.a(lib_a-wsetup.o)
                0x0000000000001088                __swsetup_r
 .text.__sflush_r
                0x0000000000001198      0x13c c:/mounriver/mounriver_studio2/resources/app/resources/win32/components/wch/toolchain/risc-v embedded gcc/bin/../lib/gcc/riscv-none-embed/8.2.0/../../../../riscv-none-embed/lib/rv32imac/ilp32\libg_nano.a(lib_a-fflush.o)
                0x0000000000001198                __sflush_r
 .text._fflush_r
                0x00000000000012d4       0x64 c:/mounriver/mounriver_studio2/resources/app/resources/win32/components/wch/toolchain/risc-v embedded gcc/bin/../lib/gcc/riscv-none-embed/8.2.0/../../../../riscv-none-embed/lib/rv32imac/ilp32\libg_nano.a(lib_a-fflush.o)
                0x00000000000012d4                _fflush_r
 .text.std      0x0000000000001338       0x6a c:/mounriver/mounriver_studio2/resources/app/resources/win32/components/wch/toolchain/risc-v embedded gcc/bin/../lib/gcc/riscv-none-embed/8.2.0/../../../../riscv-none-embed/lib/rv32imac/ilp32\libg_nano.a(lib_a-findfp.o)
 .text._cleanup_r
                0x00000000000013a2        0xa c:/mounriver/mounriver_studio2/resources/app/resources/win32/components/wch/toolchain/risc-v embedded gcc/bin/../lib/gcc/riscv-none-embed/8.2.0/../../../../riscv-none-embed/lib/rv32imac/ilp32\libg_nano.a(lib_a-findfp.o)
                0x00000000000013a2                _cleanup_r
 .text.__sfmoreglue
                0x00000000000013ac       0x46 c:/mounriver/mounriver_studio2/resources/app/resources/win32/components/wch/toolchain/risc-v embedded gcc/bin/../lib/gcc/riscv-none-embed/8.2.0/../../../../riscv-none-embed/lib/rv32imac/ilp32\libg_nano.a(lib_a-findfp.o)
                0x00000000000013ac                __sfmoreglue
 .text.__sinit  0x00000000000013f2       0x6a c:/mounriver/mounriver_studio2/resources/app/resources/win32/components/wch/toolchain/risc-v embedded gcc/bin/../lib/gcc/riscv-none-embed/8.2.0/../../../../riscv-none-embed/lib/rv32imac/ilp32\libg_nano.a(lib_a-findfp.o)
                0x00000000000013f2                __sinit
 .text.__sfp    0x000000000000145c       0xa0 c:/mounriver/mounriver_studio2/resources/app/resources/win32/components/wch/toolchain/risc-v embedded gcc/bin/../lib/gcc/riscv-none-embed/8.2.0/../../../../riscv-none-embed/lib/rv32imac/ilp32\libg_nano.a(lib_a-findfp.o)
                0x000000000000145c                __sfp
 .text._fwalk_reent
                0x00000000000014fc       0x6c c:/mounriver/mounriver_studio2/resources/app/resources/win32/components/wch/toolchain/risc-v embedded gcc/bin/../lib/gcc/riscv-none-embed/8.2.0/../../../../riscv-none-embed/lib/rv32imac/ilp32\libg_nano.a(lib_a-fwalk.o)
                0x00000000000014fc                _fwalk_reent
 .text.__swhatbuf_r
                0x0000000000001568       0x5a c:/mounriver/mounriver_studio2/resources/app/resources/win32/components/wch/toolchain/risc-v embedded gcc/bin/../lib/gcc/riscv-none-embed/8.2.0/../../../../riscv-none-embed/lib/rv32imac/ilp32\libg_nano.a(lib_a-makebuf.o)
                0x0000000000001568                __swhatbuf_r
 .text.__smakebuf_r
                0x00000000000015c2       0x9e c:/mounriver/mounriver_studio2/resources/app/resources/win32/components/wch/toolchain/risc-v embedded gcc/bin/../lib/gcc/riscv-none-embed/8.2.0/../../../../riscv-none-embed/lib/rv32imac/ilp32\libg_nano.a(lib_a-makebuf.o)
                0x00000000000015c2                __smakebuf_r
 .text._free_r  0x0000000000001660       0xa8 c:/mounriver/mounriver_studio2/resources/app/resources/win32/components/wch/toolchain/risc-v embedded gcc/bin/../lib/gcc/riscv-none-embed/8.2.0/../../../../riscv-none-embed/lib/rv32imac/ilp32\libg_nano.a(lib_a-nano-freer.o)
                0x0000000000001660                _free_r
 .text._malloc_r
                0x0000000000001708       0xd8 c:/mounriver/mounriver_studio2/resources/app/resources/win32/components/wch/toolchain/risc-v embedded gcc/bin/../lib/gcc/riscv-none-embed/8.2.0/../../../../riscv-none-embed/lib/rv32imac/ilp32\libg_nano.a(lib_a-nano-mallocr.o)
                0x0000000000001708                _malloc_r
 .text.__sfputc_r
                0x00000000000017e0       0x2a c:/mounriver/mounriver_studio2/resources/app/resources/win32/components/wch/toolchain/risc-v embedded gcc/bin/../lib/gcc/riscv-none-embed/8.2.0/../../../../riscv-none-embed/lib/rv32imac/ilp32\libg_nano.a(lib_a-nano-vfprintf.o)
 .text.__sfputs_r
                0x000000000000180a       0x42 c:/mounriver/mounriver_studio2/resources/app/resources/win32/components/wch/toolchain/risc-v embedded gcc/bin/../lib/gcc/riscv-none-embed/8.2.0/../../../../riscv-none-embed/lib/rv32imac/ilp32\libg_nano.a(lib_a-nano-vfprintf.o)
                0x000000000000180a                __sfputs_r
 .text._vfprintf_r
                0x000000000000184c      0x29a c:/mounriver/mounriver_studio2/resources/app/resources/win32/components/wch/toolchain/risc-v embedded gcc/bin/../lib/gcc/riscv-none-embed/8.2.0/../../../../riscv-none-embed/lib/rv32imac/ilp32\libg_nano.a(lib_a-nano-vfprintf.o)
                0x000000000000184c                _vfprintf_r
                0x000000000000184c                _vfiprintf_r
 .text._printf_common
                0x0000000000001ae6      0x10c c:/mounriver/mounriver_studio2/resources/app/resources/win32/components/wch/toolchain/risc-v embedded gcc/bin/../lib/gcc/riscv-none-embed/8.2.0/../../../../riscv-none-embed/lib/rv32imac/ilp32\libg_nano.a(lib_a-nano-vfprintf_i.o)
                0x0000000000001ae6                _printf_common
 .text._printf_i
                0x0000000000001bf2      0x2a8 c:/mounriver/mounriver_studio2/resources/app/resources/win32/components/wch/toolchain/risc-v embedded gcc/bin/../lib/gcc/riscv-none-embed/8.2.0/../../../../riscv-none-embed/lib/rv32imac/ilp32\libg_nano.a(lib_a-nano-vfprintf_i.o)
                0x0000000000001bf2                _printf_i
 .text._putc_r  0x0000000000001e9a       0x86 c:/mounriver/mounriver_studio2/resources/app/resources/win32/components/wch/toolchain/risc-v embedded gcc/bin/../lib/gcc/riscv-none-embed/8.2.0/../../../../riscv-none-embed/lib/rv32imac/ilp32\libg_nano.a(lib_a-putc.o)
                0x0000000000001e9a                _putc_r
 .text._sbrk_r  0x0000000000001f20       0x2a c:/mounriver/mounriver_studio2/resources/app/resources/win32/components/wch/toolchain/risc-v embedded gcc/bin/../lib/gcc/riscv-none-embed/8.2.0/../../../../riscv-none-embed/lib/rv32imac/ilp32\libg_nano.a(lib_a-sbrkr.o)
                0x0000000000001f20                _sbrk_r
 .text.__sread  0x0000000000001f4a       0x30 c:/mounriver/mounriver_studio2/resources/app/resources/win32/components/wch/toolchain/risc-v embedded gcc/bin/../lib/gcc/riscv-none-embed/8.2.0/../../../../riscv-none-embed/lib/rv32imac/ilp32\libg_nano.a(lib_a-stdio.o)
                0x0000000000001f4a                __sread
 .text.__swrite
                0x0000000000001f7a       0x4e c:/mounriver/mounriver_studio2/resources/app/resources/win32/components/wch/toolchain/risc-v embedded gcc/bin/../lib/gcc/riscv-none-embed/8.2.0/../../../../riscv-none-embed/lib/rv32imac/ilp32\libg_nano.a(lib_a-stdio.o)
                0x0000000000001f7a                __swrite
 .text.__sseek  0x0000000000001fc8       0x36 c:/mounriver/mounriver_studio2/resources/app/resources/win32/components/wch/toolchain/risc-v embedded gcc/bin/../lib/gcc/riscv-none-embed/8.2.0/../../../../riscv-none-embed/lib/rv32imac/ilp32\libg_nano.a(lib_a-stdio.o)
                0x0000000000001fc8                __sseek
 .text.__sclose
                0x0000000000001ffe        0x6 c:/mounriver/mounriver_studio2/resources/app/resources/win32/components/wch/toolchain/risc-v embedded gcc/bin/../lib/gcc/riscv-none-embed/8.2.0/../../../../riscv-none-embed/lib/rv32imac/ilp32\libg_nano.a(lib_a-stdio.o)
                0x0000000000001ffe                __sclose
 .text._write_r
                0x0000000000002004       0x2e c:/mounriver/mounriver_studio2/resources/app/resources/win32/components/wch/toolchain/risc-v embedded gcc/bin/../lib/gcc/riscv-none-embed/8.2.0/../../../../riscv-none-embed/lib/rv32imac/ilp32\libg_nano.a(lib_a-writer.o)
                0x0000000000002004                _write_r
 .text._close_r
                0x0000000000002032       0x28 c:/mounriver/mounriver_studio2/resources/app/resources/win32/components/wch/toolchain/risc-v embedded gcc/bin/../lib/gcc/riscv-none-embed/8.2.0/../../../../riscv-none-embed/lib/rv32imac/ilp32\libg_nano.a(lib_a-closer.o)
                0x0000000000002032                _close_r
 .text._fstat_r
                0x000000000000205a       0x2a c:/mounriver/mounriver_studio2/resources/app/resources/win32/components/wch/toolchain/risc-v embedded gcc/bin/../lib/gcc/riscv-none-embed/8.2.0/../../../../riscv-none-embed/lib/rv32imac/ilp32\libg_nano.a(lib_a-fstatr.o)
                0x000000000000205a                _fstat_r
 .text._isatty_r
                0x0000000000002084       0x28 c:/mounriver/mounriver_studio2/resources/app/resources/win32/components/wch/toolchain/risc-v embedded gcc/bin/../lib/gcc/riscv-none-embed/8.2.0/../../../../riscv-none-embed/lib/rv32imac/ilp32\libg_nano.a(lib_a-isattyr.o)
                0x0000000000002084                _isatty_r
 .text._lseek_r
                0x00000000000020ac       0x2c c:/mounriver/mounriver_studio2/resources/app/resources/win32/components/wch/toolchain/risc-v embedded gcc/bin/../lib/gcc/riscv-none-embed/8.2.0/../../../../riscv-none-embed/lib/rv32imac/ilp32\libg_nano.a(lib_a-lseekr.o)
                0x00000000000020ac                _lseek_r
 .text.memchr   0x00000000000020d8       0x1a c:/mounriver/mounriver_studio2/resources/app/resources/win32/components/wch/toolchain/risc-v embedded gcc/bin/../lib/gcc/riscv-none-embed/8.2.0/../../../../riscv-none-embed/lib/rv32imac/ilp32\libg_nano.a(lib_a-memchr.o)
                0x00000000000020d8                memchr
 .text.__malloc_lock
                0x00000000000020f2        0x2 c:/mounriver/mounriver_studio2/resources/app/resources/win32/components/wch/toolchain/risc-v embedded gcc/bin/../lib/gcc/riscv-none-embed/8.2.0/../../../../riscv-none-embed/lib/rv32imac/ilp32\libg_nano.a(lib_a-mlock.o)
                0x00000000000020f2                __malloc_lock
 .text.__malloc_unlock
                0x00000000000020f4        0x2 c:/mounriver/mounriver_studio2/resources/app/resources/win32/components/wch/toolchain/risc-v embedded gcc/bin/../lib/gcc/riscv-none-embed/8.2.0/../../../../riscv-none-embed/lib/rv32imac/ilp32\libg_nano.a(lib_a-mlock.o)
                0x00000000000020f4                __malloc_unlock
 .text._read_r  0x00000000000020f6       0x2c c:/mounriver/mounriver_studio2/resources/app/resources/win32/components/wch/toolchain/risc-v embedded gcc/bin/../lib/gcc/riscv-none-embed/8.2.0/../../../../riscv-none-embed/lib/rv32imac/ilp32\libg_nano.a(lib_a-readr.o)
                0x00000000000020f6                _read_r
 .text._close   0x0000000000002122        0xc c:/mounriver/mounriver_studio2/resources/app/resources/win32/components/wch/toolchain/risc-v embedded gcc/bin/../lib/gcc/riscv-none-embed/8.2.0/../../../../riscv-none-embed/lib/rv32imac/ilp32\libnosys.a(close.o)
                0x0000000000002122                _close
 .text._fstat   0x000000000000212e        0xc c:/mounriver/mounriver_studio2/resources/app/resources/win32/components/wch/toolchain/risc-v embedded gcc/bin/../lib/gcc/riscv-none-embed/8.2.0/../../../../riscv-none-embed/lib/rv32imac/ilp32\libnosys.a(fstat.o)
                0x000000000000212e                _fstat
 .text._isatty  0x000000000000213a        0xc c:/mounriver/mounriver_studio2/resources/app/resources/win32/components/wch/toolchain/risc-v embedded gcc/bin/../lib/gcc/riscv-none-embed/8.2.0/../../../../riscv-none-embed/lib/rv32imac/ilp32\libnosys.a(isatty.o)
                0x000000000000213a                _isatty
 .text._lseek   0x0000000000002146        0xc c:/mounriver/mounriver_studio2/resources/app/resources/win32/components/wch/toolchain/risc-v embedded gcc/bin/../lib/gcc/riscv-none-embed/8.2.0/../../../../riscv-none-embed/lib/rv32imac/ilp32\libnosys.a(lseek.o)
                0x0000000000002146                _lseek
 .text._read    0x0000000000002152        0xc c:/mounriver/mounriver_studio2/resources/app/resources/win32/components/wch/toolchain/risc-v embedded gcc/bin/../lib/gcc/riscv-none-embed/8.2.0/../../../../riscv-none-embed/lib/rv32imac/ilp32\libnosys.a(read.o)
                0x0000000000002152                _read
 *(.rodata)
 *(.rodata*)
 *fill*         0x000000000000215e        0x2 
 .rodata.main.str1.4
                0x0000000000002160       0x23 ./src/Main.o
 *fill*         0x0000000000002183        0x1 
 .rodata.str1.4
                0x0000000000002184        0x8 ./src/Main.o
 .rodata.GPIOA_ModeCfg
                0x000000000000218c       0x14 ./StdPeriphDriver/CH59x_gpio.o
 .rodata.GPIOB_ModeCfg
                0x00000000000021a0       0x14 ./StdPeriphDriver/CH59x_gpio.o
 .rodata.__sf_fake_stderr
                0x00000000000021b4       0x20 c:/mounriver/mounriver_studio2/resources/app/resources/win32/components/wch/toolchain/risc-v embedded gcc/bin/../lib/gcc/riscv-none-embed/8.2.0/../../../../riscv-none-embed/lib/rv32imac/ilp32\libg_nano.a(lib_a-findfp.o)
                0x00000000000021b4                __sf_fake_stderr
 .rodata.__sf_fake_stdin
                0x00000000000021d4       0x20 c:/mounriver/mounriver_studio2/resources/app/resources/win32/components/wch/toolchain/risc-v embedded gcc/bin/../lib/gcc/riscv-none-embed/8.2.0/../../../../riscv-none-embed/lib/rv32imac/ilp32\libg_nano.a(lib_a-findfp.o)
                0x00000000000021d4                __sf_fake_stdin
 .rodata.__sf_fake_stdout
                0x00000000000021f4       0x20 c:/mounriver/mounriver_studio2/resources/app/resources/win32/components/wch/toolchain/risc-v embedded gcc/bin/../lib/gcc/riscv-none-embed/8.2.0/../../../../riscv-none-embed/lib/rv32imac/ilp32\libg_nano.a(lib_a-findfp.o)
                0x00000000000021f4                __sf_fake_stdout
 .rodata._vfprintf_r.str1.4
                0x0000000000002214       0x13 c:/mounriver/mounriver_studio2/resources/app/resources/win32/components/wch/toolchain/risc-v embedded gcc/bin/../lib/gcc/riscv-none-embed/8.2.0/../../../../riscv-none-embed/lib/rv32imac/ilp32\libg_nano.a(lib_a-nano-vfprintf.o)
 *fill*         0x0000000000002227        0x1 
 .rodata._printf_i.str1.4
                0x0000000000002228       0x28 c:/mounriver/mounriver_studio2/resources/app/resources/win32/components/wch/toolchain/risc-v embedded gcc/bin/../lib/gcc/riscv-none-embed/8.2.0/../../../../riscv-none-embed/lib/rv32imac/ilp32\libg_nano.a(lib_a-nano-vfprintf_i.o)
                                         0x25 (size before relaxing)
 *(.sdata2.*)
 .sdata2._global_impure_ptr
                0x0000000000002250        0x4 c:/mounriver/mounriver_studio2/resources/app/resources/win32/components/wch/toolchain/risc-v embedded gcc/bin/../lib/gcc/riscv-none-embed/8.2.0/../../../../riscv-none-embed/lib/rv32imac/ilp32\libg_nano.a(lib_a-impure.o)
                0x0000000000002250                _global_impure_ptr
 *(.glue_7)
 *(.glue_7t)
 *(.gnu.linkonce.t.*)
                0x0000000000002254                . = ALIGN (0x4)

.rela.dyn       0x0000000000002254        0x0
 .rela.text._sbrk
                0x0000000000002254        0x0 ./src/Main.o
 .rela.sdata.curbrk.3993
                0x0000000000002254        0x0 ./src/Main.o
 .rela.init     0x0000000000002254        0x0 ./src/Main.o
 .rela.vector   0x0000000000002254        0x0 ./src/Main.o
 .rela.handle_reset
                0x0000000000002254        0x0 ./src/Main.o
 .rela.text._vfprintf_r
                0x0000000000002254        0x0 ./src/Main.o
 .rela.text._sbrk_r
                0x0000000000002254        0x0 ./src/Main.o
 .rela.text._write_r
                0x0000000000002254        0x0 ./src/Main.o
 .rela.text._close_r
                0x0000000000002254        0x0 ./src/Main.o
 .rela.text._fstat_r
                0x0000000000002254        0x0 ./src/Main.o
 .rela.text._isatty_r
                0x0000000000002254        0x0 ./src/Main.o
 .rela.text._lseek_r
                0x0000000000002254        0x0 ./src/Main.o
 .rela.text._read_r
                0x0000000000002254        0x0 ./src/Main.o
 .rela.text._close
                0x0000000000002254        0x0 ./src/Main.o
 .rela.text._fstat
                0x0000000000002254        0x0 ./src/Main.o
 .rela.text._isatty
                0x0000000000002254        0x0 ./src/Main.o
 .rela.text._lseek
                0x0000000000002254        0x0 ./src/Main.o
 .rela.text._read
                0x0000000000002254        0x0 ./src/Main.o

.fini           0x0000000000002254        0x0
 *(SORT_NONE(.fini))
                0x0000000000002254                . = ALIGN (0x4)
                [!provide]                        PROVIDE (_etext = .)
                [!provide]                        PROVIDE (_eitcm = .)

.preinit_array  0x0000000000002254        0x0
                [!provide]                        PROVIDE (__preinit_array_start = .)
 *(.preinit_array)
                [!provide]                        PROVIDE (__preinit_array_end = .)

.init_array     0x0000000000002254        0x0
                [!provide]                        PROVIDE (__init_array_start = .)
 *(SORT_BY_INIT_PRIORITY(.init_array.*) SORT_BY_INIT_PRIORITY(.ctors.*))
 *(.init_array EXCLUDE_FILE(*crtend?.o *crtend.o *crtbegin?.o *crtbegin.o) .ctors)
                [!provide]                        PROVIDE (__init_array_end = .)

.fini_array     0x0000000000002254        0x0
                [!provide]                        PROVIDE (__fini_array_start = .)
 *(SORT_BY_INIT_PRIORITY(.fini_array.*) SORT_BY_INIT_PRIORITY(.dtors.*))
 *(.fini_array EXCLUDE_FILE(*crtend?.o *crtend.o *crtbegin?.o *crtbegin.o) .dtors)
                [!provide]                        PROVIDE (__fini_array_end = .)

.ctors
 *crtbegin.o(.ctors)
 *crtbegin?.o(.ctors)
 *(EXCLUDE_FILE(*crtend?.o *crtend.o) .ctors)
 *(SORT_BY_NAME(.ctors.*))
 *(.ctors)

.dtors
 *crtbegin.o(.dtors)
 *crtbegin?.o(.dtors)
 *(EXCLUDE_FILE(*crtend?.o *crtend.o) .dtors)
 *(SORT_BY_NAME(.dtors.*))
 *(.dtors)

.dalign         0x000000002000080c        0x0 load address 0x0000000000002254
                0x000000002000080c                . = (ORIGIN (RAM) + SIZEOF (.highcode))

.dlalign        0x0000000000002254        0x0
                0x0000000000002254                . = ALIGN (0x4)
                0x0000000000002254                PROVIDE (_data_lma = .)

.data           0x000000002000080c       0x6c load address 0x0000000000002254
                0x000000002000080c                . = ALIGN (0x4)
                0x000000002000080c                PROVIDE (_data_vma = .)
 *(.gnu.linkonce.r.*)
 *(.data .data.*)
 .data.impure_data
                0x000000002000080c       0x60 c:/mounriver/mounriver_studio2/resources/app/resources/win32/components/wch/toolchain/risc-v embedded gcc/bin/../lib/gcc/riscv-none-embed/8.2.0/../../../../riscv-none-embed/lib/rv32imac/ilp32\libg_nano.a(lib_a-impure.o)
 *(.gnu.linkonce.d.*)
                0x0000000020000870                . = ALIGN (0x8)
 *fill*         0x000000002000086c        0x4 
                0x0000000020001070                PROVIDE (__global_pointer$ = (. + 0x800))
 *(.sdata .sdata.*)
 .sdata.curbrk.3993
                0x0000000020000870        0x4 ./StdPeriphDriver/CH59x_sys.o
 .sdata._impure_ptr
                0x0000000020000874        0x4 c:/mounriver/mounriver_studio2/resources/app/resources/win32/components/wch/toolchain/risc-v embedded gcc/bin/../lib/gcc/riscv-none-embed/8.2.0/../../../../riscv-none-embed/lib/rv32imac/ilp32\libg_nano.a(lib_a-impure.o)
                0x0000000020000874                _impure_ptr
 *(.gnu.linkonce.s.*)
                0x0000000020000878                . = ALIGN (0x8)
 *(.srodata.cst16)
 *(.srodata.cst8)
 *(.srodata.cst4)
 *(.srodata.cst2)
 *(.srodata .srodata.*)
                0x0000000020000878                . = ALIGN (0x4)
                0x0000000020000878                PROVIDE (_edata = .)

.bss            0x0000000020000878      0x1a8 load address 0x00000000000022c0
                0x0000000020000878                . = ALIGN (0x4)
                0x0000000020000878                PROVIDE (_sbss = .)
 *(.sbss*)
 .sbss.capFlag  0x0000000020000878        0x1 ./src/Main.o
                0x0000000020000878                capFlag
 *fill*         0x0000000020000879        0x3 
 .sbss.__malloc_free_list
                0x000000002000087c        0x4 c:/mounriver/mounriver_studio2/resources/app/resources/win32/components/wch/toolchain/risc-v embedded gcc/bin/../lib/gcc/riscv-none-embed/8.2.0/../../../../riscv-none-embed/lib/rv32imac/ilp32\libg_nano.a(lib_a-nano-mallocr.o)
                0x000000002000087c                __malloc_free_list
 .sbss.__malloc_sbrk_start
                0x0000000020000880        0x4 c:/mounriver/mounriver_studio2/resources/app/resources/win32/components/wch/toolchain/risc-v embedded gcc/bin/../lib/gcc/riscv-none-embed/8.2.0/../../../../riscv-none-embed/lib/rv32imac/ilp32\libg_nano.a(lib_a-nano-mallocr.o)
                0x0000000020000880                __malloc_sbrk_start
 *(.gnu.linkonce.sb.*)
 *(.bss*)
 .bss.CapBuf    0x0000000020000884      0x198 ./src/Main.o
                0x0000000020000884                CapBuf
 *(.gnu.linkonce.b.*)
 *(COMMON*)
 COMMON         0x0000000020000a1c        0x4 c:/mounriver/mounriver_studio2/resources/app/resources/win32/components/wch/toolchain/risc-v embedded gcc/bin/../lib/gcc/riscv-none-embed/8.2.0/../../../../riscv-none-embed/lib/rv32imac/ilp32\libg_nano.a(lib_a-reent.o)
                0x0000000020000a1c                errno
                0x0000000020000a20                . = ALIGN (0x4)
                0x0000000020000a20                PROVIDE (_ebss = .)
                0x0000000020000a20                PROVIDE (_end = _ebss)
                [!provide]                        PROVIDE (end = .)

.stack          0x0000000020006600      0x200
                0x0000000020006600                PROVIDE (_heap_end = .)
                0x0000000020006600                . = ALIGN (0x4)
                [!provide]                        PROVIDE (_susrstack = .)
                0x0000000020006800                . = (. + __stack_size)
 *fill*         0x0000000020006600      0x200 
                0x0000000020006800                PROVIDE (_eusrstack = .)
OUTPUT(TMR.elf elf32-littleriscv)

.debug_info     0x0000000000000000     0xa1e9
 .debug_info    0x0000000000000000     0x1429 ./src/Main.o
 .debug_info    0x0000000000001429      0xf2b ./StdPeriphDriver/CH59x_gpio.o
 .debug_info    0x0000000000002354     0x2058 ./StdPeriphDriver/CH59x_pwr.o
 .debug_info    0x00000000000043ac     0x18b5 ./StdPeriphDriver/CH59x_sys.o
 .debug_info    0x0000000000005c61      0xd84 ./StdPeriphDriver/CH59x_timer0.o
 .debug_info    0x00000000000069e5      0xe28 ./StdPeriphDriver/CH59x_timer1.o
 .debug_info    0x000000000000780d      0xe2c ./StdPeriphDriver/CH59x_timer2.o
 .debug_info    0x0000000000008639      0xd84 ./StdPeriphDriver/CH59x_timer3.o
 .debug_info    0x00000000000093bd      0xe0a ./StdPeriphDriver/CH59x_uart1.o
 .debug_info    0x000000000000a1c7       0x22 ./Startup/startup_CH592.o

.debug_abbrev   0x0000000000000000     0x1a47
 .debug_abbrev  0x0000000000000000      0x364 ./src/Main.o
 .debug_abbrev  0x0000000000000364      0x2c8 ./StdPeriphDriver/CH59x_gpio.o
 .debug_abbrev  0x000000000000062c      0x416 ./StdPeriphDriver/CH59x_pwr.o
 .debug_abbrev  0x0000000000000a42      0x453 ./StdPeriphDriver/CH59x_sys.o
 .debug_abbrev  0x0000000000000e95      0x235 ./StdPeriphDriver/CH59x_timer0.o
 .debug_abbrev  0x00000000000010ca      0x246 ./StdPeriphDriver/CH59x_timer1.o
 .debug_abbrev  0x0000000000001310      0x246 ./StdPeriphDriver/CH59x_timer2.o
 .debug_abbrev  0x0000000000001556      0x235 ./StdPeriphDriver/CH59x_timer3.o
 .debug_abbrev  0x000000000000178b      0x2aa ./StdPeriphDriver/CH59x_uart1.o
 .debug_abbrev  0x0000000000001a35       0x12 ./Startup/startup_CH592.o

.debug_loc      0x0000000000000000     0x152e
 .debug_loc     0x0000000000000000       0x3c ./src/Main.o
 .debug_loc     0x000000000000003c      0x4ad ./StdPeriphDriver/CH59x_gpio.o
 .debug_loc     0x00000000000004e9      0x7b0 ./StdPeriphDriver/CH59x_pwr.o
 .debug_loc     0x0000000000000c99      0x456 ./StdPeriphDriver/CH59x_sys.o
 .debug_loc     0x00000000000010ef       0x84 ./StdPeriphDriver/CH59x_timer0.o
 .debug_loc     0x0000000000001173       0x84 ./StdPeriphDriver/CH59x_timer1.o
 .debug_loc     0x00000000000011f7       0xc6 ./StdPeriphDriver/CH59x_timer2.o
 .debug_loc     0x00000000000012bd       0x84 ./StdPeriphDriver/CH59x_timer3.o
 .debug_loc     0x0000000000001341      0x1ed ./StdPeriphDriver/CH59x_uart1.o

.debug_aranges  0x0000000000000000      0x308
 .debug_aranges
                0x0000000000000000       0x40 ./src/Main.o
 .debug_aranges
                0x0000000000000040       0x68 ./StdPeriphDriver/CH59x_gpio.o
 .debug_aranges
                0x00000000000000a8       0x60 ./StdPeriphDriver/CH59x_pwr.o
 .debug_aranges
                0x0000000000000108       0x90 ./StdPeriphDriver/CH59x_sys.o
 .debug_aranges
                0x0000000000000198       0x38 ./StdPeriphDriver/CH59x_timer0.o
 .debug_aranges
                0x00000000000001d0       0x40 ./StdPeriphDriver/CH59x_timer1.o
 .debug_aranges
                0x0000000000000210       0x40 ./StdPeriphDriver/CH59x_timer2.o
 .debug_aranges
                0x0000000000000250       0x38 ./StdPeriphDriver/CH59x_timer3.o
 .debug_aranges
                0x0000000000000288       0x50 ./StdPeriphDriver/CH59x_uart1.o
 .debug_aranges
                0x00000000000002d8       0x30 ./Startup/startup_CH592.o

.debug_ranges   0x0000000000000000      0x3d8
 .debug_ranges  0x0000000000000000       0x48 ./src/Main.o
 .debug_ranges  0x0000000000000048       0x58 ./StdPeriphDriver/CH59x_gpio.o
 .debug_ranges  0x00000000000000a0      0x140 ./StdPeriphDriver/CH59x_pwr.o
 .debug_ranges  0x00000000000001e0       0xe0 ./StdPeriphDriver/CH59x_sys.o
 .debug_ranges  0x00000000000002c0       0x28 ./StdPeriphDriver/CH59x_timer0.o
 .debug_ranges  0x00000000000002e8       0x30 ./StdPeriphDriver/CH59x_timer1.o
 .debug_ranges  0x0000000000000318       0x30 ./StdPeriphDriver/CH59x_timer2.o
 .debug_ranges  0x0000000000000348       0x28 ./StdPeriphDriver/CH59x_timer3.o
 .debug_ranges  0x0000000000000370       0x40 ./StdPeriphDriver/CH59x_uart1.o
 .debug_ranges  0x00000000000003b0       0x28 ./Startup/startup_CH592.o

.debug_line     0x0000000000000000     0x5c95
 .debug_line    0x0000000000000000      0x7a3 ./src/Main.o
 .debug_line    0x00000000000007a3      0x9f4 ./StdPeriphDriver/CH59x_gpio.o
 .debug_line    0x0000000000001197     0x1d0c ./StdPeriphDriver/CH59x_pwr.o
 .debug_line    0x0000000000002ea3     0x11ea ./StdPeriphDriver/CH59x_sys.o
 .debug_line    0x000000000000408d      0x48e ./StdPeriphDriver/CH59x_timer0.o
 .debug_line    0x000000000000451b      0x576 ./StdPeriphDriver/CH59x_timer1.o
 .debug_line    0x0000000000004a91      0x57a ./StdPeriphDriver/CH59x_timer2.o
 .debug_line    0x000000000000500b      0x48e ./StdPeriphDriver/CH59x_timer3.o
 .debug_line    0x0000000000005499      0x679 ./StdPeriphDriver/CH59x_uart1.o
 .debug_line    0x0000000000005b12      0x183 ./Startup/startup_CH592.o

.debug_str      0x0000000000000000     0x15c0
 .debug_str     0x0000000000000000      0xc6b ./src/Main.o
                                        0xd07 (size before relaxing)
 .debug_str     0x0000000000000c6b      0x15f ./StdPeriphDriver/CH59x_gpio.o
                                        0xa21 (size before relaxing)
 .debug_str     0x0000000000000dca      0x231 ./StdPeriphDriver/CH59x_pwr.o
                                        0xc37 (size before relaxing)
 .debug_str     0x0000000000000ffb      0x1be ./StdPeriphDriver/CH59x_sys.o
                                        0xc12 (size before relaxing)
 .debug_str     0x00000000000011b9       0xc3 ./StdPeriphDriver/CH59x_timer0.o
                                        0x98e (size before relaxing)
 .debug_str     0x000000000000127c       0xb1 ./StdPeriphDriver/CH59x_timer1.o
                                        0x9e9 (size before relaxing)
 .debug_str     0x000000000000132d       0x8f ./StdPeriphDriver/CH59x_timer2.o
                                        0x9e9 (size before relaxing)
 .debug_str     0x00000000000013bc       0x90 ./StdPeriphDriver/CH59x_timer3.o
                                        0x98e (size before relaxing)
 .debug_str     0x000000000000144c      0x115 ./StdPeriphDriver/CH59x_uart1.o
                                        0x984 (size before relaxing)
 .debug_str     0x0000000000001561       0x5f ./Startup/startup_CH592.o
                                         0x9e (size before relaxing)

.comment        0x0000000000000000       0x33
 .comment       0x0000000000000000       0x33 ./src/Main.o
                                         0x34 (size before relaxing)
 .comment       0x0000000000000033       0x34 ./StdPeriphDriver/CH59x_gpio.o
 .comment       0x0000000000000033       0x34 ./StdPeriphDriver/CH59x_pwr.o
 .comment       0x0000000000000033       0x34 ./StdPeriphDriver/CH59x_sys.o
 .comment       0x0000000000000033       0x34 ./StdPeriphDriver/CH59x_timer0.o
 .comment       0x0000000000000033       0x34 ./StdPeriphDriver/CH59x_timer1.o
 .comment       0x0000000000000033       0x34 ./StdPeriphDriver/CH59x_timer2.o
 .comment       0x0000000000000033       0x34 ./StdPeriphDriver/CH59x_timer3.o
 .comment       0x0000000000000033       0x34 ./StdPeriphDriver/CH59x_uart1.o
 .comment       0x0000000000000033       0x34 c:/Users/LRNA/Downloads/ch592-main/ch592-main/EVT/EXAM/SRC/StdPeriphDriver\libISP592.a(ISP583.o)

.debug_frame    0x0000000000000000      0xf88
 .debug_frame   0x0000000000000000       0x80 ./src/Main.o
 .debug_frame   0x0000000000000080       0xb0 ./StdPeriphDriver/CH59x_gpio.o
 .debug_frame   0x0000000000000130      0x160 ./StdPeriphDriver/CH59x_pwr.o
 .debug_frame   0x0000000000000290      0x14c ./StdPeriphDriver/CH59x_sys.o
 .debug_frame   0x00000000000003dc       0x50 ./StdPeriphDriver/CH59x_timer0.o
 .debug_frame   0x000000000000042c       0x60 ./StdPeriphDriver/CH59x_timer1.o
 .debug_frame   0x000000000000048c       0x60 ./StdPeriphDriver/CH59x_timer2.o
 .debug_frame   0x00000000000004ec       0x50 ./StdPeriphDriver/CH59x_timer3.o
 .debug_frame   0x000000000000053c       0x9c ./StdPeriphDriver/CH59x_uart1.o
 .debug_frame   0x00000000000005d8       0x54 c:/mounriver/mounriver_studio2/resources/app/resources/win32/components/wch/toolchain/risc-v embedded gcc/bin/../lib/gcc/riscv-none-embed/8.2.0/../../../../riscv-none-embed/lib/rv32imac/ilp32\libg_nano.a(lib_a-printf.o)
 .debug_frame   0x000000000000062c       0x50 c:/mounriver/mounriver_studio2/resources/app/resources/win32/components/wch/toolchain/risc-v embedded gcc/bin/../lib/gcc/riscv-none-embed/8.2.0/../../../../riscv-none-embed/lib/rv32imac/ilp32\libg_nano.a(lib_a-putchar.o)
 .debug_frame   0x000000000000067c       0x54 c:/mounriver/mounriver_studio2/resources/app/resources/win32/components/wch/toolchain/risc-v embedded gcc/bin/../lib/gcc/riscv-none-embed/8.2.0/../../../../riscv-none-embed/lib/rv32imac/ilp32\libg_nano.a(lib_a-puts.o)
 .debug_frame   0x00000000000006d0       0x50 c:/mounriver/mounriver_studio2/resources/app/resources/win32/components/wch/toolchain/risc-v embedded gcc/bin/../lib/gcc/riscv-none-embed/8.2.0/../../../../riscv-none-embed/lib/rv32imac/ilp32\libg_nano.a(lib_a-wbuf.o)
 .debug_frame   0x0000000000000720       0x3c c:/mounriver/mounriver_studio2/resources/app/resources/win32/components/wch/toolchain/risc-v embedded gcc/bin/../lib/gcc/riscv-none-embed/8.2.0/../../../../riscv-none-embed/lib/rv32imac/ilp32\libg_nano.a(lib_a-wsetup.o)
 .debug_frame   0x000000000000075c       0x7c c:/mounriver/mounriver_studio2/resources/app/resources/win32/components/wch/toolchain/risc-v embedded gcc/bin/../lib/gcc/riscv-none-embed/8.2.0/../../../../riscv-none-embed/lib/rv32imac/ilp32\libg_nano.a(lib_a-fflush.o)
 .debug_frame   0x00000000000007d8      0x148 c:/mounriver/mounriver_studio2/resources/app/resources/win32/components/wch/toolchain/risc-v embedded gcc/bin/../lib/gcc/riscv-none-embed/8.2.0/../../../../riscv-none-embed/lib/rv32imac/ilp32\libg_nano.a(lib_a-findfp.o)
 .debug_frame   0x0000000000000920       0x88 c:/mounriver/mounriver_studio2/resources/app/resources/win32/components/wch/toolchain/risc-v embedded gcc/bin/../lib/gcc/riscv-none-embed/8.2.0/../../../../riscv-none-embed/lib/rv32imac/ilp32\libg_nano.a(lib_a-fwalk.o)
 .debug_frame   0x00000000000009a8       0x64 c:/mounriver/mounriver_studio2/resources/app/resources/win32/components/wch/toolchain/risc-v embedded gcc/bin/../lib/gcc/riscv-none-embed/8.2.0/../../../../riscv-none-embed/lib/rv32imac/ilp32\libg_nano.a(lib_a-makebuf.o)
 .debug_frame   0x0000000000000a0c       0x40 c:/mounriver/mounriver_studio2/resources/app/resources/win32/components/wch/toolchain/risc-v embedded gcc/bin/../lib/gcc/riscv-none-embed/8.2.0/../../../../riscv-none-embed/lib/rv32imac/ilp32\libg_nano.a(lib_a-nano-freer.o)
 .debug_frame   0x0000000000000a4c       0x40 c:/mounriver/mounriver_studio2/resources/app/resources/win32/components/wch/toolchain/risc-v embedded gcc/bin/../lib/gcc/riscv-none-embed/8.2.0/../../../../riscv-none-embed/lib/rv32imac/ilp32\libg_nano.a(lib_a-nano-mallocr.o)
 .debug_frame   0x0000000000000a8c       0xd0 c:/mounriver/mounriver_studio2/resources/app/resources/win32/components/wch/toolchain/risc-v embedded gcc/bin/../lib/gcc/riscv-none-embed/8.2.0/../../../../riscv-none-embed/lib/rv32imac/ilp32\libg_nano.a(lib_a-nano-vfprintf.o)
 .debug_frame   0x0000000000000b5c       0x8c c:/mounriver/mounriver_studio2/resources/app/resources/win32/components/wch/toolchain/risc-v embedded gcc/bin/../lib/gcc/riscv-none-embed/8.2.0/../../../../riscv-none-embed/lib/rv32imac/ilp32\libg_nano.a(lib_a-nano-vfprintf_i.o)
 .debug_frame   0x0000000000000be8       0x4c c:/mounriver/mounriver_studio2/resources/app/resources/win32/components/wch/toolchain/risc-v embedded gcc/bin/../lib/gcc/riscv-none-embed/8.2.0/../../../../riscv-none-embed/lib/rv32imac/ilp32\libg_nano.a(lib_a-putc.o)
 .debug_frame   0x0000000000000c34       0x30 c:/mounriver/mounriver_studio2/resources/app/resources/win32/components/wch/toolchain/risc-v embedded gcc/bin/../lib/gcc/riscv-none-embed/8.2.0/../../../../riscv-none-embed/lib/rv32imac/ilp32\libg_nano.a(lib_a-sbrkr.o)
 .debug_frame   0x0000000000000c64       0xa4 c:/mounriver/mounriver_studio2/resources/app/resources/win32/components/wch/toolchain/risc-v embedded gcc/bin/../lib/gcc/riscv-none-embed/8.2.0/../../../../riscv-none-embed/lib/rv32imac/ilp32\libg_nano.a(lib_a-stdio.o)
 .debug_frame   0x0000000000000d08       0x30 c:/mounriver/mounriver_studio2/resources/app/resources/win32/components/wch/toolchain/risc-v embedded gcc/bin/../lib/gcc/riscv-none-embed/8.2.0/../../../../riscv-none-embed/lib/rv32imac/ilp32\libg_nano.a(lib_a-writer.o)
 .debug_frame   0x0000000000000d38       0x30 c:/mounriver/mounriver_studio2/resources/app/resources/win32/components/wch/toolchain/risc-v embedded gcc/bin/../lib/gcc/riscv-none-embed/8.2.0/../../../../riscv-none-embed/lib/rv32imac/ilp32\libg_nano.a(lib_a-closer.o)
 .debug_frame   0x0000000000000d68       0x30 c:/mounriver/mounriver_studio2/resources/app/resources/win32/components/wch/toolchain/risc-v embedded gcc/bin/../lib/gcc/riscv-none-embed/8.2.0/../../../../riscv-none-embed/lib/rv32imac/ilp32\libg_nano.a(lib_a-fstatr.o)
 .debug_frame   0x0000000000000d98       0x30 c:/mounriver/mounriver_studio2/resources/app/resources/win32/components/wch/toolchain/risc-v embedded gcc/bin/../lib/gcc/riscv-none-embed/8.2.0/../../../../riscv-none-embed/lib/rv32imac/ilp32\libg_nano.a(lib_a-isattyr.o)
 .debug_frame   0x0000000000000dc8       0x30 c:/mounriver/mounriver_studio2/resources/app/resources/win32/components/wch/toolchain/risc-v embedded gcc/bin/../lib/gcc/riscv-none-embed/8.2.0/../../../../riscv-none-embed/lib/rv32imac/ilp32\libg_nano.a(lib_a-lseekr.o)
 .debug_frame   0x0000000000000df8       0x20 c:/mounriver/mounriver_studio2/resources/app/resources/win32/components/wch/toolchain/risc-v embedded gcc/bin/../lib/gcc/riscv-none-embed/8.2.0/../../../../riscv-none-embed/lib/rv32imac/ilp32\libg_nano.a(lib_a-memchr.o)
 .debug_frame   0x0000000000000e18       0x30 c:/mounriver/mounriver_studio2/resources/app/resources/win32/components/wch/toolchain/risc-v embedded gcc/bin/../lib/gcc/riscv-none-embed/8.2.0/../../../../riscv-none-embed/lib/rv32imac/ilp32\libg_nano.a(lib_a-mlock.o)
 .debug_frame   0x0000000000000e48       0x30 c:/mounriver/mounriver_studio2/resources/app/resources/win32/components/wch/toolchain/risc-v embedded gcc/bin/../lib/gcc/riscv-none-embed/8.2.0/../../../../riscv-none-embed/lib/rv32imac/ilp32\libg_nano.a(lib_a-readr.o)
 .debug_frame   0x0000000000000e78       0x70 c:/mounriver/mounriver_studio2/resources/app/resources/win32/components/wch/toolchain/risc-v embedded gcc/bin/../lib/gcc/riscv-none-embed/8.2.0/../../../../riscv-none-embed/lib/rv32imac/ilp32\libg_nano.a(lib_a-reent.o)
 .debug_frame   0x0000000000000ee8       0x20 c:/mounriver/mounriver_studio2/resources/app/resources/win32/components/wch/toolchain/risc-v embedded gcc/bin/../lib/gcc/riscv-none-embed/8.2.0/../../../../riscv-none-embed/lib/rv32imac/ilp32\libnosys.a(close.o)
 .debug_frame   0x0000000000000f08       0x20 c:/mounriver/mounriver_studio2/resources/app/resources/win32/components/wch/toolchain/risc-v embedded gcc/bin/../lib/gcc/riscv-none-embed/8.2.0/../../../../riscv-none-embed/lib/rv32imac/ilp32\libnosys.a(fstat.o)
 .debug_frame   0x0000000000000f28       0x20 c:/mounriver/mounriver_studio2/resources/app/resources/win32/components/wch/toolchain/risc-v embedded gcc/bin/../lib/gcc/riscv-none-embed/8.2.0/../../../../riscv-none-embed/lib/rv32imac/ilp32\libnosys.a(isatty.o)
 .debug_frame   0x0000000000000f48       0x20 c:/mounriver/mounriver_studio2/resources/app/resources/win32/components/wch/toolchain/risc-v embedded gcc/bin/../lib/gcc/riscv-none-embed/8.2.0/../../../../riscv-none-embed/lib/rv32imac/ilp32\libnosys.a(lseek.o)
 .debug_frame   0x0000000000000f68       0x20 c:/mounriver/mounriver_studio2/resources/app/resources/win32/components/wch/toolchain/risc-v embedded gcc/bin/../lib/gcc/riscv-none-embed/8.2.0/../../../../riscv-none-embed/lib/rv32imac/ilp32\libnosys.a(read.o)

.stab           0x0000000000000000       0x84
 .stab          0x0000000000000000       0x24 c:/mounriver/mounriver_studio2/resources/app/resources/win32/components/wch/toolchain/risc-v embedded gcc/bin/../lib/gcc/riscv-none-embed/8.2.0/../../../../riscv-none-embed/lib/rv32imac/ilp32\libnosys.a(close.o)
 .stab          0x0000000000000024       0x18 c:/mounriver/mounriver_studio2/resources/app/resources/win32/components/wch/toolchain/risc-v embedded gcc/bin/../lib/gcc/riscv-none-embed/8.2.0/../../../../riscv-none-embed/lib/rv32imac/ilp32\libnosys.a(fstat.o)
                                         0x24 (size before relaxing)
 .stab          0x000000000000003c       0x18 c:/mounriver/mounriver_studio2/resources/app/resources/win32/components/wch/toolchain/risc-v embedded gcc/bin/../lib/gcc/riscv-none-embed/8.2.0/../../../../riscv-none-embed/lib/rv32imac/ilp32\libnosys.a(isatty.o)
                                         0x24 (size before relaxing)
 .stab          0x0000000000000054       0x18 c:/mounriver/mounriver_studio2/resources/app/resources/win32/components/wch/toolchain/risc-v embedded gcc/bin/../lib/gcc/riscv-none-embed/8.2.0/../../../../riscv-none-embed/lib/rv32imac/ilp32\libnosys.a(lseek.o)
                                         0x24 (size before relaxing)
 .stab          0x000000000000006c       0x18 c:/mounriver/mounriver_studio2/resources/app/resources/win32/components/wch/toolchain/risc-v embedded gcc/bin/../lib/gcc/riscv-none-embed/8.2.0/../../../../riscv-none-embed/lib/rv32imac/ilp32\libnosys.a(read.o)
                                         0x24 (size before relaxing)

.stabstr        0x0000000000000000      0x117
 .stabstr       0x0000000000000000      0x117 c:/mounriver/mounriver_studio2/resources/app/resources/win32/components/wch/toolchain/risc-v embedded gcc/bin/../lib/gcc/riscv-none-embed/8.2.0/../../../../riscv-none-embed/lib/rv32imac/ilp32\libnosys.a(close.o)
