Archive member included to satisfy reference by file (symbol)

c:/Users/Noahs/Desktop/code/mounriver/ch592/ScienceOlympiadEV/StdPeriphDriver\libISP592.a(ISP583.o)
                              ./StdPeriphDriver/CH59x_flash.o (FLASH_EEPROM_CMD)
c:/mounriver/mounriver_studio2/resources/app/resources/win32/components/wch/toolchain/risc-v embedded gcc12/bin/../lib/gcc/riscv-wch-elf/12.2.0\libgcc.a(_divdi3.o)
                              ./StdPeriphDriver/CH59x_clk.o (__divdi3)
c:/mounriver/mounriver_studio2/resources/app/resources/win32/components/wch/toolchain/risc-v embedded gcc12/bin/../lib/gcc/riscv-wch-elf/12.2.0\libgcc.a(_clz.o)
                              c:/mounriver/mounriver_studio2/resources/app/resources/win32/components/wch/toolchain/risc-v embedded gcc12/bin/../lib/gcc/riscv-wch-elf/12.2.0\libgcc.a(_divdi3.o) (__clz_tab)

Discarded input sections

 .text          0x0000000000000000        0x0 ./User/Sandbox.o
 .data          0x0000000000000000        0x0 ./User/Sandbox.o
 .bss           0x0000000000000000        0x0 ./User/Sandbox.o
 .text          0x0000000000000000        0x0 ./User/oled_driver.o
 .data          0x0000000000000000        0x0 ./User/oled_driver.o
 .bss           0x0000000000000000        0x0 ./User/oled_driver.o
 .text          0x0000000000000000        0x0 ./StdPeriphDriver/CH59x_clk.o
 .data          0x0000000000000000        0x0 ./StdPeriphDriver/CH59x_clk.o
 .bss           0x0000000000000000        0x0 ./StdPeriphDriver/CH59x_clk.o
 .text.LClk32K_Cfg
                0x0000000000000000       0x66 ./StdPeriphDriver/CH59x_clk.o
 .text.HSECFG_Current
                0x0000000000000000       0x4e ./StdPeriphDriver/CH59x_clk.o
 .text.HSECFG_Capacitance
                0x0000000000000000       0x52 ./StdPeriphDriver/CH59x_clk.o
 .text.LSECFG_Current
                0x0000000000000000       0x4e ./StdPeriphDriver/CH59x_clk.o
 .text.LClk32K_Select
                0x0000000000000000       0x6a ./StdPeriphDriver/CH59x_clk.o
 .text.LSECFG_Capacitance
                0x0000000000000000       0x50 ./StdPeriphDriver/CH59x_clk.o
 .text.RTC_InitTime
                0x0000000000000000      0x1e8 ./StdPeriphDriver/CH59x_clk.o
 .text.RTC_GetTime
                0x0000000000000000      0x176 ./StdPeriphDriver/CH59x_clk.o
 .text.RTC_SetCycle32k
                0x0000000000000000       0x6e ./StdPeriphDriver/CH59x_clk.o
 .highcode      0x0000000000000000       0x18 ./StdPeriphDriver/CH59x_clk.o
 .text.Calibration_LSI
                0x0000000000000000      0x8b0 ./StdPeriphDriver/CH59x_clk.o
 .text.RTC_TMRFunCfg
                0x0000000000000000       0x84 ./StdPeriphDriver/CH59x_clk.o
 .text.RTC_TRIGFunCfg
                0x0000000000000000       0x6e ./StdPeriphDriver/CH59x_clk.o
 .text.RTC_ModeFunDisable
                0x0000000000000000       0x5c ./StdPeriphDriver/CH59x_clk.o
 .text.RTC_GetITFlag
                0x0000000000000000       0x1a ./StdPeriphDriver/CH59x_clk.o
 .text.RTC_ClearITFlag
                0x0000000000000000       0x20 ./StdPeriphDriver/CH59x_clk.o
 .debug_info    0x0000000000000000     0x13be ./StdPeriphDriver/CH59x_clk.o
 .debug_abbrev  0x0000000000000000      0x310 ./StdPeriphDriver/CH59x_clk.o
 .debug_loclists
                0x0000000000000000      0x86c ./StdPeriphDriver/CH59x_clk.o
 .debug_aranges
                0x0000000000000000       0x98 ./StdPeriphDriver/CH59x_clk.o
 .debug_rnglists
                0x0000000000000000      0x18a ./StdPeriphDriver/CH59x_clk.o
 .debug_line    0x0000000000000000     0x2a07 ./StdPeriphDriver/CH59x_clk.o
 .debug_str     0x0000000000000000      0x6a1 ./StdPeriphDriver/CH59x_clk.o
 .debug_line_str
                0x0000000000000000      0x2c0 ./StdPeriphDriver/CH59x_clk.o
 .comment       0x0000000000000000       0x32 ./StdPeriphDriver/CH59x_clk.o
 .debug_frame   0x0000000000000000      0x1e8 ./StdPeriphDriver/CH59x_clk.o
 .riscv.attributes
                0x0000000000000000       0x34 ./StdPeriphDriver/CH59x_clk.o
 .text          0x0000000000000000        0x0 ./StdPeriphDriver/CH59x_flash.o
 .data          0x0000000000000000        0x0 ./StdPeriphDriver/CH59x_flash.o
 .bss           0x0000000000000000        0x0 ./StdPeriphDriver/CH59x_flash.o
 .text.FLASH_ROM_READ
                0x0000000000000000       0x1c ./StdPeriphDriver/CH59x_flash.o
 .text.UserOptionByteConfig
                0x0000000000000000       0xd8 ./StdPeriphDriver/CH59x_flash.o
 .text.UserOptionByteClose_SWD
                0x0000000000000000       0x7e ./StdPeriphDriver/CH59x_flash.o
 .text.UserOptionByte_Active
                0x0000000000000000       0x88 ./StdPeriphDriver/CH59x_flash.o
 .text.GET_UNIQUE_ID
                0x0000000000000000       0x5a ./StdPeriphDriver/CH59x_flash.o
 .debug_info    0x0000000000000000      0x4d0 ./StdPeriphDriver/CH59x_flash.o
 .debug_abbrev  0x0000000000000000      0x1f6 ./StdPeriphDriver/CH59x_flash.o
 .debug_loclists
                0x0000000000000000      0x251 ./StdPeriphDriver/CH59x_flash.o
 .debug_aranges
                0x0000000000000000       0x40 ./StdPeriphDriver/CH59x_flash.o
 .debug_rnglists
                0x0000000000000000       0x3a ./StdPeriphDriver/CH59x_flash.o
 .debug_line    0x0000000000000000      0x596 ./StdPeriphDriver/CH59x_flash.o
 .debug_str     0x0000000000000000      0x2da ./StdPeriphDriver/CH59x_flash.o
 .debug_line_str
                0x0000000000000000      0x2b7 ./StdPeriphDriver/CH59x_flash.o
 .comment       0x0000000000000000       0x32 ./StdPeriphDriver/CH59x_flash.o
 .debug_frame   0x0000000000000000       0xa8 ./StdPeriphDriver/CH59x_flash.o
 .riscv.attributes
                0x0000000000000000       0x34 ./StdPeriphDriver/CH59x_flash.o
 .text          0x0000000000000000        0x0 ./StdPeriphDriver/CH59x_gpio.o
 .data          0x0000000000000000        0x0 ./StdPeriphDriver/CH59x_gpio.o
 .bss           0x0000000000000000        0x0 ./StdPeriphDriver/CH59x_gpio.o
 .text.GPIOA_ModeCfg
                0x0000000000000000       0x9e ./StdPeriphDriver/CH59x_gpio.o
 .rodata.GPIOA_ModeCfg
                0x0000000000000000       0x14 ./StdPeriphDriver/CH59x_gpio.o
 .text.GPIOA_ITModeCfg
                0x0000000000000000       0x76 ./StdPeriphDriver/CH59x_gpio.o
 .text.GPIOB_ITModeCfg
                0x0000000000000000       0x7e ./StdPeriphDriver/CH59x_gpio.o
 .text.GPIOPinRemap
                0x0000000000000000       0x1a ./StdPeriphDriver/CH59x_gpio.o
 .text.GPIOAGPPCfg
                0x0000000000000000       0x1a ./StdPeriphDriver/CH59x_gpio.o
 .text          0x0000000000000000        0x0 ./StdPeriphDriver/CH59x_i2c.o
 .data          0x0000000000000000        0x0 ./StdPeriphDriver/CH59x_i2c.o
 .bss           0x0000000000000000        0x0 ./StdPeriphDriver/CH59x_i2c.o
 .text.I2C_Cmd  0x0000000000000000       0x20 ./StdPeriphDriver/CH59x_i2c.o
 .text.I2C_GenerateSTART
                0x0000000000000000       0x22 ./StdPeriphDriver/CH59x_i2c.o
 .text.I2C_GenerateSTOP
                0x0000000000000000       0x22 ./StdPeriphDriver/CH59x_i2c.o
 .text.I2C_AcknowledgeConfig
                0x0000000000000000       0x22 ./StdPeriphDriver/CH59x_i2c.o
 .text.I2C_OwnAddress2Config
                0x0000000000000000       0x28 ./StdPeriphDriver/CH59x_i2c.o
 .text.I2C_DualAddressCmd
                0x0000000000000000       0x20 ./StdPeriphDriver/CH59x_i2c.o
 .text.I2C_GeneralCallCmd
                0x0000000000000000       0x22 ./StdPeriphDriver/CH59x_i2c.o
 .text.I2C_ITConfig
                0x0000000000000000       0x1e ./StdPeriphDriver/CH59x_i2c.o
 .text.I2C_SendData
                0x0000000000000000        0xa ./StdPeriphDriver/CH59x_i2c.o
 .text.I2C_ReceiveData
                0x0000000000000000        0xe ./StdPeriphDriver/CH59x_i2c.o
 .text.I2C_Send7bitAddress
                0x0000000000000000       0x14 ./StdPeriphDriver/CH59x_i2c.o
 .text.I2C_SoftwareResetCmd
                0x0000000000000000       0x1a ./StdPeriphDriver/CH59x_i2c.o
 .text.I2C_Init
                0x0000000000000000      0x178 ./StdPeriphDriver/CH59x_i2c.o
 .text.I2C_NACKPositionConfig
                0x0000000000000000       0x2a ./StdPeriphDriver/CH59x_i2c.o
 .text.I2C_SMBusAlertConfig
                0x0000000000000000       0x2c ./StdPeriphDriver/CH59x_i2c.o
 .text.I2C_TransmitPEC
                0x0000000000000000       0x28 ./StdPeriphDriver/CH59x_i2c.o
 .text.I2C_PECPositionConfig
                0x0000000000000000        0x8 ./StdPeriphDriver/CH59x_i2c.o
 .text.I2C_CalculatePEC
                0x0000000000000000       0x22 ./StdPeriphDriver/CH59x_i2c.o
 .text.I2C_GetPEC
                0x0000000000000000        0xc ./StdPeriphDriver/CH59x_i2c.o
 .text.I2C_ARPCmd
                0x0000000000000000       0x20 ./StdPeriphDriver/CH59x_i2c.o
 .text.I2C_StretchClockCmd
                0x0000000000000000       0x22 ./StdPeriphDriver/CH59x_i2c.o
 .text.I2C_FastModeDutyCycleConfig
                0x0000000000000000       0x2c ./StdPeriphDriver/CH59x_i2c.o
 .text.I2C_CheckEvent
                0x0000000000000000       0x20 ./StdPeriphDriver/CH59x_i2c.o
 .text.I2C_GetLastEvent
                0x0000000000000000       0x16 ./StdPeriphDriver/CH59x_i2c.o
 .text.I2C_GetFlagStatus
                0x0000000000000000       0x3c ./StdPeriphDriver/CH59x_i2c.o
 .text.I2C_ClearFlag
                0x0000000000000000       0x12 ./StdPeriphDriver/CH59x_i2c.o
 .text.I2C_GetITStatus
                0x0000000000000000       0x26 ./StdPeriphDriver/CH59x_i2c.o
 .text.I2C_ClearITPendingBit
                0x0000000000000000        0x8 ./StdPeriphDriver/CH59x_i2c.o
 .debug_info    0x0000000000000000      0x7bc ./StdPeriphDriver/CH59x_i2c.o
 .debug_abbrev  0x0000000000000000      0x24e ./StdPeriphDriver/CH59x_i2c.o
 .debug_loclists
                0x0000000000000000      0x4a4 ./StdPeriphDriver/CH59x_i2c.o
 .debug_aranges
                0x0000000000000000       0xf8 ./StdPeriphDriver/CH59x_i2c.o
 .debug_rnglists
                0x0000000000000000      0x14a ./StdPeriphDriver/CH59x_i2c.o
 .debug_line    0x0000000000000000      0xcf6 ./StdPeriphDriver/CH59x_i2c.o
 .debug_str     0x0000000000000000      0x613 ./StdPeriphDriver/CH59x_i2c.o
 .debug_line_str
                0x0000000000000000      0x2c0 ./StdPeriphDriver/CH59x_i2c.o
 .comment       0x0000000000000000       0x32 ./StdPeriphDriver/CH59x_i2c.o
 .debug_frame   0x0000000000000000      0x20c ./StdPeriphDriver/CH59x_i2c.o
 .riscv.attributes
                0x0000000000000000       0x34 ./StdPeriphDriver/CH59x_i2c.o
 .text          0x0000000000000000        0x0 ./StdPeriphDriver/CH59x_lcd.o
 .data          0x0000000000000000        0x0 ./StdPeriphDriver/CH59x_lcd.o
 .bss           0x0000000000000000        0x0 ./StdPeriphDriver/CH59x_lcd.o
 .text.LCD_Init
                0x0000000000000000       0x38 ./StdPeriphDriver/CH59x_lcd.o
 .debug_info    0x0000000000000000      0x13e ./StdPeriphDriver/CH59x_lcd.o
 .debug_abbrev  0x0000000000000000       0x96 ./StdPeriphDriver/CH59x_lcd.o
 .debug_loclists
                0x0000000000000000       0x40 ./StdPeriphDriver/CH59x_lcd.o
 .debug_aranges
                0x0000000000000000       0x20 ./StdPeriphDriver/CH59x_lcd.o
 .debug_rnglists
                0x0000000000000000       0x16 ./StdPeriphDriver/CH59x_lcd.o
 .debug_line    0x0000000000000000       0xc9 ./StdPeriphDriver/CH59x_lcd.o
 .debug_str     0x0000000000000000      0x223 ./StdPeriphDriver/CH59x_lcd.o
 .debug_line_str
                0x0000000000000000      0x137 ./StdPeriphDriver/CH59x_lcd.o
 .comment       0x0000000000000000       0x32 ./StdPeriphDriver/CH59x_lcd.o
 .debug_frame   0x0000000000000000       0x20 ./StdPeriphDriver/CH59x_lcd.o
 .riscv.attributes
                0x0000000000000000       0x34 ./StdPeriphDriver/CH59x_lcd.o
 .text          0x0000000000000000        0x0 ./StdPeriphDriver/CH59x_pwm.o
 .data          0x0000000000000000        0x0 ./StdPeriphDriver/CH59x_pwm.o
 .bss           0x0000000000000000        0x0 ./StdPeriphDriver/CH59x_pwm.o
 .text.PWMX_CycleCfg
                0x0000000000000000       0x70 ./StdPeriphDriver/CH59x_pwm.o
 .rodata.PWMX_CycleCfg
                0x0000000000000000       0x18 ./StdPeriphDriver/CH59x_pwm.o
 .text.PWMX_16bit_CycleCfg
                0x0000000000000000       0x18 ./StdPeriphDriver/CH59x_pwm.o
 .text.PWMX_16bit_ACTOUT
                0x0000000000000000       0x6a ./StdPeriphDriver/CH59x_pwm.o
 .text.PWMX_ACTOUT
                0x0000000000000000       0x56 ./StdPeriphDriver/CH59x_pwm.o
 .text.PWMX_AlterOutCfg
                0x0000000000000000       0x1a ./StdPeriphDriver/CH59x_pwm.o
 .debug_info    0x0000000000000000      0x288 ./StdPeriphDriver/CH59x_pwm.o
 .debug_abbrev  0x0000000000000000       0xd6 ./StdPeriphDriver/CH59x_pwm.o
 .debug_loclists
                0x0000000000000000      0x1d1 ./StdPeriphDriver/CH59x_pwm.o
 .debug_aranges
                0x0000000000000000       0x40 ./StdPeriphDriver/CH59x_pwm.o
 .debug_rnglists
                0x0000000000000000       0x3a ./StdPeriphDriver/CH59x_pwm.o
 .debug_line    0x0000000000000000      0x43c ./StdPeriphDriver/CH59x_pwm.o
 .debug_str     0x0000000000000000      0x2af ./StdPeriphDriver/CH59x_pwm.o
 .debug_line_str
                0x0000000000000000      0x2b4 ./StdPeriphDriver/CH59x_pwm.o
 .comment       0x0000000000000000       0x32 ./StdPeriphDriver/CH59x_pwm.o
 .debug_frame   0x0000000000000000       0x60 ./StdPeriphDriver/CH59x_pwm.o
 .riscv.attributes
                0x0000000000000000       0x34 ./StdPeriphDriver/CH59x_pwm.o
 .text          0x0000000000000000        0x0 ./StdPeriphDriver/CH59x_pwr.o
 .data          0x0000000000000000        0x0 ./StdPeriphDriver/CH59x_pwr.o
 .bss           0x0000000000000000        0x0 ./StdPeriphDriver/CH59x_pwr.o
 .text.PWR_DCDCCfg
                0x0000000000000000      0x120 ./StdPeriphDriver/CH59x_pwr.o
 .text.PWR_UnitModCfg
                0x0000000000000000       0x5e ./StdPeriphDriver/CH59x_pwr.o
 .text.PWR_PeriphClkCfg
                0x0000000000000000       0x52 ./StdPeriphDriver/CH59x_pwr.o
 .text.PWR_PeriphWakeUpCfg
                0x0000000000000000       0xfa ./StdPeriphDriver/CH59x_pwr.o
 .text.PowerMonitor
                0x0000000000000000       0xec ./StdPeriphDriver/CH59x_pwr.o
 .highcode      0x0000000000000000      0x52c ./StdPeriphDriver/CH59x_pwr.o
 .debug_info    0x0000000000000000     0x1232 ./StdPeriphDriver/CH59x_pwr.o
 .debug_abbrev  0x0000000000000000      0x33e ./StdPeriphDriver/CH59x_pwr.o
 .debug_loclists
                0x0000000000000000      0x589 ./StdPeriphDriver/CH59x_pwr.o
 .debug_aranges
                0x0000000000000000       0x60 ./StdPeriphDriver/CH59x_pwr.o
 .debug_rnglists
                0x0000000000000000      0x125 ./StdPeriphDriver/CH59x_pwr.o
 .debug_line    0x0000000000000000     0x1a45 ./StdPeriphDriver/CH59x_pwr.o
 .debug_str     0x0000000000000000      0x572 ./StdPeriphDriver/CH59x_pwr.o
 .debug_line_str
                0x0000000000000000      0x2d5 ./StdPeriphDriver/CH59x_pwr.o
 .comment       0x0000000000000000       0x32 ./StdPeriphDriver/CH59x_pwr.o
 .debug_frame   0x0000000000000000      0x160 ./StdPeriphDriver/CH59x_pwr.o
 .riscv.attributes
                0x0000000000000000       0x34 ./StdPeriphDriver/CH59x_pwr.o
 .text          0x0000000000000000        0x0 ./StdPeriphDriver/CH59x_sys.o
 .data          0x0000000000000000        0x0 ./StdPeriphDriver/CH59x_sys.o
 .bss           0x0000000000000000        0x0 ./StdPeriphDriver/CH59x_sys.o
 .text.GetSysClock
                0x0000000000000000       0x3e ./StdPeriphDriver/CH59x_sys.o
 .text.SYS_GetInfoSta
                0x0000000000000000       0x26 ./StdPeriphDriver/CH59x_sys.o
 .text.SYS_DisableAllIrq
                0x0000000000000000       0x20 ./StdPeriphDriver/CH59x_sys.o
 .text.SYS_RecoverIrq
                0x0000000000000000       0x14 ./StdPeriphDriver/CH59x_sys.o
 .text.SYS_GetSysTickCnt
                0x0000000000000000        0xa ./StdPeriphDriver/CH59x_sys.o
 .text.WWDG_ITCfg
                0x0000000000000000       0x58 ./StdPeriphDriver/CH59x_sys.o
 .text.WWDG_ResetCfg
                0x0000000000000000       0x58 ./StdPeriphDriver/CH59x_sys.o
 .text.WWDG_ClearFlag
                0x0000000000000000       0x4a ./StdPeriphDriver/CH59x_sys.o
 .text._write   0x0000000000000000       0x28 ./StdPeriphDriver/CH59x_sys.o
 .text._sbrk    0x0000000000000000       0x2e ./StdPeriphDriver/CH59x_sys.o
 .sdata.curbrk.0
                0x0000000000000000        0x4 ./StdPeriphDriver/CH59x_sys.o
 .text          0x0000000000000000        0x0 ./StdPeriphDriver/CH59x_uart0.o
 .data          0x0000000000000000        0x0 ./StdPeriphDriver/CH59x_uart0.o
 .bss           0x0000000000000000        0x0 ./StdPeriphDriver/CH59x_uart0.o
 .text.UART0_BaudRateCfg
                0x0000000000000000       0x36 ./StdPeriphDriver/CH59x_uart0.o
 .text.UART0_DefInit
                0x0000000000000000       0x38 ./StdPeriphDriver/CH59x_uart0.o
 .text.UART0_ByteTrigCfg
                0x0000000000000000       0x1a ./StdPeriphDriver/CH59x_uart0.o
 .text.UART0_INTCfg
                0x0000000000000000       0x32 ./StdPeriphDriver/CH59x_uart0.o
 .text.UART0_Reset
                0x0000000000000000        0xe ./StdPeriphDriver/CH59x_uart0.o
 .text.UART0_SendString
                0x0000000000000000       0x30 ./StdPeriphDriver/CH59x_uart0.o
 .text.UART0_RecvString
                0x0000000000000000       0x24 ./StdPeriphDriver/CH59x_uart0.o
 .debug_info    0x0000000000000000      0x285 ./StdPeriphDriver/CH59x_uart0.o
 .debug_abbrev  0x0000000000000000      0x14c ./StdPeriphDriver/CH59x_uart0.o
 .debug_loclists
                0x0000000000000000      0x174 ./StdPeriphDriver/CH59x_uart0.o
 .debug_aranges
                0x0000000000000000       0x50 ./StdPeriphDriver/CH59x_uart0.o
 .debug_rnglists
                0x0000000000000000       0x4c ./StdPeriphDriver/CH59x_uart0.o
 .debug_line    0x0000000000000000      0x379 ./StdPeriphDriver/CH59x_uart0.o
 .debug_str     0x0000000000000000      0x2ae ./StdPeriphDriver/CH59x_uart0.o
 .debug_line_str
                0x0000000000000000      0x2c7 ./StdPeriphDriver/CH59x_uart0.o
 .comment       0x0000000000000000       0x32 ./StdPeriphDriver/CH59x_uart0.o
 .debug_frame   0x0000000000000000       0x9c ./StdPeriphDriver/CH59x_uart0.o
 .riscv.attributes
                0x0000000000000000       0x34 ./StdPeriphDriver/CH59x_uart0.o
 .text          0x0000000000000000        0x0 ./StdPeriphDriver/CH59x_uart1.o
 .data          0x0000000000000000        0x0 ./StdPeriphDriver/CH59x_uart1.o
 .bss           0x0000000000000000        0x0 ./StdPeriphDriver/CH59x_uart1.o
 .text.UART1_BaudRateCfg
                0x0000000000000000       0x36 ./StdPeriphDriver/CH59x_uart1.o
 .text.UART1_DefInit
                0x0000000000000000       0x38 ./StdPeriphDriver/CH59x_uart1.o
 .text.UART1_ByteTrigCfg
                0x0000000000000000       0x1a ./StdPeriphDriver/CH59x_uart1.o
 .text.UART1_INTCfg
                0x0000000000000000       0x32 ./StdPeriphDriver/CH59x_uart1.o
 .text.UART1_Reset
                0x0000000000000000        0xe ./StdPeriphDriver/CH59x_uart1.o
 .text.UART1_SendString
                0x0000000000000000       0x30 ./StdPeriphDriver/CH59x_uart1.o
 .text.UART1_RecvString
                0x0000000000000000       0x24 ./StdPeriphDriver/CH59x_uart1.o
 .debug_info    0x0000000000000000      0x285 ./StdPeriphDriver/CH59x_uart1.o
 .debug_abbrev  0x0000000000000000      0x14c ./StdPeriphDriver/CH59x_uart1.o
 .debug_loclists
                0x0000000000000000      0x174 ./StdPeriphDriver/CH59x_uart1.o
 .debug_aranges
                0x0000000000000000       0x50 ./StdPeriphDriver/CH59x_uart1.o
 .debug_rnglists
                0x0000000000000000       0x4c ./StdPeriphDriver/CH59x_uart1.o
 .debug_line    0x0000000000000000      0x379 ./StdPeriphDriver/CH59x_uart1.o
 .debug_str     0x0000000000000000      0x2ae ./StdPeriphDriver/CH59x_uart1.o
 .debug_line_str
                0x0000000000000000      0x2c7 ./StdPeriphDriver/CH59x_uart1.o
 .comment       0x0000000000000000       0x32 ./StdPeriphDriver/CH59x_uart1.o
 .debug_frame   0x0000000000000000       0x9c ./StdPeriphDriver/CH59x_uart1.o
 .riscv.attributes
                0x0000000000000000       0x34 ./StdPeriphDriver/CH59x_uart1.o
 .text          0x0000000000000000        0x0 ./Startup/startup_CH592.o
 .data          0x0000000000000000        0x0 ./Startup/startup_CH592.o
 .bss           0x0000000000000000        0x0 ./Startup/startup_CH592.o
 .text          0x0000000000000000        0x0 ./RVMSIS/core_riscv.o
 .data          0x0000000000000000        0x0 ./RVMSIS/core_riscv.o
 .bss           0x0000000000000000        0x0 ./RVMSIS/core_riscv.o
 .text.__get_MSTATUS
                0x0000000000000000        0x6 ./RVMSIS/core_riscv.o
 .text.__set_MSTATUS
                0x0000000000000000        0x6 ./RVMSIS/core_riscv.o
 .text.__get_MISA
                0x0000000000000000        0x6 ./RVMSIS/core_riscv.o
 .text.__set_MISA
                0x0000000000000000        0x6 ./RVMSIS/core_riscv.o
 .text.__get_MTVEC
                0x0000000000000000        0x6 ./RVMSIS/core_riscv.o
 .text.__set_MTVEC
                0x0000000000000000        0x6 ./RVMSIS/core_riscv.o
 .text.__get_MSCRATCH
                0x0000000000000000        0x6 ./RVMSIS/core_riscv.o
 .text.__set_MSCRATCH
                0x0000000000000000        0x6 ./RVMSIS/core_riscv.o
 .text.__get_MEPC
                0x0000000000000000        0x6 ./RVMSIS/core_riscv.o
 .text.__set_MEPC
                0x0000000000000000        0x6 ./RVMSIS/core_riscv.o
 .text.__get_MCAUSE
                0x0000000000000000        0x6 ./RVMSIS/core_riscv.o
 .text.__set_MCAUSE
                0x0000000000000000        0x6 ./RVMSIS/core_riscv.o
 .text.__get_MTVAL
                0x0000000000000000        0x6 ./RVMSIS/core_riscv.o
 .text.__set_MTVAL
                0x0000000000000000        0x6 ./RVMSIS/core_riscv.o
 .text.__get_MVENDORID
                0x0000000000000000        0x6 ./RVMSIS/core_riscv.o
 .text.__get_MARCHID
                0x0000000000000000        0x6 ./RVMSIS/core_riscv.o
 .text.__get_MIMPID
                0x0000000000000000        0x6 ./RVMSIS/core_riscv.o
 .text.__get_MHARTID
                0x0000000000000000        0x6 ./RVMSIS/core_riscv.o
 .text.__get_SP
                0x0000000000000000        0x4 ./RVMSIS/core_riscv.o
 .debug_info    0x0000000000000000      0x376 ./RVMSIS/core_riscv.o
 .debug_abbrev  0x0000000000000000       0xe0 ./RVMSIS/core_riscv.o
 .debug_aranges
                0x0000000000000000       0xb0 ./RVMSIS/core_riscv.o
 .debug_ranges  0x0000000000000000       0xa0 ./RVMSIS/core_riscv.o
 .debug_line    0x0000000000000000      0x4a4 ./RVMSIS/core_riscv.o
 .debug_str     0x0000000000000000      0x2c4 ./RVMSIS/core_riscv.o
 .comment       0x0000000000000000       0x34 ./RVMSIS/core_riscv.o
 .debug_frame   0x0000000000000000      0x140 ./RVMSIS/core_riscv.o
 .text          0x0000000000000000        0x0 c:/Users/Noahs/Desktop/code/mounriver/ch592/ScienceOlympiadEV/StdPeriphDriver\libISP592.a(ISP583.o)
 .data          0x0000000000000000        0x0 c:/Users/Noahs/Desktop/code/mounriver/ch592/ScienceOlympiadEV/StdPeriphDriver\libISP592.a(ISP583.o)
 .bss           0x0000000000000000        0x0 c:/Users/Noahs/Desktop/code/mounriver/ch592/ScienceOlympiadEV/StdPeriphDriver\libISP592.a(ISP583.o)
 .text          0x0000000000000000        0x0 c:/mounriver/mounriver_studio2/resources/app/resources/win32/components/wch/toolchain/risc-v embedded gcc12/bin/../lib/gcc/riscv-wch-elf/12.2.0\libgcc.a(_divdi3.o)
 .data          0x0000000000000000        0x0 c:/mounriver/mounriver_studio2/resources/app/resources/win32/components/wch/toolchain/risc-v embedded gcc12/bin/../lib/gcc/riscv-wch-elf/12.2.0\libgcc.a(_divdi3.o)
 .bss           0x0000000000000000        0x0 c:/mounriver/mounriver_studio2/resources/app/resources/win32/components/wch/toolchain/risc-v embedded gcc12/bin/../lib/gcc/riscv-wch-elf/12.2.0\libgcc.a(_divdi3.o)
 .text.__divdi3
                0x0000000000000000      0x3ec c:/mounriver/mounriver_studio2/resources/app/resources/win32/components/wch/toolchain/risc-v embedded gcc12/bin/../lib/gcc/riscv-wch-elf/12.2.0\libgcc.a(_divdi3.o)
 .comment       0x0000000000000000       0x32 c:/mounriver/mounriver_studio2/resources/app/resources/win32/components/wch/toolchain/risc-v embedded gcc12/bin/../lib/gcc/riscv-wch-elf/12.2.0\libgcc.a(_divdi3.o)
 .eh_frame      0x0000000000000000       0x28 c:/mounriver/mounriver_studio2/resources/app/resources/win32/components/wch/toolchain/risc-v embedded gcc12/bin/../lib/gcc/riscv-wch-elf/12.2.0\libgcc.a(_divdi3.o)
 .riscv.attributes
                0x0000000000000000       0x34 c:/mounriver/mounriver_studio2/resources/app/resources/win32/components/wch/toolchain/risc-v embedded gcc12/bin/../lib/gcc/riscv-wch-elf/12.2.0\libgcc.a(_divdi3.o)
 .text          0x0000000000000000        0x0 c:/mounriver/mounriver_studio2/resources/app/resources/win32/components/wch/toolchain/risc-v embedded gcc12/bin/../lib/gcc/riscv-wch-elf/12.2.0\libgcc.a(_clz.o)
 .data          0x0000000000000000        0x0 c:/mounriver/mounriver_studio2/resources/app/resources/win32/components/wch/toolchain/risc-v embedded gcc12/bin/../lib/gcc/riscv-wch-elf/12.2.0\libgcc.a(_clz.o)
 .bss           0x0000000000000000        0x0 c:/mounriver/mounriver_studio2/resources/app/resources/win32/components/wch/toolchain/risc-v embedded gcc12/bin/../lib/gcc/riscv-wch-elf/12.2.0\libgcc.a(_clz.o)
 .rodata.__clz_tab
                0x0000000000000000      0x100 c:/mounriver/mounriver_studio2/resources/app/resources/win32/components/wch/toolchain/risc-v embedded gcc12/bin/../lib/gcc/riscv-wch-elf/12.2.0\libgcc.a(_clz.o)
 .comment       0x0000000000000000       0x32 c:/mounriver/mounriver_studio2/resources/app/resources/win32/components/wch/toolchain/risc-v embedded gcc12/bin/../lib/gcc/riscv-wch-elf/12.2.0\libgcc.a(_clz.o)
 .riscv.attributes
                0x0000000000000000       0x34 c:/mounriver/mounriver_studio2/resources/app/resources/win32/components/wch/toolchain/risc-v embedded gcc12/bin/../lib/gcc/riscv-wch-elf/12.2.0\libgcc.a(_clz.o)

Memory Configuration

Name             Origin             Length             Attributes
FLASH            0x0000000000000000 0x0000000000070000 xr
RAM              0x0000000020000000 0x0000000000006800 xrw
*default*        0x0000000000000000 0xffffffffffffffff

Linker script and memory map

LOAD ./User/Sandbox.o
LOAD ./User/oled_driver.o
LOAD ./StdPeriphDriver/CH59x_clk.o
LOAD ./StdPeriphDriver/CH59x_flash.o
LOAD ./StdPeriphDriver/CH59x_gpio.o
LOAD ./StdPeriphDriver/CH59x_i2c.o
LOAD ./StdPeriphDriver/CH59x_lcd.o
LOAD ./StdPeriphDriver/CH59x_pwm.o
LOAD ./StdPeriphDriver/CH59x_pwr.o
LOAD ./StdPeriphDriver/CH59x_sys.o
LOAD ./StdPeriphDriver/CH59x_uart0.o
LOAD ./StdPeriphDriver/CH59x_uart1.o
LOAD ./Startup/startup_CH592.o
LOAD ./RVMSIS/core_riscv.o
LOAD c:/Users/Noahs/Desktop/code/mounriver/ch592/ScienceOlympiadEV/StdPeriphDriver\libISP592.a
LOAD c:/mounriver/mounriver_studio2/resources/app/resources/win32/components/wch/toolchain/risc-v embedded gcc12/bin/../lib/gcc/riscv-wch-elf/12.2.0/../../../../riscv-wch-elf/lib\libm_nano.a
LOAD c:/mounriver/mounriver_studio2/resources/app/resources/win32/components/wch/toolchain/risc-v embedded gcc12/bin/../lib/gcc/riscv-wch-elf/12.2.0\libgcc.a
LOAD c:/mounriver/mounriver_studio2/resources/app/resources/win32/components/wch/toolchain/risc-v embedded gcc12/bin/../lib/gcc/riscv-wch-elf/12.2.0/../../../../riscv-wch-elf/lib\libg_nano.a
LOAD c:/mounriver/mounriver_studio2/resources/app/resources/win32/components/wch/toolchain/risc-v embedded gcc12/bin/../lib/gcc/riscv-wch-elf/12.2.0/../../../../riscv-wch-elf/lib\libc_nano.a
LOAD c:/mounriver/mounriver_studio2/resources/app/resources/win32/components/wch/toolchain/risc-v embedded gcc12/bin/../lib/gcc/riscv-wch-elf/12.2.0\libgcc.a
START GROUP
LOAD c:/mounriver/mounriver_studio2/resources/app/resources/win32/components/wch/toolchain/risc-v embedded gcc12/bin/../lib/gcc/riscv-wch-elf/12.2.0\libgcc.a
LOAD c:/mounriver/mounriver_studio2/resources/app/resources/win32/components/wch/toolchain/risc-v embedded gcc12/bin/../lib/gcc/riscv-wch-elf/12.2.0/../../../../riscv-wch-elf/lib\libc_nano.a
LOAD c:/mounriver/mounriver_studio2/resources/app/resources/win32/components/wch/toolchain/risc-v embedded gcc12/bin/../lib/gcc/riscv-wch-elf/12.2.0/../../../../riscv-wch-elf/lib\libnosys.a
END GROUP
START GROUP
LOAD c:/mounriver/mounriver_studio2/resources/app/resources/win32/components/wch/toolchain/risc-v embedded gcc12/bin/../lib/gcc/riscv-wch-elf/12.2.0\libgcc.a
LOAD c:/mounriver/mounriver_studio2/resources/app/resources/win32/components/wch/toolchain/risc-v embedded gcc12/bin/../lib/gcc/riscv-wch-elf/12.2.0/../../../../riscv-wch-elf/lib\libc_nano.a
LOAD c:/mounriver/mounriver_studio2/resources/app/resources/win32/components/wch/toolchain/risc-v embedded gcc12/bin/../lib/gcc/riscv-wch-elf/12.2.0/../../../../riscv-wch-elf/lib\libnosys.a
END GROUP
                0x0000000000000200                __stack_size = 0x200
                [!provide]                        PROVIDE (_stack_size = __stack_size)

.init           0x0000000000000000        0x4
                0x0000000000000000                _sinit = .
                0x0000000000000000                . = ALIGN (0x4)
 *(SORT_NONE(.init))
 .init          0x0000000000000000        0x4 ./Startup/startup_CH592.o
                0x0000000000000000                _start
                0x0000000000000004                . = ALIGN (0x4)
                0x0000000000000004                _einit = .

.highcodelalign
                0x0000000000000004        0x0
                0x0000000000000004                . = ALIGN (0x4)
                0x0000000000000004                PROVIDE (_highcode_lma = .)

.highcode       0x0000000020000000      0x788 load address 0x0000000000000004
                0x0000000020000000                . = ALIGN (0x4)
                0x0000000020000000                PROVIDE (_highcode_vma_start = .)
 *(.vector)
 .vector        0x0000000020000000       0x90 ./Startup/startup_CH592.o
 *(SORT_NONE(.vector_handler))
 .vector_handler
                0x0000000020000090        0x2 ./Startup/startup_CH592.o
                0x0000000020000090                GPIOB_IRQHandler
                0x0000000020000090                GPIOA_IRQHandler
                0x0000000020000090                SysTick_Handler
                0x0000000020000090                NMI_Handler
                0x0000000020000090                UART1_IRQHandler
                0x0000000020000090                UART0_IRQHandler
                0x0000000020000090                BB_IRQHandler
                0x0000000020000090                Break_Point_Handler
                0x0000000020000090                TMR0_IRQHandler
                0x0000000020000090                Ecall_M_Mode_Handler
                0x0000000020000090                RTC_IRQHandler
                0x0000000020000090                UART2_IRQHandler
                0x0000000020000090                PWMX_IRQHandler
                0x0000000020000090                ADC_IRQHandler
                0x0000000020000090                TMR2_IRQHandler
                0x0000000020000090                USB_IRQHandler
                0x0000000020000090                I2C_IRQHandler
                0x0000000020000090                LLE_IRQHandler
                0x0000000020000090                WDOG_BAT_IRQHandler
                0x0000000020000090                Ecall_U_Mode_Handler
                0x0000000020000090                TMR3_IRQHandler
                0x0000000020000090                SW_Handler
                0x0000000020000090                SPI0_IRQHandler
                0x0000000020000090                UART3_IRQHandler
                0x0000000020000090                TMR1_IRQHandler
 *(.highcode)
 .highcode      0x0000000020000092      0x2ce ./StdPeriphDriver/CH59x_sys.o
                0x0000000020000092                SetSysClock
                0x0000000020000252                SYS_ResetExecute
                0x00000000200002aa                HardFault_Handler
                0x000000002000032a                mDelayuS
                0x0000000020000338                mDelaymS
 .highcode      0x0000000020000360      0x426 c:/Users/Noahs/Desktop/code/mounriver/ch592/ScienceOlympiadEV/StdPeriphDriver\libISP592.a(ISP583.o)
                0x0000000020000360                FLASH_ROM_BEG
                0x0000000020000372                FLASH_ROM_END
                0x0000000020000380                FLASH_ROM_IN
                0x000000002000038e                FLASH_ROM_OUT
                0x000000002000039c                FLASH_ROM_ADDR
                0x00000000200003e4                FLASH_ROM_WAIT
                0x000000002000041c                FLASH_EEPROM_CMD
 *(.highcode.*)
                0x0000000020000788                . = ALIGN (0x4)
 *fill*         0x0000000020000786        0x2 
                0x0000000020000788                PROVIDE (_highcode_vma_end = .)

.text           0x000000000000078c      0x5e8
                0x000000000000078c                . = ALIGN (0x4)
 *(SORT_NONE(.handle_reset))
 .handle_reset  0x000000000000078c       0xb6 ./Startup/startup_CH592.o
                0x000000000000078c                handle_reset
 *(.text)
 *(.text.*)
 .text.startup.main
                0x0000000000000842       0x30 ./User/Sandbox.o
                0x0000000000000842                main
 .text.I2C_Delay
                0x0000000000000872       0x1e ./User/oled_driver.o
                0x0000000000000872                I2C_Delay
 .text.I2C_Start
                0x0000000000000890       0x3e ./User/oled_driver.o
                0x0000000000000890                I2C_Start
 .text.I2C_Stop
                0x00000000000008ce       0x34 ./User/oled_driver.o
                0x00000000000008ce                I2C_Stop
 .text.I2C_SendByte
                0x0000000000000902       0x8c ./User/oled_driver.o
                0x0000000000000902                I2C_SendByte
 .text.OLED_WriteCmd
                0x000000000000098e       0x20 ./User/oled_driver.o
                0x000000000000098e                OLED_WriteCmd
 .text.OLED_WriteData
                0x00000000000009ae       0x22 ./User/oled_driver.o
                0x00000000000009ae                OLED_WriteData
 .text.OLED_SetCursor
                0x00000000000009d0       0x28 ./User/oled_driver.o
                0x00000000000009d0                OLED_SetCursor
 .text.OLED_Clear
                0x00000000000009f8       0x44 ./User/oled_driver.o
                0x00000000000009f8                OLED_Clear
 .text.OLED_Init
                0x0000000000000a3c       0xb0 ./User/oled_driver.o
                0x0000000000000a3c                OLED_Init
 .text.OLED_ShowChar
                0x0000000000000aec       0x62 ./User/oled_driver.o
                0x0000000000000aec                OLED_ShowChar
 .text.OLED_ShowString
                0x0000000000000b4e       0x32 ./User/oled_driver.o
                0x0000000000000b4e                OLED_ShowString
 .text.GPIOB_ModeCfg
                0x0000000000000b80       0x9e ./StdPeriphDriver/CH59x_gpio.o
                0x0000000000000b80                GPIOB_ModeCfg
 *(.rodata)
 *(.rodata*)
 *fill*         0x0000000000000c1e        0x2 
 .rodata.main.str1.4
                0x0000000000000c20       0x17 ./User/Sandbox.o
 *fill*         0x0000000000000c37        0x1 
 .rodata.FONT5x7
                0x0000000000000c38      0x127 ./User/oled_driver.o
                0x0000000000000c38                FONT5x7
 *fill*         0x0000000000000d5f        0x1 
 .rodata.GPIOB_ModeCfg
                0x0000000000000d60       0x14 ./StdPeriphDriver/CH59x_gpio.o
 *(.sdata2.*)
 *(.glue_7)
 *(.glue_7t)
 *(.gnu.linkonce.t.*)
                0x0000000000000d74                . = ALIGN (0x4)

.rela.dyn       0x0000000000000d74        0x0
 .rela.init     0x0000000000000d74        0x0 ./User/Sandbox.o
 .rela.vector   0x0000000000000d74        0x0 ./User/Sandbox.o
 .rela.handle_reset
                0x0000000000000d74        0x0 ./User/Sandbox.o

.fini           0x0000000000000d74        0x0
 *(SORT_NONE(.fini))
                0x0000000000000d74                . = ALIGN (0x4)
                [!provide]                        PROVIDE (_etext = .)
                [!provide]                        PROVIDE (_eitcm = .)

.preinit_array  0x0000000000000d74        0x0
                [!provide]                        PROVIDE (__preinit_array_start = .)
 *(.preinit_array)
                [!provide]                        PROVIDE (__preinit_array_end = .)

.init_array     0x0000000000000d74        0x0
                [!provide]                        PROVIDE (__init_array_start = .)
 *(SORT_BY_INIT_PRIORITY(.init_array.*) SORT_BY_INIT_PRIORITY(.ctors.*))
 *(.init_array EXCLUDE_FILE(*crtend?.o *crtend.o *crtbegin?.o *crtbegin.o) .ctors)
                [!provide]                        PROVIDE (__init_array_end = .)

.fini_array     0x0000000000000d74        0x0
                [!provide]                        PROVIDE (__fini_array_start = .)
 *(SORT_BY_INIT_PRIORITY(.fini_array.*) SORT_BY_INIT_PRIORITY(.dtors.*))
 *(.fini_array EXCLUDE_FILE(*crtend?.o *crtend.o *crtbegin?.o *crtbegin.o) .dtors)
                [!provide]                        PROVIDE (__fini_array_end = .)

.ctors
 *crtbegin.o(.ctors)
 *crtbegin?.o(.ctors)
 *(EXCLUDE_FILE(*crtend?.o *crtend.o) .ctors)
 *(SORT_BY_NAME(.ctors.*))
 *(.ctors)

.dtors
 *crtbegin.o(.dtors)
 *crtbegin?.o(.dtors)
 *(EXCLUDE_FILE(*crtend?.o *crtend.o) .dtors)
 *(SORT_BY_NAME(.dtors.*))
 *(.dtors)

.dalign         0x0000000020000788        0x0 load address 0x0000000000000d74
                0x0000000020000788                . = (ORIGIN (RAM) + SIZEOF (.highcode))

.dlalign        0x0000000000000d74        0x0
                0x0000000000000d74                . = ALIGN (0x4)
                0x0000000000000d74                PROVIDE (_data_lma = .)

.data           0x0000000020000788        0x0 load address 0x0000000000000d74
                0x0000000020000788                . = ALIGN (0x4)
                0x0000000020000788                PROVIDE (_data_vma = .)
 *(.gnu.linkonce.r.*)
 *(.data .data.*)
 *(.gnu.linkonce.d.*)
                0x0000000020000788                . = ALIGN (0x8)
                0x0000000020000f88                PROVIDE (__global_pointer$ = (. + 0x800))
 *(.sdata .sdata.*)
 *(.gnu.linkonce.s.*)
                0x0000000020000788                . = ALIGN (0x8)
 *(.srodata.cst16)
 *(.srodata.cst8)
 *(.srodata.cst4)
 *(.srodata.cst2)
 *(.srodata .srodata.*)
                0x0000000020000788                . = ALIGN (0x4)
                0x0000000020000788                PROVIDE (_edata = .)

.bss            0x0000000020000788        0x0 load address 0x0000000000000d74
                0x0000000020000788                . = ALIGN (0x4)
                0x0000000020000788                PROVIDE (_sbss = .)
 *(.sbss*)
 *(.gnu.linkonce.sb.*)
 *(.bss*)
 *(.gnu.linkonce.b.*)
 *(COMMON*)
                0x0000000020000788                . = ALIGN (0x4)
                0x0000000020000788                PROVIDE (_ebss = .)
                0x0000000020000788                PROVIDE (_end = _ebss)
                [!provide]                        PROVIDE (end = .)

.stack          0x0000000020006600      0x200
                0x0000000020006600                PROVIDE (_heap_end = .)
                0x0000000020006600                . = ALIGN (0x4)
                [!provide]                        PROVIDE (_susrstack = .)
                0x0000000020006800                . = (. + __stack_size)
 *fill*         0x0000000020006600      0x200 
                0x0000000020006800                PROVIDE (_eusrstack = .)
OUTPUT(ScienceOlympiadEV.elf elf32-littleriscv)

.debug_info     0x0000000000000000     0x16dd
 .debug_info    0x0000000000000000      0x18f ./User/Sandbox.o
 .debug_info    0x000000000000018f      0x6c7 ./User/oled_driver.o
 .debug_info    0x0000000000000856      0x286 ./StdPeriphDriver/CH59x_gpio.o
 .debug_info    0x0000000000000adc      0xbdf ./StdPeriphDriver/CH59x_sys.o
 .debug_info    0x00000000000016bb       0x22 ./Startup/startup_CH592.o

.debug_abbrev   0x0000000000000000      0x6e2
 .debug_abbrev  0x0000000000000000       0xcd ./User/Sandbox.o
 .debug_abbrev  0x00000000000000cd      0x17a ./User/oled_driver.o
 .debug_abbrev  0x0000000000000247       0xfa ./StdPeriphDriver/CH59x_gpio.o
 .debug_abbrev  0x0000000000000341      0x38f ./StdPeriphDriver/CH59x_sys.o
 .debug_abbrev  0x00000000000006d0       0x12 ./Startup/startup_CH592.o

.debug_aranges  0x0000000000000000      0x198
 .debug_aranges
                0x0000000000000000       0x20 ./User/Sandbox.o
 .debug_aranges
                0x0000000000000020       0x70 ./User/oled_driver.o
 .debug_aranges
                0x0000000000000090       0x48 ./StdPeriphDriver/CH59x_gpio.o
 .debug_aranges
                0x00000000000000d8       0x90 ./StdPeriphDriver/CH59x_sys.o
 .debug_aranges
                0x0000000000000168       0x30 ./Startup/startup_CH592.o

.debug_rnglists
                0x0000000000000000      0x1cf
 .debug_rnglists
                0x0000000000000000       0x16 ./User/Sandbox.o
 .debug_rnglists
                0x0000000000000016       0x70 ./User/oled_driver.o
 .debug_rnglists
                0x0000000000000086       0x43 ./StdPeriphDriver/CH59x_gpio.o
 .debug_rnglists
                0x00000000000000c9      0x106 ./StdPeriphDriver/CH59x_sys.o

.debug_line     0x0000000000000000     0x1eac
 .debug_line    0x0000000000000000       0xcb ./User/Sandbox.o
 .debug_line    0x00000000000000cb      0x7ac ./User/oled_driver.o
 .debug_line    0x0000000000000877      0x560 ./StdPeriphDriver/CH59x_gpio.o
 .debug_line    0x0000000000000dd7      0xf8a ./StdPeriphDriver/CH59x_sys.o
 .debug_line    0x0000000000001d61      0x14b ./Startup/startup_CH592.o

.debug_str      0x0000000000000000      0x728
 .debug_str     0x0000000000000000      0x23e ./User/Sandbox.o
                                        0x27f (size before relaxing)
 .debug_str     0x000000000000023e      0x11f ./User/oled_driver.o
                                        0x2c2 (size before relaxing)
 .debug_str     0x000000000000035d       0xea ./StdPeriphDriver/CH59x_gpio.o
                                        0x2f8 (size before relaxing)
 .debug_str     0x0000000000000447      0x279 ./StdPeriphDriver/CH59x_sys.o
                                        0x545 (size before relaxing)
 .debug_str     0x00000000000006c0       0x68 ./Startup/startup_CH592.o

.debug_line_str
                0x0000000000000000      0x374
 .debug_line_str
                0x0000000000000000      0x1ff ./User/Sandbox.o
                                        0x255 (size before relaxing)
 .debug_line_str
                0x00000000000001ff       0x2e ./User/oled_driver.o
                                        0x253 (size before relaxing)
 .debug_line_str
                0x000000000000022d       0x85 ./StdPeriphDriver/CH59x_gpio.o
                                        0x2b8 (size before relaxing)
 .debug_line_str
                0x00000000000002b2       0xc2 ./StdPeriphDriver/CH59x_sys.o
                                        0x363 (size before relaxing)

.comment        0x0000000000000000       0x64
 .comment       0x0000000000000000       0x31 ./User/Sandbox.o
                                         0x32 (size before relaxing)
 .comment       0x0000000000000031       0x32 ./User/oled_driver.o
 .comment       0x0000000000000031       0x32 ./StdPeriphDriver/CH59x_gpio.o
 .comment       0x0000000000000031       0x32 ./StdPeriphDriver/CH59x_sys.o
 .comment       0x0000000000000031       0x33 c:/Users/Noahs/Desktop/code/mounriver/ch592/ScienceOlympiadEV/StdPeriphDriver\libISP592.a(ISP583.o)
                                         0x34 (size before relaxing)

.riscv.attributes
                0x0000000000000000       0x34
 .riscv.attributes
                0x0000000000000000       0x34 ./User/Sandbox.o
 .riscv.attributes
                0x0000000000000034       0x34 ./User/oled_driver.o
 .riscv.attributes
                0x0000000000000068       0x34 ./StdPeriphDriver/CH59x_gpio.o
 .riscv.attributes
                0x000000000000009c       0x34 ./StdPeriphDriver/CH59x_sys.o

.debug_frame    0x0000000000000000      0x380
 .debug_frame   0x0000000000000000       0x28 ./User/Sandbox.o
 .debug_frame   0x0000000000000028      0x19c ./User/oled_driver.o
 .debug_frame   0x00000000000001c4       0x70 ./StdPeriphDriver/CH59x_gpio.o
 .debug_frame   0x0000000000000234      0x14c ./StdPeriphDriver/CH59x_sys.o

.debug_loclists
                0x0000000000000000      0x6d6
 .debug_loclists
                0x0000000000000000      0x1e7 ./User/oled_driver.o
 .debug_loclists
                0x00000000000001e7      0x176 ./StdPeriphDriver/CH59x_gpio.o
 .debug_loclists
                0x000000000000035d      0x379 ./StdPeriphDriver/CH59x_sys.o

.debug_ranges   0x0000000000000000       0x28
 .debug_ranges  0x0000000000000000       0x28 ./Startup/startup_CH592.o
