GAS LISTING C:\Users\LRNA\AppData\Local\Temp\ccApVA7D.s 			page 1


   1              		.file	"CH59x_lcd.c"
   2              		.option nopic
   3              		.attribute arch, "rv32i2p0_m2p0_a2p0_c2p0"
   4              		.attribute unaligned_access, 0
   5              		.attribute stack_align, 16
   6              		.text
   7              		.section	.text.LCD_Init,"ax",@progbits
   8              		.align	1
   9              		.globl	LCD_Init
  11              	LCD_Init:
  12 0000 3707D2FF 		li	a4,-3014656
  13 0004 B7170040 		li	a5,1073745920
  14 0008 4117     		addi	a4,a4,-16
  15 000a D8CF     		sw	a4,28(a5)
  16 000c 03D78701 		lhu	a4,24(a5)
  17 0010 8966     		li	a3,8192
  18 0012 0E05     		slli	a0,a0,3
  19 0014 558F     		or	a4,a4,a3
  20 0016 239CE700 		sh	a4,24(a5)
  21 001a 37070002 		li	a4,33554432
  22 001e B7670040 		li	a5,1073766400
  23 0022 130707F0 		addi	a4,a4,-256
  24 0026 98C3     		sw	a4,0(a5)
  25 0028 9843     		lw	a4,0(a5)
  26 002a 8A05     		slli	a1,a1,2
  27 002c 598D     		or	a0,a0,a4
  28 002e 4D8D     		or	a0,a0,a1
  29 0030 13653506 		ori	a0,a0,99
  30 0034 88C3     		sw	a0,0(a5)
  31 0036 8280     		ret
  33              		.ident	"GCC: (xPack GNU RISC-V Embedded GCC i386) 12.2.0"
GAS LISTING C:\Users\LRNA\AppData\Local\Temp\ccApVA7D.s 			page 2


DEFINED SYMBOLS
                            *ABS*:0000000000000000 CH59x_lcd.c
C:\Users\LRNA\AppData\Local\Temp\ccApVA7D.s:11     .text.LCD_Init:0000000000000000 LCD_Init
C:\Users\LRNA\AppData\Local\Temp\ccApVA7D.s:12     .text.LCD_Init:0000000000000000 $x

NO UNDEFINED SYMBOLS
