GAS LISTING C:\Users\LRNA\AppData\Local\Temp\cceftxpH.s 			page 1


   1              		.file	"CH59x_timer1.c"
   2              		.option nopic
   3              		.attribute arch, "rv32i2p0_m2p0_a2p0_c2p0"
   4              		.attribute unaligned_access, 0
   5              		.attribute stack_align, 16
   6              		.text
   7              		.section	.text.TMR1_TimerInit,"ax",@progbits
   8              		.align	1
   9              		.globl	TMR1_TimerInit
  11              	TMR1_TimerInit:
  12 0000 B7270040 		li	a5,1073750016
  13 0004 1387C740 		addi	a4,a5,1036
  14 0008 08C3     		sw	a0,0(a4)
  15 000a 0947     		li	a4,2
  16 000c 2380E740 		sb	a4,1024(a5)
  17 0010 1147     		li	a4,4
  18 0012 2380E740 		sb	a4,1024(a5)
  19 0016 8280     		ret
  21              		.section	.text.TMR1_EXTSingleCounterInit,"ax",@progbits
  22              		.align	1
  23              		.globl	TMR1_EXTSingleCounterInit
  25              	TMR1_EXTSingleCounterInit:
  26 0000 1A05     		slli	a0,a0,6
  27 0002 B7270040 		li	a5,1073750016
  28 0006 0947     		li	a4,2
  29 0008 13655501 		ori	a0,a0,21
  30 000c 2380E740 		sb	a4,1024(a5)
  31 0010 1375F50F 		andi	a0,a0,0xff
  32 0014 2380A740 		sb	a0,1024(a5)
  33 0018 8280     		ret
  35              		.section	.text.TMR1_PWMInit,"ax",@progbits
  36              		.align	1
  37              		.globl	TMR1_PWMInit
  39              	TMR1_PWMInit:
  40 0000 1205     		slli	a0,a0,4
  41 0002 9A05     		slli	a1,a1,6
  42 0004 B7270040 		li	a5,1073750016
  43 0008 0947     		li	a4,2
  44 000a 4D8D     		or	a0,a0,a1
  45 000c 2380E740 		sb	a4,1024(a5)
  46 0010 1375F50F 		andi	a0,a0,0xff
  47 0014 2380A740 		sb	a0,1024(a5)
  48 0018 8280     		ret
  50              		.section	.text.TMR1_CapInit,"ax",@progbits
  51              		.align	1
  52              		.globl	TMR1_CapInit
  54              	TMR1_CapInit:
  55 0000 1A05     		slli	a0,a0,6
  56 0002 B7270040 		li	a5,1073750016
  57 0006 0947     		li	a4,2
  58 0008 13655500 		ori	a0,a0,5
  59 000c 2380E740 		sb	a4,1024(a5)
  60 0010 1375F50F 		andi	a0,a0,0xff
  61 0014 2380A740 		sb	a0,1024(a5)
  62 0018 8280     		ret
  64              		.section	.text.TMR1_DMACfg,"ax",@progbits
  65              		.align	1
GAS LISTING C:\Users\LRNA\AppData\Local\Temp\cceftxpH.s 			page 2


  66              		.globl	TMR1_DMACfg
  68              	TMR1_DMACfg:
  69 0000 B7270040 		li	a5,1073750016
  70 0004 01E5     		bne	a0,zero,.L6
  71 0006 A3800740 		sb	zero,1025(a5)
  72 000a 8280     		ret
  73              	.L6:
  74 000c 239CB740 		sh	a1,1048(a5)
  75 0010 239EC740 		sh	a2,1052(a5)
  76 0014 1547     		li	a4,5
  77 0016 91E2     		bne	a3,zero,.L9
  78 0018 0547     		li	a4,1
  79              	.L9:
  80 001a A380E740 		sb	a4,1025(a5)
  81 001e 8280     		ret
  83              		.ident	"GCC: (xPack GNU RISC-V Embedded GCC i386) 12.2.0"
GAS LISTING C:\Users\LRNA\AppData\Local\Temp\cceftxpH.s 			page 3


DEFINED SYMBOLS
                            *ABS*:0000000000000000 CH59x_timer1.c
C:\Users\LRNA\AppData\Local\Temp\cceftxpH.s:11     .text.TMR1_TimerInit:0000000000000000 TMR1_TimerInit
C:\Users\LRNA\AppData\Local\Temp\cceftxpH.s:12     .text.TMR1_TimerInit:0000000000000000 $x
C:\Users\LRNA\AppData\Local\Temp\cceftxpH.s:25     .text.TMR1_EXTSingleCounterInit:0000000000000000 TMR1_EXTSingleCounterInit
C:\Users\LRNA\AppData\Local\Temp\cceftxpH.s:26     .text.TMR1_EXTSingleCounterInit:0000000000000000 $x
C:\Users\LRNA\AppData\Local\Temp\cceftxpH.s:39     .text.TMR1_PWMInit:0000000000000000 TMR1_PWMInit
C:\Users\LRNA\AppData\Local\Temp\cceftxpH.s:40     .text.TMR1_PWMInit:0000000000000000 $x
C:\Users\LRNA\AppData\Local\Temp\cceftxpH.s:54     .text.TMR1_CapInit:0000000000000000 TMR1_CapInit
C:\Users\LRNA\AppData\Local\Temp\cceftxpH.s:55     .text.TMR1_CapInit:0000000000000000 $x
C:\Users\LRNA\AppData\Local\Temp\cceftxpH.s:68     .text.TMR1_DMACfg:0000000000000000 TMR1_DMACfg
C:\Users\LRNA\AppData\Local\Temp\cceftxpH.s:69     .text.TMR1_DMACfg:0000000000000000 $x
C:\Users\LRNA\AppData\Local\Temp\cceftxpH.s:73     .text.TMR1_DMACfg:000000000000000c .L6
C:\Users\LRNA\AppData\Local\Temp\cceftxpH.s:79     .text.TMR1_DMACfg:000000000000001a .L9

NO UNDEFINED SYMBOLS
