GAS LISTING C:\Users\LRNA\AppData\Local\Temp\ccfA2TN3.s 			page 1


   1              		.file	"CH59x_pwm.c"
   2              		.option nopic
   3              		.attribute arch, "rv32i2p0_m2p0_a2p0_c2p0"
   4              		.attribute unaligned_access, 0
   5              		.attribute stack_align, 16
   6              		.text
   7              		.section	.text.PWMX_CycleCfg,"ax",@progbits
   8              		.align	1
   9              		.globl	PWMX_CycleCfg
  11              	PWMX_CycleCfg:
  12 0000 9547     		li	a5,5
  13 0002 63E3A702 		bgtu	a0,a5,.L1
  14 0006 17070000 		lla	a4,.L4
  14      13070700 
  15 000e 0A05     		slli	a0,a0,2
  16 0010 3A95     		add	a0,a0,a4
  17 0012 1C41     		lw	a5,0(a0)
  18 0014 BA97     		add	a5,a5,a4
  19 0016 37570040 		li	a4,1073762304
  20 001a 8287     		jr	a5
  21              		.section	.rodata.PWMX_CycleCfg,"a",@progbits
  22              		.align	2
  23              		.align	2
  24              	.L4:
  25 0000 00000000 		.word	.L9-.L4
  26 0004 00000000 		.word	.L8-.L4
  27 0008 00000000 		.word	.L7-.L4
  28 000c 00000000 		.word	.L6-.L4
  29 0010 00000000 		.word	.L5-.L4
  30 0014 00000000 		.word	.L3-.L4
  31              		.section	.text.PWMX_CycleCfg
  32              	.L9:
  33 001c 83472700 		lbu	a5,2(a4)
  34 0020 93F7070F 		andi	a5,a5,240
  35              	.L10:
  36 0024 2301F700 		sb	a5,2(a4)
  37              	.L1:
  38 0028 8280     		ret
  39              	.L8:
  40 002a 83472700 		lbu	a5,2(a4)
  41 002e 93F7070F 		andi	a5,a5,240
  42 0032 93E71700 		ori	a5,a5,1
  43 0036 FDB7     		j	.L10
  44              	.L7:
  45 0038 83472700 		lbu	a5,2(a4)
  46 003c 93F7070F 		andi	a5,a5,240
  47 0040 93E74700 		ori	a5,a5,4
  48 0044 C5B7     		j	.L10
  49              	.L6:
  50 0046 83472700 		lbu	a5,2(a4)
  51 004a 93F7070F 		andi	a5,a5,240
  52 004e 93E75700 		ori	a5,a5,5
  53 0052 C9BF     		j	.L10
  54              	.L5:
  55 0054 83472700 		lbu	a5,2(a4)
  56 0058 93F7070F 		andi	a5,a5,240
  57 005c 93E78700 		ori	a5,a5,8
GAS LISTING C:\Users\LRNA\AppData\Local\Temp\ccfA2TN3.s 			page 2


  58 0060 D1B7     		j	.L10
  59              	.L3:
  60 0062 83472700 		lbu	a5,2(a4)
  61 0066 93F7070F 		andi	a5,a5,240
  62 006a 93E79700 		ori	a5,a5,9
  63 006e 5DBF     		j	.L10
  65              		.section	.text.PWMX_16bit_CycleCfg,"ax",@progbits
  66              		.align	1
  67              		.globl	PWMX_16bit_CycleCfg
  69              	PWMX_16bit_CycleCfg:
  70 0000 37570040 		li	a4,1073762304
  71 0004 83472700 		lbu	a5,2(a4)
  72 0008 93F7070F 		andi	a5,a5,240
  73 000c 93E7C700 		ori	a5,a5,12
  74 0010 2301F700 		sb	a5,2(a4)
  75 0014 48CB     		sw	a0,20(a4)
  76 0016 8280     		ret
  78              		.section	.text.PWMX_16bit_ACTOUT,"ax",@progbits
  79              		.align	1
  80              		.globl	PWMX_16bit_ACTOUT
  82              	PWMX_16bit_ACTOUT:
  83 0000 37570040 		li	a4,1073762304
  84 0004 89EA     		bne	a3,zero,.L13
  85 0006 83470700 		lbu	a5,0(a4)
  86 000a 1345F5FF 		not	a0,a0
  87 000e 7D8D     		and	a0,a5,a0
  88 0010 2300A700 		sb	a0,0(a4)
  89 0014 8280     		ret
  90              	.L13:
  91 0016 83471700 		lbu	a5,1(a4)
  92 001a 1DC6     		beq	a2,zero,.L15
  93 001c C98F     		or	a5,a5,a0
  94              	.L25:
  95 001e A300F700 		sb	a5,1(a4)
  96 0022 B7570040 		li	a5,1073762304
  97 0026 9107     		addi	a5,a5,4
  98 0028 0147     		li	a4,0
  99 002a 1948     		li	a6,6
 100 002c 8D48     		li	a7,3
 101              	.L21:
 102 002e B356E540 		sra	a3,a0,a4
 103 0032 858A     		andi	a3,a3,1
 104 0034 13061700 		addi	a2,a4,1
 105 0038 91CE     		beq	a3,zero,.L17
 106 003a 63EBE800 		bgtu	a4,a7,.L18
 107 003e 2390B700 		sh	a1,0(a5)
 108 0042 3287     		mv	a4,a2
 109              	.L26:
 110 0044 8907     		addi	a5,a5,2
 111 0046 E5B7     		j	.L21
 112              	.L15:
 113 0048 9346F5FF 		not	a3,a0
 114 004c F58F     		and	a5,a5,a3
 115 004e C1BF     		j	.L25
 116              	.L18:
 117 0050 2392B700 		sh	a1,4(a5)
 118              	.L17:
GAS LISTING C:\Users\LRNA\AppData\Local\Temp\ccfA2TN3.s 			page 3


 119 0054 3287     		mv	a4,a2
 120 0056 E31706FF 		bne	a2,a6,.L26
 121 005a 37570040 		li	a4,1073762304
 122 005e 83470700 		lbu	a5,0(a4)
 123 0062 C98F     		or	a5,a5,a0
 124 0064 2300F700 		sb	a5,0(a4)
 125 0068 8280     		ret
 127              		.section	.text.PWMX_ACTOUT,"ax",@progbits
 128              		.align	1
 129              		.globl	PWMX_ACTOUT
 131              	PWMX_ACTOUT:
 132 0000 37570040 		li	a4,1073762304
 133 0004 89EA     		bne	a3,zero,.L28
 134 0006 83470700 		lbu	a5,0(a4)
 135 000a 1345F5FF 		not	a0,a0
 136 000e E98F     		and	a5,a5,a0
 137              	.L39:
 138 0010 2300F700 		sb	a5,0(a4)
 139 0014 8280     		ret
 140              	.L28:
 141 0016 83471700 		lbu	a5,1(a4)
 142 001a 15CA     		beq	a2,zero,.L30
 143 001c C98F     		or	a5,a5,a0
 144              	.L38:
 145 001e A300F700 		sb	a5,1(a4)
 146 0022 37570040 		li	a4,1073762304
 147 0026 8147     		li	a5,0
 148 0028 1107     		addi	a4,a4,4
 149 002a 2146     		li	a2,8
 150              	.L33:
 151 002c B356F540 		sra	a3,a0,a5
 152 0030 858A     		andi	a3,a3,1
 153 0032 89C6     		beq	a3,zero,.L32
 154 0034 B386E700 		add	a3,a5,a4
 155 0038 2380B600 		sb	a1,0(a3)
 156              	.L32:
 157 003c 8507     		addi	a5,a5,1
 158 003e E397C7FE 		bne	a5,a2,.L33
 159 0042 37570040 		li	a4,1073762304
 160 0046 83470700 		lbu	a5,0(a4)
 161 004a C98F     		or	a5,a5,a0
 162 004c D1B7     		j	.L39
 163              	.L30:
 164 004e 9346F5FF 		not	a3,a0
 165 0052 F58F     		and	a5,a5,a3
 166 0054 E9B7     		j	.L38
 168              		.section	.text.PWMX_AlterOutCfg,"ax",@progbits
 169              		.align	1
 170              		.globl	PWMX_AlterOutCfg
 172              	PWMX_AlterOutCfg:
 173 0000 37570040 		li	a4,1073762304
 174 0004 83472700 		lbu	a5,2(a4)
 175 0008 99E5     		bne	a1,zero,.L41
 176 000a 1345F5FF 		not	a0,a0
 177 000e E98F     		and	a5,a5,a0
 178              	.L43:
 179 0010 2301F700 		sb	a5,2(a4)
GAS LISTING C:\Users\LRNA\AppData\Local\Temp\ccfA2TN3.s 			page 4


 180 0014 8280     		ret
 181              	.L41:
 182 0016 C98F     		or	a5,a5,a0
 183 0018 E5BF     		j	.L43
 185              		.ident	"GCC: (xPack GNU RISC-V Embedded GCC i386) 12.2.0"
GAS LISTING C:\Users\LRNA\AppData\Local\Temp\ccfA2TN3.s 			page 5


DEFINED SYMBOLS
                            *ABS*:0000000000000000 CH59x_pwm.c
C:\Users\LRNA\AppData\Local\Temp\ccfA2TN3.s:11     .text.PWMX_CycleCfg:0000000000000000 PWMX_CycleCfg
C:\Users\LRNA\AppData\Local\Temp\ccfA2TN3.s:12     .text.PWMX_CycleCfg:0000000000000000 $x
C:\Users\LRNA\AppData\Local\Temp\ccfA2TN3.s:69     .text.PWMX_16bit_CycleCfg:0000000000000000 PWMX_16bit_CycleCfg
C:\Users\LRNA\AppData\Local\Temp\ccfA2TN3.s:70     .text.PWMX_16bit_CycleCfg:0000000000000000 $x
C:\Users\LRNA\AppData\Local\Temp\ccfA2TN3.s:82     .text.PWMX_16bit_ACTOUT:0000000000000000 PWMX_16bit_ACTOUT
C:\Users\LRNA\AppData\Local\Temp\ccfA2TN3.s:83     .text.PWMX_16bit_ACTOUT:0000000000000000 $x
C:\Users\LRNA\AppData\Local\Temp\ccfA2TN3.s:131    .text.PWMX_ACTOUT:0000000000000000 PWMX_ACTOUT
C:\Users\LRNA\AppData\Local\Temp\ccfA2TN3.s:132    .text.PWMX_ACTOUT:0000000000000000 $x
C:\Users\LRNA\AppData\Local\Temp\ccfA2TN3.s:172    .text.PWMX_AlterOutCfg:0000000000000000 PWMX_AlterOutCfg
C:\Users\LRNA\AppData\Local\Temp\ccfA2TN3.s:173    .text.PWMX_AlterOutCfg:0000000000000000 $x
C:\Users\LRNA\AppData\Local\Temp\ccfA2TN3.s:24     .rodata.PWMX_CycleCfg:0000000000000000 .L4
C:\Users\LRNA\AppData\Local\Temp\ccfA2TN3.s:14     .text.PWMX_CycleCfg:0000000000000006 .L0 
C:\Users\LRNA\AppData\Local\Temp\ccfA2TN3.s:37     .text.PWMX_CycleCfg:0000000000000028 .L1
C:\Users\LRNA\AppData\Local\Temp\ccfA2TN3.s:35     .text.PWMX_CycleCfg:0000000000000024 .L10
C:\Users\LRNA\AppData\Local\Temp\ccfA2TN3.s:32     .text.PWMX_CycleCfg:000000000000001c .L9
C:\Users\LRNA\AppData\Local\Temp\ccfA2TN3.s:39     .text.PWMX_CycleCfg:000000000000002a .L8
C:\Users\LRNA\AppData\Local\Temp\ccfA2TN3.s:44     .text.PWMX_CycleCfg:0000000000000038 .L7
C:\Users\LRNA\AppData\Local\Temp\ccfA2TN3.s:49     .text.PWMX_CycleCfg:0000000000000046 .L6
C:\Users\LRNA\AppData\Local\Temp\ccfA2TN3.s:54     .text.PWMX_CycleCfg:0000000000000054 .L5
C:\Users\LRNA\AppData\Local\Temp\ccfA2TN3.s:59     .text.PWMX_CycleCfg:0000000000000062 .L3
C:\Users\LRNA\AppData\Local\Temp\ccfA2TN3.s:90     .text.PWMX_16bit_ACTOUT:0000000000000016 .L13
C:\Users\LRNA\AppData\Local\Temp\ccfA2TN3.s:112    .text.PWMX_16bit_ACTOUT:0000000000000048 .L15
C:\Users\LRNA\AppData\Local\Temp\ccfA2TN3.s:118    .text.PWMX_16bit_ACTOUT:0000000000000054 .L17
C:\Users\LRNA\AppData\Local\Temp\ccfA2TN3.s:116    .text.PWMX_16bit_ACTOUT:0000000000000050 .L18
C:\Users\LRNA\AppData\Local\Temp\ccfA2TN3.s:101    .text.PWMX_16bit_ACTOUT:000000000000002e .L21
C:\Users\LRNA\AppData\Local\Temp\ccfA2TN3.s:94     .text.PWMX_16bit_ACTOUT:000000000000001e .L25
C:\Users\LRNA\AppData\Local\Temp\ccfA2TN3.s:109    .text.PWMX_16bit_ACTOUT:0000000000000044 .L26
C:\Users\LRNA\AppData\Local\Temp\ccfA2TN3.s:140    .text.PWMX_ACTOUT:0000000000000016 .L28
C:\Users\LRNA\AppData\Local\Temp\ccfA2TN3.s:163    .text.PWMX_ACTOUT:000000000000004e .L30
C:\Users\LRNA\AppData\Local\Temp\ccfA2TN3.s:156    .text.PWMX_ACTOUT:000000000000003c .L32
C:\Users\LRNA\AppData\Local\Temp\ccfA2TN3.s:150    .text.PWMX_ACTOUT:000000000000002c .L33
C:\Users\LRNA\AppData\Local\Temp\ccfA2TN3.s:137    .text.PWMX_ACTOUT:0000000000000010 .L39
C:\Users\LRNA\AppData\Local\Temp\ccfA2TN3.s:144    .text.PWMX_ACTOUT:000000000000001e .L38
C:\Users\LRNA\AppData\Local\Temp\ccfA2TN3.s:181    .text.PWMX_AlterOutCfg:0000000000000016 .L41
C:\Users\LRNA\AppData\Local\Temp\ccfA2TN3.s:178    .text.PWMX_AlterOutCfg:0000000000000010 .L43

NO UNDEFINED SYMBOLS
