Archive member included to satisfy reference by file (symbol)

c:/mounriver/mounriver_studio2/resources/app/resources/win32/components/wch/toolchain/risc-v embedded gcc12/bin/../lib/gcc/riscv-wch-elf/12.2.0/../../../../riscv-wch-elf/lib\libc_nano.a(lib_a-printf.o)
                              ../obj/ScienceOlympiadEV/CH59x_usbhostBase.o (printf)
c:/mounriver/mounriver_studio2/resources/app/resources/win32/components/wch/toolchain/risc-v embedded gcc12/bin/../lib/gcc/riscv-wch-elf/12.2.0/../../../../riscv-wch-elf/lib\libc_nano.a(lib_a-putchar.o)
                              ../obj/ScienceOlympiadEV/CH59x_usbhostClass.o (putchar)
c:/mounriver/mounriver_studio2/resources/app/resources/win32/components/wch/toolchain/risc-v embedded gcc12/bin/../lib/gcc/riscv-wch-elf/12.2.0/../../../../riscv-wch-elf/lib\libc_nano.a(lib_a-putc.o)
                              c:/mounriver/mounriver_studio2/resources/app/resources/win32/components/wch/toolchain/risc-v embedded gcc12/bin/../lib/gcc/riscv-wch-elf/12.2.0/../../../../riscv-wch-elf/lib\libc_nano.a(lib_a-putchar.o) (_putc_r)
c:/mounriver/mounriver_studio2/resources/app/resources/win32/components/wch/toolchain/risc-v embedded gcc12/bin/../lib/gcc/riscv-wch-elf/12.2.0/../../../../riscv-wch-elf/lib\libc_nano.a(lib_a-puts.o)
                              ../obj/ScienceOlympiadEV/CH59x_usbhostBase.o (puts)
c:/mounriver/mounriver_studio2/resources/app/resources/win32/components/wch/toolchain/risc-v embedded gcc12/bin/../lib/gcc/riscv-wch-elf/12.2.0/../../../../riscv-wch-elf/lib\libc_nano.a(lib_a-sprintf.o)
                              ../obj/ScienceOlympiadEV/main.o (sprintf)
c:/mounriver/mounriver_studio2/resources/app/resources/win32/components/wch/toolchain/risc-v embedded gcc12/bin/../lib/gcc/riscv-wch-elf/12.2.0/../../../../riscv-wch-elf/lib\libc_nano.a(lib_a-wbuf.o)
                              c:/mounriver/mounriver_studio2/resources/app/resources/win32/components/wch/toolchain/risc-v embedded gcc12/bin/../lib/gcc/riscv-wch-elf/12.2.0/../../../../riscv-wch-elf/lib\libc_nano.a(lib_a-putc.o) (__swbuf_r)
c:/mounriver/mounriver_studio2/resources/app/resources/win32/components/wch/toolchain/risc-v embedded gcc12/bin/../lib/gcc/riscv-wch-elf/12.2.0/../../../../riscv-wch-elf/lib\libc_nano.a(lib_a-wsetup.o)
                              c:/mounriver/mounriver_studio2/resources/app/resources/win32/components/wch/toolchain/risc-v embedded gcc12/bin/../lib/gcc/riscv-wch-elf/12.2.0/../../../../riscv-wch-elf/lib\libc_nano.a(lib_a-puts.o) (__swsetup_r)
c:/mounriver/mounriver_studio2/resources/app/resources/win32/components/wch/toolchain/risc-v embedded gcc12/bin/../lib/gcc/riscv-wch-elf/12.2.0/../../../../riscv-wch-elf/lib\libc_nano.a(lib_a-fflush.o)
                              c:/mounriver/mounriver_studio2/resources/app/resources/win32/components/wch/toolchain/risc-v embedded gcc12/bin/../lib/gcc/riscv-wch-elf/12.2.0/../../../../riscv-wch-elf/lib\libc_nano.a(lib_a-wbuf.o) (_fflush_r)
c:/mounriver/mounriver_studio2/resources/app/resources/win32/components/wch/toolchain/risc-v embedded gcc12/bin/../lib/gcc/riscv-wch-elf/12.2.0/../../../../riscv-wch-elf/lib\libc_nano.a(lib_a-findfp.o)
                              c:/mounriver/mounriver_studio2/resources/app/resources/win32/components/wch/toolchain/risc-v embedded gcc12/bin/../lib/gcc/riscv-wch-elf/12.2.0/../../../../riscv-wch-elf/lib\libc_nano.a(lib_a-printf.o) (__sinit)
c:/mounriver/mounriver_studio2/resources/app/resources/win32/components/wch/toolchain/risc-v embedded gcc12/bin/../lib/gcc/riscv-wch-elf/12.2.0/../../../../riscv-wch-elf/lib\libc_nano.a(lib_a-fwalk.o)
                              c:/mounriver/mounriver_studio2/resources/app/resources/win32/components/wch/toolchain/risc-v embedded gcc12/bin/../lib/gcc/riscv-wch-elf/12.2.0/../../../../riscv-wch-elf/lib\libc_nano.a(lib_a-findfp.o) (_fwalk)
c:/mounriver/mounriver_studio2/resources/app/resources/win32/components/wch/toolchain/risc-v embedded gcc12/bin/../lib/gcc/riscv-wch-elf/12.2.0/../../../../riscv-wch-elf/lib\libc_nano.a(lib_a-impure.o)
                              c:/mounriver/mounriver_studio2/resources/app/resources/win32/components/wch/toolchain/risc-v embedded gcc12/bin/../lib/gcc/riscv-wch-elf/12.2.0/../../../../riscv-wch-elf/lib\libc_nano.a(lib_a-fflush.o) (_global_impure_ptr)
c:/mounriver/mounriver_studio2/resources/app/resources/win32/components/wch/toolchain/risc-v embedded gcc12/bin/../lib/gcc/riscv-wch-elf/12.2.0/../../../../riscv-wch-elf/lib\libc_nano.a(lib_a-lock.o)
                              c:/mounriver/mounriver_studio2/resources/app/resources/win32/components/wch/toolchain/risc-v embedded gcc12/bin/../lib/gcc/riscv-wch-elf/12.2.0/../../../../riscv-wch-elf/lib\libc_nano.a(lib_a-findfp.o) (__retarget_lock_init_recursive)
c:/mounriver/mounriver_studio2/resources/app/resources/win32/components/wch/toolchain/risc-v embedded gcc12/bin/../lib/gcc/riscv-wch-elf/12.2.0/../../../../riscv-wch-elf/lib\libc_nano.a(lib_a-makebuf.o)
[...]
Memory Configuration

Name             Origin             Length             Attributes
FLASH            0x0000000000000000 0x0000000000070000 xr
RAM              0x0000000020000000 0x0000000000006800 xrw
*default*        0x0000000000000000 0xffffffffffffffff

Linker script and memory map

LOAD ../obj/ScienceOlympiadEV/main.o
LOAD ../obj/ScienceOlympiadEV/oled_driver.o
LOAD ../obj/ScienceOlympiadEV/CH59x_clk.o
LOAD ../obj/ScienceOlympiadEV/CH59x_flash.o
LOAD ../obj/ScienceOlympiadEV/CH59x_gpio.o
LOAD ../obj/ScienceOlympiadEV/CH59x_i2c.o
LOAD ../obj/ScienceOlympiadEV/CH59x_pwm.o
LOAD ../obj/ScienceOlympiadEV/CH59x_pwr.o
LOAD ../obj/ScienceOlympiadEV/CH59x_sys.o
LOAD ../obj/ScienceOlympiadEV/CH59x_timer0.o
LOAD ../obj/ScienceOlympiadEV/CH59x_timer1.o
LOAD ../obj/ScienceOlympiadEV/CH59x_timer2.o
LOAD ../obj/ScienceOlympiadEV/CH59x_timer3.o
LOAD ../obj/ScienceOlympiadEV/CH59x_adc.o
LOAD ../obj/ScienceOlympiadEV/CH59x_spi0.o
LOAD ../obj/ScienceOlympiadEV/CH59x_uart0.o
LOAD ../obj/ScienceOlympiadEV/CH59x_uart1.o
LOAD ../obj/ScienceOlympiadEV/CH59x_uart2.o
LOAD ../obj/ScienceOlympiadEV/CH59x_uart3.o
LOAD ../obj/ScienceOlympiadEV/CH59x_usbdev.o
LOAD ../obj/ScienceOlympiadEV/CH59x_usbhostBase.o
LOAD ../obj/ScienceOlympiadEV/CH59x_usbhostClass.o
LOAD ../obj/ScienceOlympiadEV/CH59x_lcd.o
LOAD ../obj/ScienceOlympiadEV/startup_CH592.o
LOAD c:/mounriver/mounriver_studio2/resources/app/resources/win32/components/wch/toolchain/risc-v embedded gcc12/bin/../lib/gcc/riscv-wch-elf/12.2.0/../../../../riscv-wch-elf/lib\libc_nano.a
LOAD c:/mounriver/mounriver_studio2/resources/app/resources/win32/components/wch/toolchain/risc-v embedded gcc12/bin/../lib/gcc/riscv-wch-elf/12.2.0/../../../../riscv-wch-elf/lib\libm_nano.a
LOAD c:/mounriver/mounriver_studio2/resources/app/resources/win32/components/wch/toolchain/risc-v embedded gcc12/bin/../lib/gcc/riscv-wch-elf/12.2.0/../../../../riscv-wch-elf/lib\libnosys.a
LOAD ../SRC/StdPeriphDriver\libISP592.a
LOAD c:/mounriver/mounriver_studio2/resources/app/resources/win32/components/wch/toolchain/risc-v embedded gcc12/bin/../lib/gcc/riscv-wch-elf/12.2.0\libgcc.a
LOAD c:/mounriver/mounriver_studio2/resources/app/resources/win32/components/wch/toolchain/risc-v embedded gcc12/bin/../lib/gcc/riscv-wch-elf/12.2.0/../../../../riscv-wch-elf/lib\libc_nano.a
LOAD c:/mounriver/mounriver_studio2/resources/app/resources/win32/components/wch/toolchain/risc-v embedded gcc12/bin/../lib/gcc/riscv-wch-elf/12.2.0\libgcc.a
START GROUP
LOAD c:/mounriver/mounriver_studio2/resources/app/resources/win32/components/wch/toolchain/risc-v embedded gcc12/bin/../lib/gcc/riscv-wch-elf/12.2.0\libgcc.a
LOAD c:/mounriver/mounriver_studio2/resources/app/resources/win32/components/wch/toolchain/risc-v embedded gcc12/bin/../lib/gcc/riscv-wch-elf/12.2.0/../../../../riscv-wch-elf/lib\libc_nano.a
LOAD c:/mounriver/mounriver_studio2/resources/app/resources/win32/components/wch/toolchain/risc-v embedded gcc12/bin/../lib/gcc/riscv-wch-elf/12.2.0/../../../../riscv-wch-elf/lib\libnosys.a
END GROUP
START GROUP
LOAD c:/mounriver/mounriver_studio2/resources/app/resources/win32/components/wch/toolchain/risc-v embedded gcc12/bin/../lib/gcc/riscv-wch-elf/12.2.0\libgcc.a
LOAD c:/mounriver/mounriver_studio2/resources/app/resources/win32/components/wch/toolchain/risc-v embedded gcc12/bin/../lib/gcc/riscv-wch-elf/12.2.0/../../../../riscv-wch-elf/lib\libc_nano.a
LOAD c:/mounriver/mounriver_studio2/resources/app/resources/win32/components/wch/toolchain/risc-v embedded gcc12/bin/../lib/gcc/riscv-wch-elf/12.2.0/../../../../riscv-wch-elf/lib\libnosys.a
END GROUP
                0x0000000000000200                __stack_size = 0x200
                [!provide]                        PROVIDE (_stack_size = __stack_size)

.init           0x0000000000000000        0x4
                0x0000000000000000                _sinit = .
                0x0000000000000000                . = ALIGN (0x4)
 *(SORT_NONE(.init))
 .init          0x0000000000000000        0x4 ../obj/ScienceOlympiadEV/startup_CH592.o
                0x0000000000000000                _start
                0x0000000000000004                . = ALIGN (0x4)
                0x0000000000000004                _einit = .

.highcodelalign
                0x0000000000000004        0x0
                0x0000000000000004                . = ALIGN (0x4)
                0x0000000000000004                PROVIDE (_highcode_lma = .)

.highcode       0x0000000020000000      0x84c load address 0x0000000000000004
                0x0000000020000000                . = ALIGN (0x4)
                0x0000000020000000                PROVIDE (_highcode_vma_start = .)
 *(.vector)
 .vector        0x0000000020000000       0x90 ../obj/ScienceOlympiadEV/startup_CH592.o
 *(SORT_NONE(.vector_handler))
 .vector_handler
                0x0000000020000090        0x2 ../obj/ScienceOlympiadEV/startup_CH592.o
                0x0000000020000090                SysTick_Handler
                0x0000000020000090                NMI_Handler
                0x0000000020000090                UART1_IRQHandler
                0x0000000020000090                UART0_IRQHandler
                0x0000000020000090                BB_IRQHandler
                0x0000000020000090                Break_Point_Handler
                0x0000000020000090                Ecall_M_Mode_Handler
                0x0000000020000090                RTC_IRQHandler
                0x0000000020000090                UART2_IRQHandler
                0x0000000020000090                PWMX_IRQHandler
                0x0000000020000090                ADC_IRQHandler
                0x0000000020000090                TMR2_IRQHandler
                0x0000000020000090                USB_IRQHandler
                0x0000000020000090                I2C_IRQHandler
                0x0000000020000090                LLE_IRQHandler
                0x0000000020000090                WDOG_BAT_IRQHandler
                0x0000000020000090                Ecall_U_Mode_Handler
                0x0000000020000090                TMR3_IRQHandler
                0x0000000020000090                SW_Handler
                0x0000000020000090                SPI0_IRQHandler
                0x0000000020000090                UART3_IRQHandler
                0x0000000020000090                TMR1_IRQHandler
 *(.highcode)
 .highcode      0x0000000020000092       0xc6 ../obj/ScienceOlympiadEV/main.o
                0x0000000020000092                TMR0_IRQHandler
                0x00000000200000b2                GPIOB_IRQHandler
                0x0000000020000108                GPIOA_IRQHandler
 .highcode      0x0000000020000158      0x2ce ../obj/ScienceOlympiadEV/CH59x_sys.o
                0x0000000020000158                SetSysClock
                0x0000000020000318                SYS_ResetExecute
                0x0000000020000370                HardFault_Handler
                0x00000000200003f0                mDelayuS
                0x00000000200003fe                mDelaymS
 .highcode      0x0000000020000426      0x426 ../SRC/StdPeriphDriver\libISP592.a(ISP583.o)
                0x0000000020000426                FLASH_ROM_BEG
                0x0000000020000438                FLASH_ROM_END
                0x0000000020000446                FLASH_ROM_IN
                0x0000000020000454                FLASH_ROM_OUT
                0x0000000020000462                FLASH_ROM_ADDR
                0x00000000200004aa                FLASH_ROM_WAIT
                0x00000000200004e2                FLASH_EEPROM_CMD
 *(.highcode.*)
                0x000000002000084c                . = ALIGN (0x4)
                0x000000002000084c                PROVIDE (_highcode_vma_end = .)

.text           0x0000000000000850     0x31d8
                0x0000000000000850                . = ALIGN (0x4)
 *(SORT_NONE(.handle_reset))
 .handle_reset  0x0000000000000850       0xaa ../obj/ScienceOlympiadEV/startup_CH592.o
                0x0000000000000850                handle_reset
 *(.text)
 .text          0x00000000000008fa       0x16 c:/mounriver/mounriver_studio2/resources/app/resources/win32/components/wch/toolchain/risc-v embedded gcc12/bin/../lib/gcc/riscv-wch-elf/12.2.0/../../../../riscv-wch-elf/lib\libc_nano.a(lib_a-memcpy-asm.o)
                0x00000000000008fa                memcpy
 .text          0x0000000000000910       0x26 c:/mounriver/mounriver_studio2/resources/app/resources/win32/components/wch/toolchain/risc-v embedded gcc12/bin/../lib/gcc/riscv-wch-elf/12.2.0/../../../../riscv-wch-elf/lib\libc_nano.a(lib_a-memmove.o)
                0x0000000000000910                memmove
 *(.text.*)
 .text.SetLeftMotor
                0x0000000000000936       0xd6 ../obj/ScienceOlympiadEV/main.o
                0x0000000000000936                SetLeftMotor
 .text.SetRightMotor
                0x0000000000000a0c       0xd6 ../obj/ScienceOlympiadEV/main.o
                0x0000000000000a0c                SetRightMotor
 .text.Motor_Init
                0x0000000000000ae2       0xa0 ../obj/ScienceOlympiadEV/main.o
                0x0000000000000ae2                Motor_Init
 .text.startup.main
                0x0000000000000b82      0x99a ../obj/ScienceOlympiadEV/main.o
                0x0000000000000b82                main
 .text.I2C_Delay
                0x000000000000151c       0x1e ../obj/ScienceOlympiadEV/oled_driver.o
                0x000000000000151c                I2C_Delay
 .text.I2C_Start
                0x000000000000153a       0x3e ../obj/ScienceOlympiadEV/oled_driver.o
                0x000000000000153a                I2C_Start
 .text.I2C_Stop
                0x0000000000001578       0x34 ../obj/ScienceOlympiadEV/oled_driver.o
                0x0000000000001578                I2C_Stop
 .text.I2C_SendByte
                0x00000000000015ac       0x8c ../obj/ScienceOlympiadEV/oled_driver.o
                0x00000000000015ac                I2C_SendByte
 .text.OLED_WriteCmd
                0x0000000000001638       0x20 ../obj/ScienceOlympiadEV/oled_driver.o
                0x0000000000001638                OLED_WriteCmd
 .text.OLED_WriteData
                0x0000000000001658       0x22 ../obj/ScienceOlympiadEV/oled_driver.o
                0x0000000000001658                OLED_WriteData
 .text.OLED_SetCursor
                0x000000000000167a       0x28 ../obj/ScienceOlympiadEV/oled_driver.o
                0x000000000000167a                OLED_SetCursor
 .text.OLED_Clear
                0x00000000000016a2       0x44 ../obj/ScienceOlympiadEV/oled_driver.o
                0x00000000000016a2                OLED_Clear
 .text.OLED_Init
                0x00000000000016e6       0xb0 ../obj/ScienceOlympiadEV/oled_driver.o
                0x00000000000016e6                OLED_Init
 .text.OLED_ShowChar
                0x0000000000001796       0x9c ../obj/ScienceOlympiadEV/oled_driver.o
                0x0000000000001796                OLED_ShowChar
 .text.OLED_ShowString
                0x0000000000001832       0x32 ../obj/ScienceOlympiadEV/oled_driver.o
                0x0000000000001832                OLED_ShowString
 .text.GPIOA_ModeCfg
                0x0000000000001864       0x9e ../obj/ScienceOlympiadEV/CH59x_gpio.o
                0x0000000000001864                GPIOA_ModeCfg
 .text.GPIOB_ModeCfg
                0x0000000000001902       0x9e ../obj/ScienceOlympiadEV/CH59x_gpio.o
                0x0000000000001902                GPIOB_ModeCfg
 .text.GPIOA_ITModeCfg
                0x00000000000019a0       0x76 ../obj/ScienceOlympiadEV/CH59x_gpio.o
                0x00000000000019a0                GPIOA_ITModeCfg
 .text.GPIOB_ITModeCfg
                0x0000000000001a16       0x7e ../obj/ScienceOlympiadEV/CH59x_gpio.o
                0x0000000000001a16                GPIOB_ITModeCfg
 .text.PWMX_16bit_CycleCfg
                0x0000000000001a94       0x18 ../obj/ScienceOlympiadEV/CH59x_pwm.o
                0x0000000000001a94                PWMX_16bit_CycleCfg
 .text.PWMX_16bit_ACTOUT
                0x0000000000001aac       0x6a ../obj/ScienceOlympiadEV/CH59x_pwm.o
                0x0000000000001aac                PWMX_16bit_ACTOUT
 .text._sbrk    0x0000000000001b16       0x2a ../obj/ScienceOlympiadEV/CH59x_sys.o
                0x0000000000001b16                _sbrk
 .text.TMR0_TimerInit
                0x0000000000001b40       0x14 ../obj/ScienceOlympiadEV/CH59x_timer0.o
                0x0000000000001b40                TMR0_TimerInit
 .text.sprintf  0x0000000000001b54       0x44 c:/mounriver/mounriver_studio2/resources/app/resources/win32/components/wch/toolchain/risc-v embedded gcc12/bin/../lib/gcc/riscv-wch-elf/12.2.0/../../../../riscv-wch-elf/lib\libc_nano.a(lib_a-sprintf.o)
                0x0000000000001b54                siprintf
                0x0000000000001b54                sprintf
 .text.__retarget_lock_acquire_recursive
                0x0000000000001b98        0x2 c:/mounriver/mounriver_studio2/resources/app/resources/win32/components/wch/toolchain/risc-v embedded gcc12/bin/../lib/gcc/riscv-wch-elf/12.2.0/../../../../riscv-wch-elf/lib\libc_nano.a(lib_a-lock.o)
                0x0000000000001b98                __retarget_lock_acquire_recursive
 .text.__retarget_lock_release_recursive
                0x0000000000001b9a        0x2 c:/mounriver/mounriver_studio2/resources/app/resources/win32/components/wch/toolchain/risc-v embedded gcc12/bin/../lib/gcc/riscv-wch-elf/12.2.0/../../../../riscv-wch-elf/lib\libc_nano.a(lib_a-lock.o)
                0x0000000000001b9a                __retarget_lock_release_recursive
 .text._free_r  0x0000000000001b9c       0xa2 c:/mounriver/mounriver_studio2/resources/app/resources/win32/components/wch/toolchain/risc-v embedded gcc12/bin/../lib/gcc/riscv-wch-elf/12.2.0/../../../../riscv-wch-elf/lib\libc_nano.a(lib_a-nano-freer.o)
                0x0000000000001b9c                _free_r
 .text.sbrk_aligned
                0x0000000000001c3e       0x5a c:/mounriver/mounriver_studio2/resources/app/resources/win32/components/wch/toolchain/risc-v embedded gcc12/bin/../lib/gcc/riscv-wch-elf/12.2.0/../../../../riscv-wch-elf/lib\libc_nano.a(lib_a-nano-mallocr.o)
 .text._malloc_r
                0x0000000000001c98      0x10e c:/mounriver/mounriver_studio2/resources/app/resources/win32/components/wch/toolchain/risc-v embedded gcc12/bin/../lib/gcc/riscv-wch-elf/12.2.0/../../../../riscv-wch-elf/lib\libc_nano.a(lib_a-nano-mallocr.o)
                0x0000000000001c98                _malloc_r
 .text.__ssputs_r
                0x0000000000001da6       0xe6 c:/mounriver/mounriver_studio2/resources/app/resources/win32/components/wch/toolchain/risc-v embedded gcc12/bin/../lib/gcc/riscv-wch-elf/12.2.0/../../../../riscv-wch-elf/lib\libc_nano.a(lib_a-nano-svfprintf.o)
                0x0000000000001da6                __ssputs_r
 .text._svfprintf_r
                0x0000000000001e8c      0x26c c:/mounriver/mounriver_studio2/resources/app/resources/win32/components/wch/toolchain/risc-v embedded gcc12/bin/../lib/gcc/riscv-wch-elf/12.2.0/../../../../riscv-wch-elf/lib\libc_nano.a(lib_a-nano-svfprintf.o)
                0x0000000000001e8c                _svfiprintf_r
                0x0000000000001e8c                _svfprintf_r
 .text._printf_common
                0x00000000000020f8      0x110 c:/mounriver/mounriver_studio2/resources/app/resources/win32/components/wch/toolchain/risc-v embedded gcc12/bin/../lib/gcc/riscv-wch-elf/12.2.0/../../../../riscv-wch-elf/lib\libc_nano.a(lib_a-nano-vfprintf_i.o)
                0x00000000000020f8                _printf_common
 .text._printf_i
                0x0000000000002208      0x282 c:/mounriver/mounriver_studio2/resources/app/resources/win32/components/wch/toolchain/risc-v embedded gcc12/bin/../lib/gcc/riscv-wch-elf/12.2.0/../../../../riscv-wch-elf/lib\libc_nano.a(lib_a-nano-vfprintf_i.o)
                0x0000000000002208                _printf_i
 .text._sbrk_r  0x000000000000248a       0x28 c:/mounriver/mounriver_studio2/resources/app/resources/win32/components/wch/toolchain/risc-v embedded gcc12/bin/../lib/gcc/riscv-wch-elf/12.2.0/../../../../riscv-wch-elf/lib\libc_nano.a(lib_a-sbrkr.o)
                0x000000000000248a                _sbrk_r
 .text.memchr   0x00000000000024b2       0x1a c:/mounriver/mounriver_studio2/resources/app/resources/win32/components/wch/toolchain/risc-v embedded gcc12/bin/../lib/gcc/riscv-wch-elf/12.2.0/../../../../riscv-wch-elf/lib\libc_nano.a(lib_a-memchr.o)
                0x00000000000024b2                memchr
 .text.__malloc_lock
                0x00000000000024cc        0x8 c:/mounriver/mounriver_studio2/resources/app/resources/win32/components/wch/toolchain/risc-v embedded gcc12/bin/../lib/gcc/riscv-wch-elf/12.2.0/../../../../riscv-wch-elf/lib\libc_nano.a(lib_a-mlock.o)
                0x00000000000024cc                __malloc_lock
 .text.__malloc_unlock
                0x00000000000024d4        0x8 c:/mounriver/mounriver_studio2/resources/app/resources/win32/components/wch/toolchain/risc-v embedded gcc12/bin/../lib/gcc/riscv-wch-elf/12.2.0/../../../../riscv-wch-elf/lib\libc_nano.a(lib_a-mlock.o)
                0x00000000000024d4                __malloc_unlock
 .text._realloc_r
                0x00000000000024dc       0x7c c:/mounriver/mounriver_studio2/resources/app/resources/win32/components/wch/toolchain/risc-v embedded gcc12/bin/../lib/gcc/riscv-wch-elf/12.2.0/../../../../riscv-wch-elf/lib\libc_nano.a(lib_a-nano-reallocr.o)
                0x00000000000024dc                _realloc_r
 .text._malloc_usable_size_r
                0x0000000000002558       0x14 c:/mounriver/mounriver_studio2/resources/app/resources/win32/components/wch/toolchain/risc-v embedded gcc12/bin/../lib/gcc/riscv-wch-elf/12.2.0/../../../../riscv-wch-elf/lib\libc_nano.a(lib_a-nano-msizer.o)
                0x0000000000002558                _malloc_usable_size_r
 .text.__addsf3
                0x000000000000256c      0x368 c:/mounriver/mounriver_studio2/resources/app/resources/win32/components/wch/toolchain/risc-v embedded gcc12/bin/../lib/gcc/riscv-wch-elf/12.2.0\libgcc.a(addsf3.o)
                0x000000000000256c                __addsf3
 .text.__divsf3
                0x00000000000028d4      0x2ea c:/mounriver/mounriver_studio2/resources/app/resources/win32/components/wch/toolchain/risc-v embedded gcc12/bin/../lib/gcc/riscv-wch-elf/12.2.0\libgcc.a(divsf3.o)
                0x00000000000028d4                __divsf3
 .text.__gesf2  0x0000000000002bbe       0x96 c:/mounriver/mounriver_studio2/resources/app/resources/win32/components/wch/toolchain/risc-v embedded gcc12/bin/../lib/gcc/riscv-wch-elf/12.2.0\libgcc.a(gesf2.o)
                0x0000000000002bbe                __gesf2
                0x0000000000002bbe                __gtsf2
 .text.__lesf2  0x0000000000002c54       0x98 c:/mounriver/mounriver_studio2/resources/app/resources/win32/components/wch/toolchain/risc-v embedded gcc12/bin/../lib/gcc/riscv-wch-elf/12.2.0\libgcc.a(lesf2.o)
                0x0000000000002c54                __ltsf2
                0x0000000000002c54                __lesf2
 .text.__mulsf3
                0x0000000000002cec      0x2d8 c:/mounriver/mounriver_studio2/resources/app/resources/win32/components/wch/toolchain/risc-v embedded gcc12/bin/../lib/gcc/riscv-wch-elf/12.2.0\libgcc.a(mulsf3.o)
                0x0000000000002cec                __mulsf3
 .text.__subsf3
                0x0000000000002fc4      0x38c c:/mounriver/mounriver_studio2/resources/app/resources/win32/components/wch/toolchain/risc-v embedded gcc12/bin/../lib/gcc/riscv-wch-elf/12.2.0\libgcc.a(subsf3.o)
                0x0000000000002fc4                __subsf3
 .text.__fixsfsi
                0x0000000000003350       0x60 c:/mounriver/mounriver_studio2/resources/app/resources/win32/components/wch/toolchain/risc-v embedded gcc12/bin/../lib/gcc/riscv-wch-elf/12.2.0\libgcc.a(fixsfsi.o)
                0x0000000000003350                __fixsfsi
 .text.__fixunssfsi
                0x00000000000033b0       0x52 c:/mounriver/mounriver_studio2/resources/app/resources/win32/components/wch/toolchain/risc-v embedded gcc12/bin/../lib/gcc/riscv-wch-elf/12.2.0\libgcc.a(fixunssfsi.o)
                0x00000000000033b0                __fixunssfsi
 .text.__floatsisf
                0x0000000000003402       0xcc c:/mounriver/mounriver_studio2/resources/app/resources/win32/components/wch/toolchain/risc-v embedded gcc12/bin/../lib/gcc/riscv-wch-elf/12.2.0\libgcc.a(floatsisf.o)
                0x0000000000003402                __floatsisf
 .text.__clzsi2
                0x00000000000034ce       0x6e c:/mounriver/mounriver_studio2/resources/app/resources/win32/components/wch/toolchain/risc-v embedded gcc12/bin/../lib/gcc/riscv-wch-elf/12.2.0\libgcc.a(_clzsi2.o)
                0x00000000000034ce                __clzsi2
 *(.rodata)
 *(.rodata*)
 .rodata.main.str1.4
                0x000000000000353c      0x100 ../obj/ScienceOlympiadEV/main.o
 .rodata.FONT5x7
                0x000000000000363c      0x127 ../obj/ScienceOlympiadEV/oled_driver.o
                0x000000000000363c                FONT5x7
 *fill*         0x0000000000003763        0x1 
 .rodata.GPIOA_ModeCfg
                0x0000000000003764       0x14 ../obj/ScienceOlympiadEV/CH59x_gpio.o
 .rodata.GPIOB_ModeCfg
                0x0000000000003778       0x14 ../obj/ScienceOlympiadEV/CH59x_gpio.o
 .rodata.__sf_fake_stderr
                0x000000000000378c       0x20 c:/mounriver/mounriver_studio2/resources/app/resources/win32/components/wch/toolchain/risc-v embedded gcc12/bin/../lib/gcc/riscv-wch-elf/12.2.0/../../../../riscv-wch-elf/lib\libc_nano.a(lib_a-findfp.o)
                0x000000000000378c                __sf_fake_stderr
 .rodata.__sf_fake_stdout
                0x00000000000037ac       0x20 c:/mounriver/mounriver_studio2/resources/app/resources/win32/components/wch/toolchain/risc-v embedded gcc12/bin/../lib/gcc/riscv-wch-elf/12.2.0/../../../../riscv-wch-elf/lib\libc_nano.a(lib_a-findfp.o)
                0x00000000000037ac                __sf_fake_stdout
 .rodata.__sf_fake_stdin
                0x00000000000037cc       0x20 c:/mounriver/mounriver_studio2/resources/app/resources/win32/components/wch/toolchain/risc-v embedded gcc12/bin/../lib/gcc/riscv-wch-elf/12.2.0/../../../../riscv-wch-elf/lib\libc_nano.a(lib_a-findfp.o)
                0x00000000000037cc                __sf_fake_stdin
 .rodata._svfprintf_r.str1.4
                0x00000000000037ec       0x13 c:/mounriver/mounriver_studio2/resources/app/resources/win32/components/wch/toolchain/risc-v embedded gcc12/bin/../lib/gcc/riscv-wch-elf/12.2.0/../../../../riscv-wch-elf/lib\libc_nano.a(lib_a-nano-svfprintf.o)
 *fill*         0x00000000000037ff        0x1 
 .rodata._printf_i.str1.4
                0x0000000000003800       0x25 c:/mounriver/mounriver_studio2/resources/app/resources/win32/components/wch/toolchain/risc-v embedded gcc12/bin/../lib/gcc/riscv-wch-elf/12.2.0/../../../../riscv-wch-elf/lib\libc_nano.a(lib_a-nano-vfprintf_i.o)
 *fill*         0x0000000000003825        0x3 
 .rodata._printf_i
                0x0000000000003828       0x58 c:/mounriver/mounriver_studio2/resources/app/resources/win32/components/wch/toolchain/risc-v embedded gcc12/bin/../lib/gcc/riscv-wch-elf/12.2.0/../../../../riscv-wch-elf/lib\libc_nano.a(lib_a-nano-vfprintf_i.o)
 .rodata.__divsf3
                0x0000000000003880       0xa8 c:/mounriver/mounriver_studio2/resources/app/resources/win32/components/wch/toolchain/risc-v embedded gcc12/bin/../lib/gcc/riscv-wch-elf/12.2.0\libgcc.a(divsf3.o)
 .rodata.__clz_tab
                0x0000000000003928      0x100 c:/mounriver/mounriver_studio2/resources/app/resources/win32/components/wch/toolchain/risc-v embedded gcc12/bin/../lib/gcc/riscv-wch-elf/12.2.0\libgcc.a(_clz.o)
                0x0000000000003928                __clz_tab
 *(.sdata2.*)
 *(.glue_7)
 *(.glue_7t)
 *(.gnu.linkonce.t.*)
                0x0000000000003a28                . = ALIGN (0x4)

.rela.dyn       0x0000000000003a28        0x0
 .rela.text._sbrk
                0x0000000000003a28        0x0 ../obj/ScienceOlympiadEV/main.o
 .rela.sdata.curbrk.0
                0x0000000000003a28        0x0 ../obj/ScienceOlympiadEV/main.o
 .rela.init     0x0000000000003a28        0x0 ../obj/ScienceOlympiadEV/main.o
 .rela.vector   0x0000000000003a28        0x0 ../obj/ScienceOlympiadEV/main.o
 .rela.handle_reset
                0x0000000000003a28        0x0 ../obj/ScienceOlympiadEV/main.o
 .rela.text._svfprintf_r
                0x0000000000003a28        0x0 ../obj/ScienceOlympiadEV/main.o

.fini           0x0000000000003a28        0x0
 *(SORT_NONE(.fini))
                0x0000000000003a28                . = ALIGN (0x4)
                [!provide]                        PROVIDE (_etext = .)
                [!provide]                        PROVIDE (_eitcm = .)

.preinit_array  0x0000000000003a28        0x0
                [!provide]                        PROVIDE (__preinit_array_start = .)
 *(.preinit_array)
                [!provide]                        PROVIDE (__preinit_array_end = .)

.init_array     0x0000000000003a28        0x0
                [!provide]                        PROVIDE (__init_array_start = .)
 *(SORT_BY_INIT_PRIORITY(.init_array.*) SORT_BY_INIT_PRIORITY(.ctors.*))
 *(.init_array EXCLUDE_FILE(*crtend?.o *crtend.o *crtbegin?.o *crtbegin.o) .ctors)
                [!provide]                        PROVIDE (__init_array_end = .)

.fini_array     0x0000000000003a28        0x0
                [!provide]                        PROVIDE (__fini_array_start = .)
 *(SORT_BY_INIT_PRIORITY(.fini_array.*) SORT_BY_INIT_PRIORITY(.dtors.*))
 *(.fini_array EXCLUDE_FILE(*crtend?.o *crtend.o *crtbegin?.o *crtbegin.o) .dtors)
                [!provide]                        PROVIDE (__fini_array_end = .)

.ctors
 *crtbegin.o(.ctors)
 *crtbegin?.o(.ctors)
 *(EXCLUDE_FILE(*crtend?.o *crtend.o) .ctors)
 *(SORT_BY_NAME(.ctors.*))
 *(.ctors)

.dtors
 *crtbegin.o(.dtors)
 *crtbegin?.o(.dtors)
 *(EXCLUDE_FILE(*crtend?.o *crtend.o) .dtors)
 *(SORT_BY_NAME(.dtors.*))
 *(.dtors)

.dalign         0x000000002000084c        0x0 load address 0x0000000000003a28
                0x000000002000084c                . = (ORIGIN (RAM) + SIZEOF (.highcode))

.dlalign        0x0000000000003a28        0x0
                0x0000000000003a28                . = ALIGN (0x4)
                0x0000000000003a28                PROVIDE (_data_lma = .)

.data           0x000000002000084c       0xd0 load address 0x0000000000003a28
                0x000000002000084c                . = ALIGN (0x4)
                0x000000002000084c                PROVIDE (_data_vma = .)
 *(.gnu.linkonce.r.*)
 *(.data .data.*)
 .data.impure_data
                0x000000002000084c       0x60 c:/mounriver/mounriver_studio2/resources/app/resources/win32/components/wch/toolchain/risc-v embedded gcc12/bin/../lib/gcc/riscv-wch-elf/12.2.0/../../../../riscv-wch-elf/lib\libc_nano.a(lib_a-impure.o)
 *(.gnu.linkonce.d.*)
                0x00000000200008b0                . = ALIGN (0x8)
 *fill*         0x00000000200008ac        0x4 
                0x00000000200010b0                PROVIDE (__global_pointer$ = (. + 0x800))
 *(.sdata .sdata.*)
 .sdata.curbrk.0
                0x00000000200008b0        0x4 ../obj/ScienceOlympiadEV/CH59x_sys.o
 .sdata._impure_ptr
                0x00000000200008b4        0x4 c:/mounriver/mounriver_studio2/resources/app/resources/win32/components/wch/toolchain/risc-v embedded gcc12/bin/../lib/gcc/riscv-wch-elf/12.2.0/../../../../riscv-wch-elf/lib\libc_nano.a(lib_a-impure.o)
                0x00000000200008b4                _impure_ptr
 *(.gnu.linkonce.s.*)
                0x00000000200008b8                . = ALIGN (0x8)
 *(.srodata.cst16)
 *(.srodata.cst8)
 *(.srodata.cst4)
 .srodata.cst4  0x00000000200008b8       0x64 ../obj/ScienceOlympiadEV/main.o
 *(.srodata.cst2)
 *(.srodata .srodata.*)
                0x000000002000091c                . = ALIGN (0x4)
                0x000000002000091c                PROVIDE (_edata = .)

.bss            0x000000002000091c       0x1c load address 0x0000000000003af8
                0x000000002000091c                . = ALIGN (0x4)
                0x000000002000091c                PROVIDE (_sbss = .)
 *(.sbss*)
 .sbss.timer_ticks
                0x000000002000091c        0x4 ../obj/ScienceOlympiadEV/main.o
                0x000000002000091c                timer_ticks
 .sbss.count_right
                0x0000000020000920        0x4 ../obj/ScienceOlympiadEV/main.o
                0x0000000020000920                count_right
 .sbss.count_left
                0x0000000020000924        0x4 ../obj/ScienceOlympiadEV/main.o
                0x0000000020000924                count_left
 .sbss.__lock___malloc_recursive_mutex
                0x0000000020000928        0x1 c:/mounriver/mounriver_studio2/resources/app/resources/win32/components/wch/toolchain/risc-v embedded gcc12/bin/../lib/gcc/riscv-wch-elf/12.2.0/../../../../riscv-wch-elf/lib\libc_nano.a(lib_a-lock.o)
                0x0000000020000928                __lock___malloc_recursive_mutex
 *fill*         0x0000000020000929        0x3 
 .sbss.__malloc_sbrk_start
                0x000000002000092c        0x4 c:/mounriver/mounriver_studio2/resources/app/resources/win32/components/wch/toolchain/risc-v embedded gcc12/bin/../lib/gcc/riscv-wch-elf/12.2.0/../../../../riscv-wch-elf/lib\libc_nano.a(lib_a-nano-mallocr.o)
                0x000000002000092c                __malloc_sbrk_start
 .sbss.__malloc_free_list
                0x0000000020000930        0x4 c:/mounriver/mounriver_studio2/resources/app/resources/win32/components/wch/toolchain/risc-v embedded gcc12/bin/../lib/gcc/riscv-wch-elf/12.2.0/../../../../riscv-wch-elf/lib\libc_nano.a(lib_a-nano-mallocr.o)
                0x0000000020000930                __malloc_free_list
 .sbss.errno    0x0000000020000934        0x4 c:/mounriver/mounriver_studio2/resources/app/resources/win32/components/wch/toolchain/risc-v embedded gcc12/bin/../lib/gcc/riscv-wch-elf/12.2.0/../../../../riscv-wch-elf/lib\libc_nano.a(lib_a-reent.o)
                0x0000000020000934                errno
 *(.gnu.linkonce.sb.*)
 *(.bss*)
 *(.gnu.linkonce.b.*)
 *(COMMON*)
                0x0000000020000938                . = ALIGN (0x4)
                0x0000000020000938                PROVIDE (_ebss = .)
                0x0000000020000938                PROVIDE (_end = _ebss)
                [!provide]                        PROVIDE (end = .)

.stack          0x0000000020006600      0x200
                0x0000000020006600                PROVIDE (_heap_end = .)
                0x0000000020006600                . = ALIGN (0x4)
                [!provide]                        PROVIDE (_susrstack = .)
                0x0000000020006800                . = (. + __stack_size)
 *fill*         0x0000000020006600      0x200 
                0x0000000020006800                PROVIDE (_eusrstack = .)
OUTPUT(../obj/ScienceOlympiadEV/firmware.elf elf32-littleriscv)

.comment        0x0000000000000000       0x64
 .comment       0x0000000000000000       0x31 ../obj/ScienceOlympiadEV/main.o
                                         0x32 (size before relaxing)
 .comment       0x0000000000000031       0x32 ../obj/ScienceOlympiadEV/oled_driver.o
 .comment       0x0000000000000031       0x32 ../obj/ScienceOlympiadEV/CH59x_gpio.o
 .comment       0x0000000000000031       0x32 ../obj/ScienceOlympiadEV/CH59x_pwm.o
 .comment       0x0000000000000031       0x32 ../obj/ScienceOlympiadEV/CH59x_sys.o
 .comment       0x0000000000000031       0x32 ../obj/ScienceOlympiadEV/CH59x_timer0.o
 .comment       0x0000000000000031       0x32 c:/mounriver/mounriver_studio2/resources/app/resources/win32/components/wch/toolchain/risc-v embedded gcc12/bin/../lib/gcc/riscv-wch-elf/12.2.0/../../../../riscv-wch-elf/lib\libc_nano.a(lib_a-sprintf.o)
 .comment       0x0000000000000031       0x32 c:/mounriver/mounriver_studio2/resources/app/resources/win32/components/wch/toolchain/risc-v embedded gcc12/bin/../lib/gcc/riscv-wch-elf/12.2.0/../../../../riscv-wch-elf/lib\libc_nano.a(lib_a-findfp.o)
 .comment       0x0000000000000031       0x32 c:/mounriver/mounriver_studio2/resources/app/resources/win32/components/wch/toolchain/risc-v embedded gcc12/bin/../lib/gcc/riscv-wch-elf/12.2.0/../../../../riscv-wch-elf/lib\libc_nano.a(lib_a-impure.o)
 .comment       0x0000000000000031       0x32 c:/mounriver/mounriver_studio2/resources/app/resources/win32/components/wch/toolchain/risc-v embedded gcc12/bin/../lib/gcc/riscv-wch-elf/12.2.0/../../../../riscv-wch-elf/lib\libc_nano.a(lib_a-lock.o)
 .comment       0x0000000000000031       0x32 c:/mounriver/mounriver_studio2/resources/app/resources/win32/components/wch/toolchain/risc-v embedded gcc12/bin/../lib/gcc/riscv-wch-elf/12.2.0/../../../../riscv-wch-elf/lib\libc_nano.a(lib_a-nano-freer.o)
 .comment       0x0000000000000031       0x32 c:/mounriver/mounriver_studio2/resources/app/resources/win32/components/wch/toolchain/risc-v embedded gcc12/bin/../lib/gcc/riscv-wch-elf/12.2.0/../../../../riscv-wch-elf/lib\libc_nano.a(lib_a-nano-mallocr.o)
 .comment       0x0000000000000031       0x32 c:/mounriver/mounriver_studio2/resources/app/resources/win32/components/wch/toolchain/risc-v embedded gcc12/bin/../lib/gcc/riscv-wch-elf/12.2.0/../../../../riscv-wch-elf/lib\libc_nano.a(lib_a-nano-svfprintf.o)
 .comment       0x0000000000000031       0x32 c:/mounriver/mounriver_studio2/resources/app/resources/win32/components/wch/toolchain/risc-v embedded gcc12/bin/../lib/gcc/riscv-wch-elf/12.2.0/../../../../riscv-wch-elf/lib\libc_nano.a(lib_a-nano-vfprintf_i.o)
 .comment       0x0000000000000031       0x32 c:/mounriver/mounriver_studio2/resources/app/resources/win32/components/wch/toolchain/risc-v embedded gcc12/bin/../lib/gcc/riscv-wch-elf/12.2.0/../../../../riscv-wch-elf/lib\libc_nano.a(lib_a-sbrkr.o)
 .comment       0x0000000000000031       0x32 c:/mounriver/mounriver_studio2/resources/app/resources/win32/components/wch/toolchain/risc-v embedded gcc12/bin/../lib/gcc/riscv-wch-elf/12.2.0/../../../../riscv-wch-elf/lib\libc_nano.a(lib_a-memchr.o)
 .comment       0x0000000000000031       0x32 c:/mounriver/mounriver_studio2/resources/app/resources/win32/components/wch/toolchain/risc-v embedded gcc12/bin/../lib/gcc/riscv-wch-elf/12.2.0/../../../../riscv-wch-elf/lib\libc_nano.a(lib_a-mlock.o)
 .comment       0x0000000000000031       0x32 c:/mounriver/mounriver_studio2/resources/app/resources/win32/components/wch/toolchain/risc-v embedded gcc12/bin/../lib/gcc/riscv-wch-elf/12.2.0/../../../../riscv-wch-elf/lib\libc_nano.a(lib_a-nano-reallocr.o)
 .comment       0x0000000000000031       0x32 c:/mounriver/mounriver_studio2/resources/app/resources/win32/components/wch/toolchain/risc-v embedded gcc12/bin/../lib/gcc/riscv-wch-elf/12.2.0/../../../../riscv-wch-elf/lib\libc_nano.a(lib_a-reent.o)
 .comment       0x0000000000000031       0x32 c:/mounriver/mounriver_studio2/resources/app/resources/win32/components/wch/toolchain/risc-v embedded gcc12/bin/../lib/gcc/riscv-wch-elf/12.2.0/../../../../riscv-wch-elf/lib\libc_nano.a(lib_a-nano-msizer.o)
 .comment       0x0000000000000031       0x33 ../SRC/StdPeriphDriver\libISP592.a(ISP583.o)
                                         0x34 (size before relaxing)
 .comment       0x0000000000000064       0x32 c:/mounriver/mounriver_studio2/resources/app/resources/win32/components/wch/toolchain/risc-v embedded gcc12/bin/../lib/gcc/riscv-wch-elf/12.2.0\libgcc.a(addsf3.o)
 .comment       0x0000000000000064       0x32 c:/mounriver/mounriver_studio2/resources/app/resources/win32/components/wch/toolchain/risc-v embedded gcc12/bin/../lib/gcc/riscv-wch-elf/12.2.0\libgcc.a(divsf3.o)
 .comment       0x0000000000000064       0x32 c:/mounriver/mounriver_studio2/resources/app/resources/win32/components/wch/toolchain/risc-v embedded gcc12/bin/../lib/gcc/riscv-wch-elf/12.2.0\libgcc.a(gesf2.o)
 .comment       0x0000000000000064       0x32 c:/mounriver/mounriver_studio2/resources/app/resources/win32/components/wch/toolchain/risc-v embedded gcc12/bin/../lib/gcc/riscv-wch-elf/12.2.0\libgcc.a(lesf2.o)
 .comment       0x0000000000000064       0x32 c:/mounriver/mounriver_studio2/resources/app/resources/win32/components/wch/toolchain/risc-v embedded gcc12/bin/../lib/gcc/riscv-wch-elf/12.2.0\libgcc.a(mulsf3.o)
 .comment       0x0000000000000064       0x32 c:/mounriver/mounriver_studio2/resources/app/resources/win32/components/wch/toolchain/risc-v embedded gcc12/bin/../lib/gcc/riscv-wch-elf/12.2.0\libgcc.a(subsf3.o)
 .comment       0x0000000000000064       0x32 c:/mounriver/mounriver_studio2/resources/app/resources/win32/components/wch/toolchain/risc-v embedded gcc12/bin/../lib/gcc/riscv-wch-elf/12.2.0\libgcc.a(fixsfsi.o)
 .comment       0x0000000000000064       0x32 c:/mounriver/mounriver_studio2/resources/app/resources/win32/components/wch/toolchain/risc-v embedded gcc12/bin/../lib/gcc/riscv-wch-elf/12.2.0\libgcc.a(fixunssfsi.o)
 .comment       0x0000000000000064       0x32 c:/mounriver/mounriver_studio2/resources/app/resources/win32/components/wch/toolchain/risc-v embedded gcc12/bin/../lib/gcc/riscv-wch-elf/12.2.0\libgcc.a(floatsisf.o)
 .comment       0x0000000000000064       0x32 c:/mounriver/mounriver_studio2/resources/app/resources/win32/components/wch/toolchain/risc-v embedded gcc12/bin/../lib/gcc/riscv-wch-elf/12.2.0\libgcc.a(_clz.o)
 .comment       0x0000000000000064       0x32 c:/mounriver/mounriver_studio2/resources/app/resources/win32/components/wch/toolchain/risc-v embedded gcc12/bin/../lib/gcc/riscv-wch-elf/12.2.0\libgcc.a(_clzsi2.o)

.riscv.attributes
                0x0000000000000000       0x34
 .riscv.attributes
                0x0000000000000000       0x34 ../obj/ScienceOlympiadEV/main.o
 .riscv.attributes
                0x0000000000000034       0x34 ../obj/ScienceOlympiadEV/oled_driver.o
 .riscv.attributes
                0x0000000000000068       0x34 ../obj/ScienceOlympiadEV/CH59x_gpio.o
 .riscv.attributes
                0x000000000000009c       0x34 ../obj/ScienceOlympiadEV/CH59x_pwm.o
 .riscv.attributes
                0x00000000000000d0       0x34 ../obj/ScienceOlympiadEV/CH59x_sys.o
 .riscv.attributes
                0x0000000000000104       0x34 ../obj/ScienceOlympiadEV/CH59x_timer0.o
 .riscv.attributes
                0x0000000000000138       0x32 ../obj/ScienceOlympiadEV/startup_CH592.o
 .riscv.attributes
                0x000000000000016a       0x34 c:/mounriver/mounriver_studio2/resources/app/resources/win32/components/wch/toolchain/risc-v embedded gcc12/bin/../lib/gcc/riscv-wch-elf/12.2.0/../../../../riscv-wch-elf/lib\libc_nano.a(lib_a-sprintf.o)
 .riscv.attributes
                0x000000000000019e       0x34 c:/mounriver/mounriver_studio2/resources/app/resources/win32/components/wch/toolchain/risc-v embedded gcc12/bin/../lib/gcc/riscv-wch-elf/12.2.0/../../../../riscv-wch-elf/lib\libc_nano.a(lib_a-findfp.o)
 .riscv.attributes
                0x00000000000001d2       0x34 c:/mounriver/mounriver_studio2/resources/app/resources/win32/components/wch/toolchain/risc-v embedded gcc12/bin/../lib/gcc/riscv-wch-elf/12.2.0/../../../../riscv-wch-elf/lib\libc_nano.a(lib_a-impure.o)
 .riscv.attributes
                0x0000000000000206       0x34 c:/mounriver/mounriver_studio2/resources/app/resources/win32/components/wch/toolchain/risc-v embedded gcc12/bin/../lib/gcc/riscv-wch-elf/12.2.0/../../../../riscv-wch-elf/lib\libc_nano.a(lib_a-lock.o)
 .riscv.attributes
                0x000000000000023a       0x34 c:/mounriver/mounriver_studio2/resources/app/resources/win32/components/wch/toolchain/risc-v embedded gcc12/bin/../lib/gcc/riscv-wch-elf/12.2.0/../../../../riscv-wch-elf/lib\libc_nano.a(lib_a-nano-freer.o)
 .riscv.attributes
                0x000000000000026e       0x34 c:/mounriver/mounriver_studio2/resources/app/resources/win32/components/wch/toolchain/risc-v embedded gcc12/bin/../lib/gcc/riscv-wch-elf/12.2.0/../../../../riscv-wch-elf/lib\libc_nano.a(lib_a-nano-mallocr.o)
 .riscv.attributes
                0x00000000000002a2       0x34 c:/mounriver/mounriver_studio2/resources/app/resources/win32/components/wch/toolchain/risc-v embedded gcc12/bin/../lib/gcc/riscv-wch-elf/12.2.0/../../../../riscv-wch-elf/lib\libc_nano.a(lib_a-nano-svfprintf.o)
 .riscv.attributes
                0x00000000000002d6       0x34 c:/mounriver/mounriver_studio2/resources/app/resources/win32/components/wch/toolchain/risc-v embedded gcc12/bin/../lib/gcc/riscv-wch-elf/12.2.0/../../../../riscv-wch-elf/lib\libc_nano.a(lib_a-nano-vfprintf_i.o)
 .riscv.attributes
                0x000000000000030a       0x34 c:/mounriver/mounriver_studio2/resources/app/resources/win32/components/wch/toolchain/risc-v embedded gcc12/bin/../lib/gcc/riscv-wch-elf/12.2.0/../../../../riscv-wch-elf/lib\libc_nano.a(lib_a-sbrkr.o)
 .riscv.attributes
                0x000000000000033e       0x34 c:/mounriver/mounriver_studio2/resources/app/resources/win32/components/wch/toolchain/risc-v embedded gcc12/bin/../lib/gcc/riscv-wch-elf/12.2.0/../../../../riscv-wch-elf/lib\libc_nano.a(lib_a-memchr.o)
 .riscv.attributes
                0x0000000000000372       0x32 c:/mounriver/mounriver_studio2/resources/app/resources/win32/components/wch/toolchain/risc-v embedded gcc12/bin/../lib/gcc/riscv-wch-elf/12.2.0/../../../../riscv-wch-elf/lib\libc_nano.a(lib_a-memcpy-asm.o)
 .riscv.attributes
                0x00000000000003a4       0x32 c:/mounriver/mounriver_studio2/resources/app/resources/win32/components/wch/toolchain/risc-v embedded gcc12/bin/../lib/gcc/riscv-wch-elf/12.2.0/../../../../riscv-wch-elf/lib\libc_nano.a(lib_a-memmove.o)
 .riscv.attributes
                0x00000000000003d6       0x34 c:/mounriver/mounriver_studio2/resources/app/resources/win32/components/wch/toolchain/risc-v embedded gcc12/bin/../lib/gcc/riscv-wch-elf/12.2.0/../../../../riscv-wch-elf/lib\libc_nano.a(lib_a-mlock.o)
 .riscv.attributes
                0x000000000000040a       0x34 c:/mounriver/mounriver_studio2/resources/app/resources/win32/components/wch/toolchain/risc-v embedded gcc12/bin/../lib/gcc/riscv-wch-elf/12.2.0/../../../../riscv-wch-elf/lib\libc_nano.a(lib_a-nano-reallocr.o)
 .riscv.attributes
                0x000000000000043e       0x34 c:/mounriver/mounriver_studio2/resources/app/resources/win32/components/wch/toolchain/risc-v embedded gcc12/bin/../lib/gcc/riscv-wch-elf/12.2.0/../../../../riscv-wch-elf/lib\libc_nano.a(lib_a-reent.o)
 .riscv.attributes
                0x0000000000000472       0x34 c:/mounriver/mounriver_studio2/resources/app/resources/win32/components/wch/toolchain/risc-v embedded gcc12/bin/../lib/gcc/riscv-wch-elf/12.2.0/../../../../riscv-wch-elf/lib\libc_nano.a(lib_a-nano-msizer.o)
 .riscv.attributes
                0x00000000000004a6       0x34 c:/mounriver/mounriver_studio2/resources/app/resources/win32/components/wch/toolchain/risc-v embedded gcc12/bin/../lib/gcc/riscv-wch-elf/12.2.0\libgcc.a(addsf3.o)
 .riscv.attributes
                0x00000000000004da       0x34 c:/mounriver/mounriver_studio2/resources/app/resources/win32/components/wch/toolchain/risc-v embedded gcc12/bin/../lib/gcc/riscv-wch-elf/12.2.0\libgcc.a(divsf3.o)
 .riscv.attributes
                0x000000000000050e       0x34 c:/mounriver/mounriver_studio2/resources/app/resources/win32/components/wch/toolchain/risc-v embedded gcc12/bin/../lib/gcc/riscv-wch-elf/12.2.0\libgcc.a(gesf2.o)
 .riscv.attributes
                0x0000000000000542       0x34 c:/mounriver/mounriver_studio2/resources/app/resources/win32/components/wch/toolchain/risc-v embedded gcc12/bin/../lib/gcc/riscv-wch-elf/12.2.0\libgcc.a(lesf2.o)
 .riscv.attributes
                0x0000000000000576       0x34 c:/mounriver/mounriver_studio2/resources/app/resources/win32/components/wch/toolchain/risc-v embedded gcc12/bin/../lib/gcc/riscv-wch-elf/12.2.0\libgcc.a(mulsf3.o)
 .riscv.attributes
                0x00000000000005aa       0x34 c:/mounriver/mounriver_studio2/resources/app/resources/win32/components/wch/toolchain/risc-v embedded gcc12/bin/../lib/gcc/riscv-wch-elf/12.2.0\libgcc.a(subsf3.o)
 .riscv.attributes
                0x00000000000005de       0x34 c:/mounriver/mounriver_studio2/resources/app/resources/win32/components/wch/toolchain/risc-v embedded gcc12/bin/../lib/gcc/riscv-wch-elf/12.2.0\libgcc.a(fixsfsi.o)
 .riscv.attributes
                0x0000000000000612       0x34 c:/mounriver/mounriver_studio2/resources/app/resources/win32/components/wch/toolchain/risc-v embedded gcc12/bin/../lib/gcc/riscv-wch-elf/12.2.0\libgcc.a(fixunssfsi.o)
 .riscv.attributes
                0x0000000000000646       0x34 c:/mounriver/mounriver_studio2/resources/app/resources/win32/components/wch/toolchain/risc-v embedded gcc12/bin/../lib/gcc/riscv-wch-elf/12.2.0\libgcc.a(floatsisf.o)
 .riscv.attributes
                0x000000000000067a       0x34 c:/mounriver/mounriver_studio2/resources/app/resources/win32/components/wch/toolchain/risc-v embedded gcc12/bin/../lib/gcc/riscv-wch-elf/12.2.0\libgcc.a(_clz.o)
 .riscv.attributes
                0x00000000000006ae       0x34 c:/mounriver/mounriver_studio2/resources/app/resources/win32/components/wch/toolchain/risc-v embedded gcc12/bin/../lib/gcc/riscv-wch-elf/12.2.0\libgcc.a(_clzsi2.o)

Cross Reference Table

Symbol                                            File
ADC_AutoConverCycle                               ../obj/ScienceOlympiadEV/CH59x_adc.o
ADC_DMACfg                                        ../obj/ScienceOlympiadEV/CH59x_adc.o
ADC_DataCalib_Rough                               ../obj/ScienceOlympiadEV/CH59x_adc.o
ADC_ExcutSingleConver                             ../obj/ScienceOlympiadEV/CH59x_adc.o
ADC_ExtDiffChSampInit                             ../obj/ScienceOlympiadEV/CH59x_adc.o
ADC_ExtSingleChSampInit                           ../obj/ScienceOlympiadEV/CH59x_adc.o
ADC_IRQHandler                                    ../obj/ScienceOlympiadEV/startup_CH592.o
ADC_InterBATSampInit                              ../obj/ScienceOlympiadEV/CH59x_adc.o
ADC_InterTSSampInit                               ../obj/ScienceOlympiadEV/CH59x_adc.o
AnalyzeBulkEndp                                   ../obj/ScienceOlympiadEV/CH59x_usbhostClass.o
AnalyzeHidIntEndp                                 ../obj/ScienceOlympiadEV/CH59x_usbhostClass.o
AnalyzeRootHub                                    ../obj/ScienceOlympiadEV/CH59x_usbhostBase.o
BB_IRQHandler                                     ../obj/ScienceOlympiadEV/startup_CH592.o
Break_Point_Handler                               ../obj/ScienceOlympiadEV/startup_CH592.o
Calibration_LSI                                   ../obj/ScienceOlympiadEV/CH59x_clk.o
Com_Buffer                                        ../obj/ScienceOlympiadEV/CH59x_usbhostClass.o
                                                  ../obj/ScienceOlympiadEV/CH59x_usbhostBase.o
CopySetupReqPkg                                   ../obj/ScienceOlympiadEV/CH59x_usbhostBase.o
                                                  ../obj/ScienceOlympiadEV/CH59x_usbhostClass.o
CtrlClearEndpStall                                ../obj/ScienceOlympiadEV/CH59x_usbhostBase.o
CtrlGetConfigDescr                                ../obj/ScienceOlympiadEV/CH59x_usbhostBase.o
                                                  ../obj/ScienceOlympiadEV/CH59x_usbhostClass.o
CtrlGetDeviceDescr                                ../obj/ScienceOlympiadEV/CH59x_usbhostBase.o
                                                  ../obj/ScienceOlympiadEV/CH59x_usbhostClass.o
CtrlGetHIDDeviceReport                            ../obj/ScienceOlympiadEV/CH59x_usbhostClass.o
CtrlGetHubDescr                                   ../obj/ScienceOlympiadEV/CH59x_usbhostClass.o
CtrlSetUsbAddress                                 ../obj/ScienceOlympiadEV/CH59x_usbhostBase.o
                                                  ../obj/ScienceOlympiadEV/CH59x_usbhostClass.o
CtrlSetUsbConfig                                  ../obj/ScienceOlympiadEV/CH59x_usbhostBase.o
                                                  ../obj/ScienceOlympiadEV/CH59x_usbhostClass.o
CtrlSetUsbIntercace                               ../obj/ScienceOlympiadEV/CH59x_usbhostBase.o
DevEP1_IN_Deal                                    ../obj/ScienceOlympiadEV/CH59x_usbdev.o
DevEP2_IN_Deal                                    ../obj/ScienceOlympiadEV/CH59x_usbdev.o
DevEP3_IN_Deal                                    ../obj/ScienceOlympiadEV/CH59x_usbdev.o
DevEP4_IN_Deal                                    ../obj/ScienceOlympiadEV/CH59x_usbdev.o
DevOnHubPort                                      ../obj/ScienceOlympiadEV/CH59x_usbhostBase.o
                                                  ../obj/ScienceOlympiadEV/CH59x_usbhostClass.o
DisableRootHubPort                                ../obj/ScienceOlympiadEV/CH59x_usbhostBase.o
                                                  ../obj/ScienceOlympiadEV/CH59x_usbhostClass.o
Ecall_M_Mode_Handler                              ../obj/ScienceOlympiadEV/startup_CH592.o
Ecall_U_Mode_Handler                              ../obj/ScienceOlympiadEV/startup_CH592.o
EnableRootHubPort                                 ../obj/ScienceOlympiadEV/CH59x_usbhostBase.o
                                                  ../obj/ScienceOlympiadEV/CH59x_usbhostClass.o
EnumAllHubPort                                    ../obj/ScienceOlympiadEV/CH59x_usbhostClass.o
EnumHubPort                                       ../obj/ScienceOlympiadEV/CH59x_usbhostClass.o
FLASH_EEPROM_CMD                                  ../SRC/StdPeriphDriver\libISP592.a(ISP583.o)
                                                  ../obj/ScienceOlympiadEV/CH59x_sys.o
                                                  ../obj/ScienceOlympiadEV/CH59x_pwr.o
                                                  ../obj/ScienceOlympiadEV/CH59x_flash.o
FLASH_ROM_ADDR                                    ../SRC/StdPeriphDriver\libISP592.a(ISP583.o)
FLASH_ROM_BEG                                     ../SRC/StdPeriphDriver\libISP592.a(ISP583.o)
FLASH_ROM_END                                     ../SRC/StdPeriphDriver\libISP592.a(ISP583.o)
FLASH_ROM_IN                                      ../SRC/StdPeriphDriver\libISP592.a(ISP583.o)
FLASH_ROM_OUT                                     ../SRC/StdPeriphDriver\libISP592.a(ISP583.o)
FLASH_ROM_READ                                    ../obj/ScienceOlympiadEV/CH59x_flash.o
FLASH_ROM_WAIT                                    ../SRC/StdPeriphDriver\libISP592.a(ISP583.o)
FONT5x7                                           ../obj/ScienceOlympiadEV/oled_driver.o
FoundNewDev                                       ../obj/ScienceOlympiadEV/CH59x_usbhostBase.o
GET_UNIQUE_ID                                     ../obj/ScienceOlympiadEV/CH59x_flash.o
GPIOAGPPCfg                                       ../obj/ScienceOlympiadEV/CH59x_gpio.o
GPIOA_IRQHandler                                  ../obj/ScienceOlympiadEV/main.o
GPIOA_ITModeCfg                                   ../obj/ScienceOlympiadEV/CH59x_gpio.o
                                                  ../obj/ScienceOlympiadEV/main.o
GPIOA_ModeCfg                                     ../obj/ScienceOlympiadEV/CH59x_gpio.o
                                                  ../obj/ScienceOlympiadEV/main.o
GPIOB_IRQHandler                                  ../obj/ScienceOlympiadEV/main.o
GPIOB_ITModeCfg                                   ../obj/ScienceOlympiadEV/CH59x_gpio.o
                                                  ../obj/ScienceOlympiadEV/main.o
GPIOB_ModeCfg                                     ../obj/ScienceOlympiadEV/CH59x_gpio.o
                                                  ../obj/ScienceOlympiadEV/oled_driver.o
                                                  ../obj/ScienceOlympiadEV/main.o
GPIOPinRemap                                      ../obj/ScienceOlympiadEV/CH59x_gpio.o
GetSysClock                                       ../obj/ScienceOlympiadEV/CH59x_sys.o
                                                  ../obj/ScienceOlympiadEV/CH59x_uart3.o
                                                  ../obj/ScienceOlympiadEV/CH59x_uart2.o
                                                  ../obj/ScienceOlympiadEV/CH59x_uart1.o
                                                  ../obj/ScienceOlympiadEV/CH59x_uart0.o
                                                  ../obj/ScienceOlympiadEV/CH59x_i2c.o
                                                  ../obj/ScienceOlympiadEV/CH59x_clk.o
HSECFG_Capacitance                                ../obj/ScienceOlympiadEV/CH59x_clk.o
HSECFG_Current                                    ../obj/ScienceOlympiadEV/CH59x_clk.o
HardFault_Handler                                 ../obj/ScienceOlympiadEV/CH59x_sys.o
HostCtrlTransfer                                  ../obj/ScienceOlympiadEV/CH59x_usbhostBase.o
                                                  ../obj/ScienceOlympiadEV/CH59x_usbhostClass.o
HubClearPortFeature                               ../obj/ScienceOlympiadEV/CH59x_usbhostClass.o
HubGetPortStatus                                  ../obj/ScienceOlympiadEV/CH59x_usbhostClass.o
HubSetPortFeature                                 ../obj/ScienceOlympiadEV/CH59x_usbhostClass.o
I2C_ARPCmd                                        ../obj/ScienceOlympiadEV/CH59x_i2c.o
I2C_AcknowledgeConfig                             ../obj/ScienceOlympiadEV/CH59x_i2c.o
I2C_CalculatePEC                                  ../obj/ScienceOlympiadEV/CH59x_i2c.o
I2C_CheckEvent                                    ../obj/ScienceOlympiadEV/CH59x_i2c.o
I2C_ClearFlag                                     ../obj/ScienceOlympiadEV/CH59x_i2c.o
I2C_ClearITPendingBit                             ../obj/ScienceOlympiadEV/CH59x_i2c.o
I2C_Cmd                                           ../obj/ScienceOlympiadEV/CH59x_i2c.o
I2C_Delay                                         ../obj/ScienceOlympiadEV/oled_driver.o
I2C_DualAddressCmd                                ../obj/ScienceOlympiadEV/CH59x_i2c.o
I2C_FastModeDutyCycleConfig                       ../obj/ScienceOlympiadEV/CH59x_i2c.o
I2C_GeneralCallCmd                                ../obj/ScienceOlympiadEV/CH59x_i2c.o
I2C_GenerateSTART                                 ../obj/ScienceOlympiadEV/CH59x_i2c.o
I2C_GenerateSTOP                                  ../obj/ScienceOlympiadEV/CH59x_i2c.o
I2C_GetFlagStatus                                 ../obj/ScienceOlympiadEV/CH59x_i2c.o
I2C_GetITStatus                                   ../obj/ScienceOlympiadEV/CH59x_i2c.o
I2C_GetLastEvent                                  ../obj/ScienceOlympiadEV/CH59x_i2c.o
I2C_GetPEC                                        ../obj/ScienceOlympiadEV/CH59x_i2c.o
I2C_IRQHandler                                    ../obj/ScienceOlympiadEV/startup_CH592.o
I2C_ITConfig                                      ../obj/ScienceOlympiadEV/CH59x_i2c.o
I2C_Init                                          ../obj/ScienceOlympiadEV/CH59x_i2c.o
I2C_NACKPositionConfig                            ../obj/ScienceOlympiadEV/CH59x_i2c.o
I2C_OwnAddress2Config                             ../obj/ScienceOlympiadEV/CH59x_i2c.o
I2C_PECPositionConfig                             ../obj/ScienceOlympiadEV/CH59x_i2c.o
I2C_ReceiveData                                   ../obj/ScienceOlympiadEV/CH59x_i2c.o
I2C_SMBusAlertConfig                              ../obj/ScienceOlympiadEV/CH59x_i2c.o
I2C_Send7bitAddress                               ../obj/ScienceOlympiadEV/CH59x_i2c.o
I2C_SendByte                                      ../obj/ScienceOlympiadEV/oled_driver.o
I2C_SendData                                      ../obj/ScienceOlympiadEV/CH59x_i2c.o
I2C_SoftwareResetCmd                              ../obj/ScienceOlympiadEV/CH59x_i2c.o
I2C_Start                                         ../obj/ScienceOlympiadEV/oled_driver.o
I2C_Stop                                          ../obj/ScienceOlympiadEV/oled_driver.o
I2C_StretchClockCmd                               ../obj/ScienceOlympiadEV/CH59x_i2c.o
I2C_TransmitPEC                                   ../obj/ScienceOlympiadEV/CH59x_i2c.o
InitDevOnHub                                      ../obj/ScienceOlympiadEV/CH59x_usbhostClass.o
InitRootDevice                                    ../obj/ScienceOlympiadEV/CH59x_usbhostClass.o
LCD_Init                                          ../obj/ScienceOlympiadEV/CH59x_lcd.o
LClk32K_Cfg                                       ../obj/ScienceOlympiadEV/CH59x_clk.o
LClk32K_Select                                    ../obj/ScienceOlympiadEV/CH59x_clk.o
LLE_IRQHandler                                    ../obj/ScienceOlympiadEV/startup_CH592.o
LSECFG_Capacitance                                ../obj/ScienceOlympiadEV/CH59x_clk.o
LSECFG_Current                                    ../obj/ScienceOlympiadEV/CH59x_clk.o
LowPower_Halt                                     ../obj/ScienceOlympiadEV/CH59x_pwr.o
LowPower_Idle                                     ../obj/ScienceOlympiadEV/CH59x_pwr.o
LowPower_Shutdown                                 ../obj/ScienceOlympiadEV/CH59x_pwr.o
LowPower_Sleep                                    ../obj/ScienceOlympiadEV/CH59x_pwr.o
Motor_Init                                        ../obj/ScienceOlympiadEV/main.o
NMI_Handler                                       ../obj/ScienceOlympiadEV/startup_CH592.o
OLED_Clear                                        ../obj/ScienceOlympiadEV/oled_driver.o
                                                  ../obj/ScienceOlympiadEV/main.o
OLED_Init                                         ../obj/ScienceOlympiadEV/oled_driver.o
                                                  ../obj/ScienceOlympiadEV/main.o
OLED_SetCursor                                    ../obj/ScienceOlympiadEV/oled_driver.o
OLED_ShowChar                                     ../obj/ScienceOlympiadEV/oled_driver.o
OLED_ShowString                                   ../obj/ScienceOlympiadEV/oled_driver.o
                                                  ../obj/ScienceOlympiadEV/main.o
OLED_WriteCmd                                     ../obj/ScienceOlympiadEV/oled_driver.o
OLED_WriteData                                    ../obj/ScienceOlympiadEV/oled_driver.o
PWMX_16bit_ACTOUT                                 ../obj/ScienceOlympiadEV/CH59x_pwm.o
                                                  ../obj/ScienceOlympiadEV/main.o
PWMX_16bit_CycleCfg                               ../obj/ScienceOlympiadEV/CH59x_pwm.o
                                                  ../obj/ScienceOlympiadEV/main.o
PWMX_ACTOUT                                       ../obj/ScienceOlympiadEV/CH59x_pwm.o
PWMX_AlterOutCfg                                  ../obj/ScienceOlympiadEV/CH59x_pwm.o
PWMX_CycleCfg                                     ../obj/ScienceOlympiadEV/CH59x_pwm.o
PWMX_IRQHandler                                   ../obj/ScienceOlympiadEV/startup_CH592.o
PWR_DCDCCfg                                       ../obj/ScienceOlympiadEV/CH59x_pwr.o
PWR_PeriphClkCfg                                  ../obj/ScienceOlympiadEV/CH59x_pwr.o
PWR_PeriphWakeUpCfg                               ../obj/ScienceOlympiadEV/CH59x_pwr.o
PWR_UnitModCfg                                    ../obj/ScienceOlympiadEV/CH59x_pwr.o
PowerMonitor                                      ../obj/ScienceOlympiadEV/CH59x_pwr.o
RTC_ClearITFlag                                   ../obj/ScienceOlympiadEV/CH59x_clk.o
RTC_GetCycle32k                                   ../obj/ScienceOlympiadEV/CH59x_clk.o
RTC_GetITFlag                                     ../obj/ScienceOlympiadEV/CH59x_clk.o
RTC_GetTime                                       ../obj/ScienceOlympiadEV/CH59x_clk.o
RTC_IRQHandler                                    ../obj/ScienceOlympiadEV/startup_CH592.o
RTC_InitTime                                      ../obj/ScienceOlympiadEV/CH59x_clk.o
RTC_ModeFunDisable                                ../obj/ScienceOlympiadEV/CH59x_clk.o
RTC_SetCycle32k                                   ../obj/ScienceOlympiadEV/CH59x_clk.o
RTC_TMRFunCfg                                     ../obj/ScienceOlympiadEV/CH59x_clk.o
RTC_TRIGFunCfg                                    ../obj/ScienceOlympiadEV/CH59x_clk.o
ResetRootHubPort                                  ../obj/ScienceOlympiadEV/CH59x_usbhostBase.o
                                                  ../obj/ScienceOlympiadEV/CH59x_usbhostClass.o
SETorOFFNumLock                                   ../obj/ScienceOlympiadEV/CH59x_usbhostClass.o
SPI0_CLKCfg                                       ../obj/ScienceOlympiadEV/CH59x_spi0.o
SPI0_DataMode                                     ../obj/ScienceOlympiadEV/CH59x_spi0.o
SPI0_IRQHandler                                   ../obj/ScienceOlympiadEV/startup_CH592.o
SPI0_MasterDMARecv                                ../obj/ScienceOlympiadEV/CH59x_spi0.o
SPI0_MasterDMATrans                               ../obj/ScienceOlympiadEV/CH59x_spi0.o
SPI0_MasterDefInit                                ../obj/ScienceOlympiadEV/CH59x_spi0.o
SPI0_MasterRecv                                   ../obj/ScienceOlympiadEV/CH59x_spi0.o
SPI0_MasterRecvByte                               ../obj/ScienceOlympiadEV/CH59x_spi0.o
SPI0_MasterSendByte                               ../obj/ScienceOlympiadEV/CH59x_spi0.o
SPI0_MasterTrans                                  ../obj/ScienceOlympiadEV/CH59x_spi0.o
SPI0_SlaveDMARecv                                 ../obj/ScienceOlympiadEV/CH59x_spi0.o
SPI0_SlaveDMATrans                                ../obj/ScienceOlympiadEV/CH59x_spi0.o
SPI0_SlaveInit                                    ../obj/ScienceOlympiadEV/CH59x_spi0.o
SPI0_SlaveRecv                                    ../obj/ScienceOlympiadEV/CH59x_spi0.o
SPI0_SlaveRecvByte                                ../obj/ScienceOlympiadEV/CH59x_spi0.o
SPI0_SlaveSendByte                                ../obj/ScienceOlympiadEV/CH59x_spi0.o
SPI0_SlaveTrans                                   ../obj/ScienceOlympiadEV/CH59x_spi0.o
SW_Handler                                        ../obj/ScienceOlympiadEV/startup_CH592.o
SYS_DisableAllIrq                                 ../obj/ScienceOlympiadEV/CH59x_sys.o
                                                  ../obj/ScienceOlympiadEV/CH59x_clk.o
SYS_GetInfoSta                                    ../obj/ScienceOlympiadEV/CH59x_sys.o
SYS_GetSysTickCnt                                 ../obj/ScienceOlympiadEV/CH59x_sys.o
SYS_RecoverIrq                                    ../obj/ScienceOlympiadEV/CH59x_sys.o
                                                  ../obj/ScienceOlympiadEV/CH59x_clk.o
SYS_ResetExecute                                  ../obj/ScienceOlympiadEV/CH59x_sys.o
SearchTypeDevice                                  ../obj/ScienceOlympiadEV/CH59x_usbhostClass.o
SelectHubPort                                     ../obj/ScienceOlympiadEV/CH59x_usbhostBase.o
                                                  ../obj/ScienceOlympiadEV/CH59x_usbhostClass.o
SetHostUsbAddr                                    ../obj/ScienceOlympiadEV/CH59x_usbhostBase.o
SetLeftMotor                                      ../obj/ScienceOlympiadEV/main.o
SetRightMotor                                     ../obj/ScienceOlympiadEV/main.o
SetSysClock                                       ../obj/ScienceOlympiadEV/CH59x_sys.o
                                                  ../obj/ScienceOlympiadEV/CH59x_pwr.o
                                                  ../obj/ScienceOlympiadEV/main.o
SetUsbSpeed                                       ../obj/ScienceOlympiadEV/CH59x_usbhostBase.o
                                                  ../obj/ScienceOlympiadEV/CH59x_usbhostClass.o
SetupClrEndpStall                                 ../obj/ScienceOlympiadEV/CH59x_usbhostBase.o
SetupGetCfgDescr                                  ../obj/ScienceOlympiadEV/CH59x_usbhostBase.o
SetupGetDevDescr                                  ../obj/ScienceOlympiadEV/CH59x_usbhostBase.o
                                                  ../obj/ScienceOlympiadEV/CH59x_usbhostClass.o
SetupGetHIDDevReport                              ../obj/ScienceOlympiadEV/CH59x_usbhostClass.o
SetupGetHubDescr                                  ../obj/ScienceOlympiadEV/CH59x_usbhostClass.o
SetupSetHIDIdle                                   ../obj/ScienceOlympiadEV/CH59x_usbhostClass.o
SetupSetUsbAddr                                   ../obj/ScienceOlympiadEV/CH59x_usbhostBase.o
                                                  ../obj/ScienceOlympiadEV/CH59x_usbhostClass.o
SetupSetUsbConfig                                 ../obj/ScienceOlympiadEV/CH59x_usbhostBase.o
SetupSetUsbInterface                              ../obj/ScienceOlympiadEV/CH59x_usbhostBase.o
SysTick_Handler                                   ../obj/ScienceOlympiadEV/startup_CH592.o
TMR0_CapInit                                      ../obj/ScienceOlympiadEV/CH59x_timer0.o
TMR0_EXTSingleCounterInit                         ../obj/ScienceOlympiadEV/CH59x_timer0.o
TMR0_IRQHandler                                   ../obj/ScienceOlympiadEV/main.o
TMR0_PWMInit                                      ../obj/ScienceOlympiadEV/CH59x_timer0.o
TMR0_TimerInit                                    ../obj/ScienceOlympiadEV/CH59x_timer0.o
                                                  ../obj/ScienceOlympiadEV/main.o
TMR1_CapInit                                      ../obj/ScienceOlympiadEV/CH59x_timer1.o
TMR1_DMACfg                                       ../obj/ScienceOlympiadEV/CH59x_timer1.o
TMR1_EXTSingleCounterInit                         ../obj/ScienceOlympiadEV/CH59x_timer1.o
TMR1_IRQHandler                                   ../obj/ScienceOlympiadEV/startup_CH592.o
TMR1_PWMInit                                      ../obj/ScienceOlympiadEV/CH59x_timer1.o
TMR1_TimerInit                                    ../obj/ScienceOlympiadEV/CH59x_timer1.o
TMR2_CapInit                                      ../obj/ScienceOlympiadEV/CH59x_timer2.o
TMR2_DMACfg                                       ../obj/ScienceOlympiadEV/CH59x_timer2.o
TMR2_EXTSingleCounterInit                         ../obj/ScienceOlympiadEV/CH59x_timer2.o
TMR2_IRQHandler                                   ../obj/ScienceOlympiadEV/startup_CH592.o
TMR2_PWMInit                                      ../obj/ScienceOlympiadEV/CH59x_timer2.o
TMR2_TimerInit                                    ../obj/ScienceOlympiadEV/CH59x_timer2.o
TMR3_CapInit                                      ../obj/ScienceOlympiadEV/CH59x_timer3.o
TMR3_EXTSingleCounterInit                         ../obj/ScienceOlympiadEV/CH59x_timer3.o
TMR3_IRQHandler                                   ../obj/ScienceOlympiadEV/startup_CH592.o
TMR3_PWMInit                                      ../obj/ScienceOlympiadEV/CH59x_timer3.o
TMR3_TimerInit                                    ../obj/ScienceOlympiadEV/CH59x_timer3.o
ThisUsbDev                                        ../obj/ScienceOlympiadEV/CH59x_usbhostBase.o
                                                  ../obj/ScienceOlympiadEV/CH59x_usbhostClass.o
TouchKey_ChSampInit                               ../obj/ScienceOlympiadEV/CH59x_adc.o
TouchKey_ExcutSingleConver                        ../obj/ScienceOlympiadEV/CH59x_adc.o
UART0_BaudRateCfg                                 ../obj/ScienceOlympiadEV/CH59x_uart0.o
UART0_ByteTrigCfg                                 ../obj/ScienceOlympiadEV/CH59x_uart0.o
UART0_DefInit                                     ../obj/ScienceOlympiadEV/CH59x_uart0.o
UART0_INTCfg                                      ../obj/ScienceOlympiadEV/CH59x_uart0.o
UART0_IRQHandler                                  ../obj/ScienceOlympiadEV/startup_CH592.o
UART0_RecvString                                  ../obj/ScienceOlympiadEV/CH59x_uart0.o
UART0_Reset                                       ../obj/ScienceOlympiadEV/CH59x_uart0.o
UART0_SendString                                  ../obj/ScienceOlympiadEV/CH59x_uart0.o
UART1_BaudRateCfg                                 ../obj/ScienceOlympiadEV/CH59x_uart1.o
UART1_ByteTrigCfg                                 ../obj/ScienceOlympiadEV/CH59x_uart1.o
UART1_DefInit                                     ../obj/ScienceOlympiadEV/CH59x_uart1.o
UART1_INTCfg                                      ../obj/ScienceOlympiadEV/CH59x_uart1.o
UART1_IRQHandler                                  ../obj/ScienceOlympiadEV/startup_CH592.o
UART1_RecvString                                  ../obj/ScienceOlympiadEV/CH59x_uart1.o
UART1_Reset                                       ../obj/ScienceOlympiadEV/CH59x_uart1.o
UART1_SendString                                  ../obj/ScienceOlympiadEV/CH59x_uart1.o
UART2_BaudRateCfg                                 ../obj/ScienceOlympiadEV/CH59x_uart2.o
UART2_ByteTrigCfg                                 ../obj/ScienceOlympiadEV/CH59x_uart2.o
UART2_DefInit                                     ../obj/ScienceOlympiadEV/CH59x_uart2.o
UART2_INTCfg                                      ../obj/ScienceOlympiadEV/CH59x_uart2.o
UART2_IRQHandler                                  ../obj/ScienceOlympiadEV/startup_CH592.o
UART2_RecvString                                  ../obj/ScienceOlympiadEV/CH59x_uart2.o
UART2_Reset                                       ../obj/ScienceOlympiadEV/CH59x_uart2.o
UART2_SendString                                  ../obj/ScienceOlympiadEV/CH59x_uart2.o
UART3_BaudRateCfg                                 ../obj/ScienceOlympiadEV/CH59x_uart3.o
UART3_ByteTrigCfg                                 ../obj/ScienceOlympiadEV/CH59x_uart3.o
UART3_DefInit                                     ../obj/ScienceOlympiadEV/CH59x_uart3.o
UART3_INTCfg                                      ../obj/ScienceOlympiadEV/CH59x_uart3.o
UART3_IRQHandler                                  ../obj/ScienceOlympiadEV/startup_CH592.o
UART3_RecvString                                  ../obj/ScienceOlympiadEV/CH59x_uart3.o
UART3_Reset                                       ../obj/ScienceOlympiadEV/CH59x_uart3.o
UART3_SendString                                  ../obj/ScienceOlympiadEV/CH59x_uart3.o
USBHostTransact                                   ../obj/ScienceOlympiadEV/CH59x_usbhostBase.o
USB_DeviceInit                                    ../obj/ScienceOlympiadEV/CH59x_usbdev.o
USB_HostInit                                      ../obj/ScienceOlympiadEV/CH59x_usbhostBase.o
USB_IRQHandler                                    ../obj/ScienceOlympiadEV/startup_CH592.o
UsbDevEndp0Size                                   ../obj/ScienceOlympiadEV/CH59x_usbhostBase.o
UserOptionByteClose_SWD                           ../obj/ScienceOlympiadEV/CH59x_flash.o
UserOptionByteConfig                              ../obj/ScienceOlympiadEV/CH59x_flash.o
UserOptionByte_Active                             ../obj/ScienceOlympiadEV/CH59x_flash.o
WDOG_BAT_IRQHandler                               ../obj/ScienceOlympiadEV/startup_CH592.o
WWDG_ClearFlag                                    ../obj/ScienceOlympiadEV/CH59x_sys.o
WWDG_ITCfg                                        ../obj/ScienceOlympiadEV/CH59x_sys.o
WWDG_ResetCfg                                     ../obj/ScienceOlympiadEV/CH59x_sys.o
WaitUSB_Interrupt                                 ../obj/ScienceOlympiadEV/CH59x_usbhostBase.o
__addsf3                                          c:/mounriver/mounriver_studio2/resources/app/resources/win32/components/wch/toolchain/risc-v embedded gcc12/bin/../lib/gcc/riscv-wch-elf/12.2.0\libgcc.a(addsf3.o)
                                                  ../obj/ScienceOlympiadEV/main.o
__clz_tab                                         c:/mounriver/mounriver_studio2/resources/app/resources/win32/components/wch/toolchain/risc-v embedded gcc12/bin/../lib/gcc/riscv-wch-elf/12.2.0\libgcc.a(_clz.o)
                                                  c:/mounriver/mounriver_studio2/resources/app/resources/win32/components/wch/toolchain/risc-v embedded gcc12/bin/../lib/gcc/riscv-wch-elf/12.2.0\libgcc.a(_clzsi2.o)
                                                  c:/mounriver/mounriver_studio2/resources/app/resources/win32/components/wch/toolchain/risc-v embedded gcc12/bin/../lib/gcc/riscv-wch-elf/12.2.0\libgcc.a(_divdi3.o)
__clzsi2                                          c:/mounriver/mounriver_studio2/resources/app/resources/win32/components/wch/toolchain/risc-v embedded gcc12/bin/../lib/gcc/riscv-wch-elf/12.2.0\libgcc.a(_clzsi2.o)
                                                  c:/mounriver/mounriver_studio2/resources/app/resources/win32/components/wch/toolchain/risc-v embedded gcc12/bin/../lib/gcc/riscv-wch-elf/12.2.0\libgcc.a(floatsisf.o)
                                                  c:/mounriver/mounriver_studio2/resources/app/resources/win32/components/wch/toolchain/risc-v embedded gcc12/bin/../lib/gcc/riscv-wch-elf/12.2.0\libgcc.a(subsf3.o)
                                                  c:/mounriver/mounriver_studio2/resources/app/resources/win32/components/wch/toolchain/risc-v embedded gcc12/bin/../lib/gcc/riscv-wch-elf/12.2.0\libgcc.a(mulsf3.o)
                                                  c:/mounriver/mounriver_studio2/resources/app/resources/win32/components/wch/toolchain/risc-v embedded gcc12/bin/../lib/gcc/riscv-wch-elf/12.2.0\libgcc.a(divsf3.o)
                                                  c:/mounriver/mounriver_studio2/resources/app/resources/win32/components/wch/toolchain/risc-v embedded gcc12/bin/../lib/gcc/riscv-wch-elf/12.2.0\libgcc.a(addsf3.o)
__divdi3                                          c:/mounriver/mounriver_studio2/resources/app/resources/win32/components/wch/toolchain/risc-v embedded gcc12/bin/../lib/gcc/riscv-wch-elf/12.2.0\libgcc.a(_divdi3.o)
                                                  ../obj/ScienceOlympiadEV/CH59x_clk.o
__divsf3                                          c:/mounriver/mounriver_studio2/resources/app/resources/win32/components/wch/toolchain/risc-v embedded gcc12/bin/../lib/gcc/riscv-wch-elf/12.2.0\libgcc.a(divsf3.o)
                                                  ../obj/ScienceOlympiadEV/main.o
__fixsfsi                                         c:/mounriver/mounriver_studio2/resources/app/resources/win32/components/wch/toolchain/risc-v embedded gcc12/bin/../lib/gcc/riscv-wch-elf/12.2.0\libgcc.a(fixsfsi.o)
                                                  ../obj/ScienceOlympiadEV/main.o
__fixunssfsi                                      c:/mounriver/mounriver_studio2/resources/app/resources/win32/components/wch/toolchain/risc-v embedded gcc12/bin/../lib/gcc/riscv-wch-elf/12.2.0\libgcc.a(fixunssfsi.o)
                                                  ../obj/ScienceOlympiadEV/main.o
__floatsisf                                       c:/mounriver/mounriver_studio2/resources/app/resources/win32/components/wch/toolchain/risc-v embedded gcc12/bin/../lib/gcc/riscv-wch-elf/12.2.0\libgcc.a(floatsisf.o)
                                                  ../obj/ScienceOlympiadEV/main.o
__fp_lock_all                                     c:/mounriver/mounriver_studio2/resources/app/resources/win32/components/wch/toolchain/risc-v embedded gcc12/bin/../lib/gcc/riscv-wch-elf/12.2.0/../../../../riscv-wch-elf/lib\libc_nano.a(lib_a-findfp.o)
__fp_unlock_all                                   c:/mounriver/mounriver_studio2/resources/app/resources/win32/components/wch/toolchain/risc-v embedded gcc12/bin/../lib/gcc/riscv-wch-elf/12.2.0/../../../../riscv-wch-elf/lib\libc_nano.a(lib_a-findfp.o)
__gesf2                                           c:/mounriver/mounriver_studio2/resources/app/resources/win32/components/wch/toolchain/risc-v embedded gcc12/bin/../lib/gcc/riscv-wch-elf/12.2.0\libgcc.a(gesf2.o)
__global_pointer$                                 ../obj/ScienceOlympiadEV/startup_CH592.o
__gtsf2                                           c:/mounriver/mounriver_studio2/resources/app/resources/win32/components/wch/toolchain/risc-v embedded gcc12/bin/../lib/gcc/riscv-wch-elf/12.2.0\libgcc.a(gesf2.o)
                                                  ../obj/ScienceOlympiadEV/main.o
__lesf2                                           c:/mounriver/mounriver_studio2/resources/app/resources/win32/components/wch/toolchain/risc-v embedded gcc12/bin/../lib/gcc/riscv-wch-elf/12.2.0\libgcc.a(lesf2.o)
__lock___arc4random_mutex                         c:/mounriver/mounriver_studio2/resources/app/resources/win32/components/wch/toolchain/risc-v embedded gcc12/bin/../lib/gcc/riscv-wch-elf/12.2.0/../../../../riscv-wch-elf/lib\libc_nano.a(lib_a-lock.o)
__lock___at_quick_exit_mutex                      c:/mounriver/mounriver_studio2/resources/app/resources/win32/components/wch/toolchain/risc-v embedded gcc12/bin/../lib/gcc/riscv-wch-elf/12.2.0/../../../../riscv-wch-elf/lib\libc_nano.a(lib_a-lock.o)
__lock___atexit_recursive_mutex                   c:/mounriver/mounriver_studio2/resources/app/resources/win32/components/wch/toolchain/risc-v embedded gcc12/bin/../lib/gcc/riscv-wch-elf/12.2.0/../../../../riscv-wch-elf/lib\libc_nano.a(lib_a-lock.o)
__lock___dd_hash_mutex                            c:/mounriver/mounriver_studio2/resources/app/resources/win32/components/wch/toolchain/risc-v embedded gcc12/bin/../lib/gcc/riscv-wch-elf/12.2.0/../../../../riscv-wch-elf/lib\libc_nano.a(lib_a-lock.o)
__lock___env_recursive_mutex                      c:/mounriver/mounriver_studio2/resources/app/resources/win32/components/wch/toolchain/risc-v embedded gcc12/bin/../lib/gcc/riscv-wch-elf/12.2.0/../../../../riscv-wch-elf/lib\libc_nano.a(lib_a-lock.o)
__lock___malloc_recursive_mutex                   c:/mounriver/mounriver_studio2/resources/app/resources/win32/components/wch/toolchain/risc-v embedded gcc12/bin/../lib/gcc/riscv-wch-elf/12.2.0/../../../../riscv-wch-elf/lib\libc_nano.a(lib_a-lock.o)
                                                  c:/mounriver/mounriver_studio2/resources/app/resources/win32/components/wch/toolchain/risc-v embedded gcc12/bin/../lib/gcc/riscv-wch-elf/12.2.0/../../../../riscv-wch-elf/lib\libc_nano.a(lib_a-mlock.o)
__lock___sfp_recursive_mutex                      c:/mounriver/mounriver_studio2/resources/app/resources/win32/components/wch/toolchain/risc-v embedded gcc12/bin/../lib/gcc/riscv-wch-elf/12.2.0/../../../../riscv-wch-elf/lib\libc_nano.a(lib_a-lock.o)
                                                  c:/mounriver/mounriver_studio2/resources/app/resources/win32/components/wch/toolchain/risc-v embedded gcc12/bin/../lib/gcc/riscv-wch-elf/12.2.0/../../../../riscv-wch-elf/lib\libc_nano.a(lib_a-findfp.o)
__lock___sinit_recursive_mutex                    c:/mounriver/mounriver_studio2/resources/app/resources/win32/components/wch/toolchain/risc-v embedded gcc12/bin/../lib/gcc/riscv-wch-elf/12.2.0/../../../../riscv-wch-elf/lib\libc_nano.a(lib_a-lock.o)
                                                  c:/mounriver/mounriver_studio2/resources/app/resources/win32/components/wch/toolchain/risc-v embedded gcc12/bin/../lib/gcc/riscv-wch-elf/12.2.0/../../../../riscv-wch-elf/lib\libc_nano.a(lib_a-findfp.o)
__lock___tz_mutex                                 c:/mounriver/mounriver_studio2/resources/app/resources/win32/components/wch/toolchain/risc-v embedded gcc12/bin/../lib/gcc/riscv-wch-elf/12.2.0/../../../../riscv-wch-elf/lib\libc_nano.a(lib_a-lock.o)
__ltsf2                                           c:/mounriver/mounriver_studio2/resources/app/resources/win32/components/wch/toolchain/risc-v embedded gcc12/bin/../lib/gcc/riscv-wch-elf/12.2.0\libgcc.a(lesf2.o)
                                                  ../obj/ScienceOlympiadEV/main.o
__malloc_free_list                                c:/mounriver/mounriver_studio2/resources/app/resources/win32/components/wch/toolchain/risc-v embedded gcc12/bin/../lib/gcc/riscv-wch-elf/12.2.0/../../../../riscv-wch-elf/lib\libc_nano.a(lib_a-nano-mallocr.o)
                                                  c:/mounriver/mounriver_studio2/resources/app/resources/win32/components/wch/toolchain/risc-v embedded gcc12/bin/../lib/gcc/riscv-wch-elf/12.2.0/../../../../riscv-wch-elf/lib\libc_nano.a(lib_a-nano-freer.o)
__malloc_lock                                     c:/mounriver/mounriver_studio2/resources/app/resources/win32/components/wch/toolchain/risc-v embedded gcc12/bin/../lib/gcc/riscv-wch-elf/12.2.0/../../../../riscv-wch-elf/lib\libc_nano.a(lib_a-mlock.o)
                                                  c:/mounriver/mounriver_studio2/resources/app/resources/win32/components/wch/toolchain/risc-v embedded gcc12/bin/../lib/gcc/riscv-wch-elf/12.2.0/../../../../riscv-wch-elf/lib\libc_nano.a(lib_a-nano-mallocr.o)
                                                  c:/mounriver/mounriver_studio2/resources/app/resources/win32/components/wch/toolchain/risc-v embedded gcc12/bin/../lib/gcc/riscv-wch-elf/12.2.0/../../../../riscv-wch-elf/lib\libc_nano.a(lib_a-nano-freer.o)
__malloc_sbrk_start                               c:/mounriver/mounriver_studio2/resources/app/resources/win32/components/wch/toolchain/risc-v embedded gcc12/bin/../lib/gcc/riscv-wch-elf/12.2.0/../../../../riscv-wch-elf/lib\libc_nano.a(lib_a-nano-mallocr.o)
__malloc_unlock                                   c:/mounriver/mounriver_studio2/resources/app/resources/win32/components/wch/toolchain/risc-v embedded gcc12/bin/../lib/gcc/riscv-wch-elf/12.2.0/../../../../riscv-wch-elf/lib\libc_nano.a(lib_a-mlock.o)
                                                  c:/mounriver/mounriver_studio2/resources/app/resources/win32/components/wch/toolchain/risc-v embedded gcc12/bin/../lib/gcc/riscv-wch-elf/12.2.0/../../../../riscv-wch-elf/lib\libc_nano.a(lib_a-nano-mallocr.o)
                                                  c:/mounriver/mounriver_studio2/resources/app/resources/win32/components/wch/toolchain/risc-v embedded gcc12/bin/../lib/gcc/riscv-wch-elf/12.2.0/../../../../riscv-wch-elf/lib\libc_nano.a(lib_a-nano-freer.o)
__mulsf3                                          c:/mounriver/mounriver_studio2/resources/app/resources/win32/components/wch/toolchain/risc-v embedded gcc12/bin/../lib/gcc/riscv-wch-elf/12.2.0\libgcc.a(mulsf3.o)
                                                  ../obj/ScienceOlympiadEV/main.o
__retarget_lock_acquire                           c:/mounriver/mounriver_studio2/resources/app/resources/win32/components/wch/toolchain/risc-v embedded gcc12/bin/../lib/gcc/riscv-wch-elf/12.2.0/../../../../riscv-wch-elf/lib\libc_nano.a(lib_a-lock.o)
__retarget_lock_acquire_recursive                 c:/mounriver/mounriver_studio2/resources/app/resources/win32/components/wch/toolchain/risc-v embedded gcc12/bin/../lib/gcc/riscv-wch-elf/12.2.0/../../../../riscv-wch-elf/lib\libc_nano.a(lib_a-lock.o)
                                                  c:/mounriver/mounriver_studio2/resources/app/resources/win32/components/wch/toolchain/risc-v embedded gcc12/bin/../lib/gcc/riscv-wch-elf/12.2.0/../../../../riscv-wch-elf/lib\libc_nano.a(lib_a-mlock.o)
                                                  c:/mounriver/mounriver_studio2/resources/app/resources/win32/components/wch/toolchain/risc-v embedded gcc12/bin/../lib/gcc/riscv-wch-elf/12.2.0/../../../../riscv-wch-elf/lib\libc_nano.a(lib_a-nano-vfprintf.o)
                                                  c:/mounriver/mounriver_studio2/resources/app/resources/win32/components/wch/toolchain/risc-v embedded gcc12/bin/../lib/gcc/riscv-wch-elf/12.2.0/../../../../riscv-wch-elf/lib\libc_nano.a(lib_a-findfp.o)
                                                  c:/mounriver/mounriver_studio2/resources/app/resources/win32/components/wch/toolchain/risc-v embedded gcc12/bin/../lib/gcc/riscv-wch-elf/12.2.0/../../../../riscv-wch-elf/lib\libc_nano.a(lib_a-fflush.o)
                                                  c:/mounriver/mounriver_studio2/resources/app/resources/win32/components/wch/toolchain/risc-v embedded gcc12/bin/../lib/gcc/riscv-wch-elf/12.2.0/../../../../riscv-wch-elf/lib\libc_nano.a(lib_a-puts.o)
                                                  c:/mounriver/mounriver_studio2/resources/app/resources/win32/components/wch/toolchain/risc-v embedded gcc12/bin/../lib/gcc/riscv-wch-elf/12.2.0/../../../../riscv-wch-elf/lib\libc_nano.a(lib_a-putc.o)
__retarget_lock_close                             c:/mounriver/mounriver_studio2/resources/app/resources/win32/components/wch/toolchain/risc-v embedded gcc12/bin/../lib/gcc/riscv-wch-elf/12.2.0/../../../../riscv-wch-elf/lib\libc_nano.a(lib_a-lock.o)
__retarget_lock_close_recursive                   c:/mounriver/mounriver_studio2/resources/app/resources/win32/components/wch/toolchain/risc-v embedded gcc12/bin/../lib/gcc/riscv-wch-elf/12.2.0/../../../../riscv-wch-elf/lib\libc_nano.a(lib_a-lock.o)
__retarget_lock_init                              c:/mounriver/mounriver_studio2/resources/app/resources/win32/components/wch/toolchain/risc-v embedded gcc12/bin/../lib/gcc/riscv-wch-elf/12.2.0/../../../../riscv-wch-elf/lib\libc_nano.a(lib_a-lock.o)
__retarget_lock_init_recursive                    c:/mounriver/mounriver_studio2/resources/app/resources/win32/components/wch/toolchain/risc-v embedded gcc12/bin/../lib/gcc/riscv-wch-elf/12.2.0/../../../../riscv-wch-elf/lib\libc_nano.a(lib_a-lock.o)
                                                  c:/mounriver/mounriver_studio2/resources/app/resources/win32/components/wch/toolchain/risc-v embedded gcc12/bin/../lib/gcc/riscv-wch-elf/12.2.0/../../../../riscv-wch-elf/lib\libc_nano.a(lib_a-findfp.o)
__retarget_lock_release                           c:/mounriver/mounriver_studio2/resources/app/resources/win32/components/wch/toolchain/risc-v embedded gcc12/bin/../lib/gcc/riscv-wch-elf/12.2.0/../../../../riscv-wch-elf/lib\libc_nano.a(lib_a-lock.o)
__retarget_lock_release_recursive                 c:/mounriver/mounriver_studio2/resources/app/resources/win32/components/wch/toolchain/risc-v embedded gcc12/bin/../lib/gcc/riscv-wch-elf/12.2.0/../../../../riscv-wch-elf/lib\libc_nano.a(lib_a-lock.o)
                                                  c:/mounriver/mounriver_studio2/resources/app/resources/win32/components/wch/toolchain/risc-v embedded gcc12/bin/../lib/gcc/riscv-wch-elf/12.2.0/../../../../riscv-wch-elf/lib\libc_nano.a(lib_a-mlock.o)
                                                  c:/mounriver/mounriver_studio2/resources/app/resources/win32/components/wch/toolchain/risc-v embedded gcc12/bin/../lib/gcc/riscv-wch-elf/12.2.0/../../../../riscv-wch-elf/lib\libc_nano.a(lib_a-nano-vfprintf.o)
                                                  c:/mounriver/mounriver_studio2/resources/app/resources/win32/components/wch/toolchain/risc-v embedded gcc12/bin/../lib/gcc/riscv-wch-elf/12.2.0/../../../../riscv-wch-elf/lib\libc_nano.a(lib_a-findfp.o)
                                                  c:/mounriver/mounriver_studio2/resources/app/resources/win32/components/wch/toolchain/risc-v embedded gcc12/bin/../lib/gcc/riscv-wch-elf/12.2.0/../../../../riscv-wch-elf/lib\libc_nano.a(lib_a-fflush.o)
                                                  c:/mounriver/mounriver_studio2/resources/app/resources/win32/components/wch/toolchain/risc-v embedded gcc12/bin/../lib/gcc/riscv-wch-elf/12.2.0/../../../../riscv-wch-elf/lib\libc_nano.a(lib_a-puts.o)
                                                  c:/mounriver/mounriver_studio2/resources/app/resources/win32/components/wch/toolchain/risc-v embedded gcc12/bin/../lib/gcc/riscv-wch-elf/12.2.0/../../../../riscv-wch-elf/lib\libc_nano.a(lib_a-putc.o)
__retarget_lock_try_acquire                       c:/mounriver/mounriver_studio2/resources/app/resources/win32/components/wch/toolchain/risc-v embedded gcc12/bin/../lib/gcc/riscv-wch-elf/12.2.0/../../../../riscv-wch-elf/lib\libc_nano.a(lib_a-lock.o)
__retarget_lock_try_acquire_recursive             c:/mounriver/mounriver_studio2/resources/app/resources/win32/components/wch/toolchain/risc-v embedded gcc12/bin/../lib/gcc/riscv-wch-elf/12.2.0/../../../../riscv-wch-elf/lib\libc_nano.a(lib_a-lock.o)
__sclose                                          c:/mounriver/mounriver_studio2/resources/app/resources/win32/components/wch/toolchain/risc-v embedded gcc12/bin/../lib/gcc/riscv-wch-elf/12.2.0/../../../../riscv-wch-elf/lib\libc_nano.a(lib_a-stdio.o)
                                                  c:/mounriver/mounriver_studio2/resources/app/resources/win32/components/wch/toolchain/risc-v embedded gcc12/bin/../lib/gcc/riscv-wch-elf/12.2.0/../../../../riscv-wch-elf/lib\libc_nano.a(lib_a-findfp.o)
__seofread                                        c:/mounriver/mounriver_studio2/resources/app/resources/win32/components/wch/toolchain/risc-v embedded gcc12/bin/../lib/gcc/riscv-wch-elf/12.2.0/../../../../riscv-wch-elf/lib\libc_nano.a(lib_a-stdio.o)
__sf_fake_stderr                                  c:/mounriver/mounriver_studio2/resources/app/resources/win32/components/wch/toolchain/risc-v embedded gcc12/bin/../lib/gcc/riscv-wch-elf/12.2.0/../../../../riscv-wch-elf/lib\libc_nano.a(lib_a-findfp.o)
                                                  c:/mounriver/mounriver_studio2/resources/app/resources/win32/components/wch/toolchain/risc-v embedded gcc12/bin/../lib/gcc/riscv-wch-elf/12.2.0/../../../../riscv-wch-elf/lib\libc_nano.a(lib_a-nano-vfprintf.o)
                                                  c:/mounriver/mounriver_studio2/resources/app/resources/win32/components/wch/toolchain/risc-v embedded gcc12/bin/../lib/gcc/riscv-wch-elf/12.2.0/../../../../riscv-wch-elf/lib\libc_nano.a(lib_a-impure.o)
                                                  c:/mounriver/mounriver_studio2/resources/app/resources/win32/components/wch/toolchain/risc-v embedded gcc12/bin/../lib/gcc/riscv-wch-elf/12.2.0/../../../../riscv-wch-elf/lib\libc_nano.a(lib_a-fflush.o)
                                                  c:/mounriver/mounriver_studio2/resources/app/resources/win32/components/wch/toolchain/risc-v embedded gcc12/bin/../lib/gcc/riscv-wch-elf/12.2.0/../../../../riscv-wch-elf/lib\libc_nano.a(lib_a-wsetup.o)
                                                  c:/mounriver/mounriver_studio2/resources/app/resources/win32/components/wch/toolchain/risc-v embedded gcc12/bin/../lib/gcc/riscv-wch-elf/12.2.0/../../../../riscv-wch-elf/lib\libc_nano.a(lib_a-wbuf.o)
                                                  c:/mounriver/mounriver_studio2/resources/app/resources/win32/components/wch/toolchain/risc-v embedded gcc12/bin/../lib/gcc/riscv-wch-elf/12.2.0/../../../../riscv-wch-elf/lib\libc_nano.a(lib_a-puts.o)
                                                  c:/mounriver/mounriver_studio2/resources/app/resources/win32/components/wch/toolchain/risc-v embedded gcc12/bin/../lib/gcc/riscv-wch-elf/12.2.0/../../../../riscv-wch-elf/lib\libc_nano.a(lib_a-putc.o)
__sf_fake_stdin                                   c:/mounriver/mounriver_studio2/resources/app/resources/win32/components/wch/toolchain/risc-v embedded gcc12/bin/../lib/gcc/riscv-wch-elf/12.2.0/../../../../riscv-wch-elf/lib\libc_nano.a(lib_a-findfp.o)
                                                  c:/mounriver/mounriver_studio2/resources/app/resources/win32/components/wch/toolchain/risc-v embedded gcc12/bin/../lib/gcc/riscv-wch-elf/12.2.0/../../../../riscv-wch-elf/lib\libc_nano.a(lib_a-nano-vfprintf.o)
                                                  c:/mounriver/mounriver_studio2/resources/app/resources/win32/components/wch/toolchain/risc-v embedded gcc12/bin/../lib/gcc/riscv-wch-elf/12.2.0/../../../../riscv-wch-elf/lib\libc_nano.a(lib_a-impure.o)
                                                  c:/mounriver/mounriver_studio2/resources/app/resources/win32/components/wch/toolchain/risc-v embedded gcc12/bin/../lib/gcc/riscv-wch-elf/12.2.0/../../../../riscv-wch-elf/lib\libc_nano.a(lib_a-fflush.o)
                                                  c:/mounriver/mounriver_studio2/resources/app/resources/win32/components/wch/toolchain/risc-v embedded gcc12/bin/../lib/gcc/riscv-wch-elf/12.2.0/../../../../riscv-wch-elf/lib\libc_nano.a(lib_a-wsetup.o)
                                                  c:/mounriver/mounriver_studio2/resources/app/resources/win32/components/wch/toolchain/risc-v embedded gcc12/bin/../lib/gcc/riscv-wch-elf/12.2.0/../../../../riscv-wch-elf/lib\libc_nano.a(lib_a-wbuf.o)
                                                  c:/mounriver/mounriver_studio2/resources/app/resources/win32/components/wch/toolchain/risc-v embedded gcc12/bin/../lib/gcc/riscv-wch-elf/12.2.0/../../../../riscv-wch-elf/lib\libc_nano.a(lib_a-puts.o)
                                                  c:/mounriver/mounriver_studio2/resources/app/resources/win32/components/wch/toolchain/risc-v embedded gcc12/bin/../lib/gcc/riscv-wch-elf/12.2.0/../../../../riscv-wch-elf/lib\libc_nano.a(lib_a-putc.o)
__sf_fake_stdout                                  c:/mounriver/mounriver_studio2/resources/app/resources/win32/components/wch/toolchain/risc-v embedded gcc12/bin/../lib/gcc/riscv-wch-elf/12.2.0/../../../../riscv-wch-elf/lib\libc_nano.a(lib_a-findfp.o)
                                                  c:/mounriver/mounriver_studio2/resources/app/resources/win32/components/wch/toolchain/risc-v embedded gcc12/bin/../lib/gcc/riscv-wch-elf/12.2.0/../../../../riscv-wch-elf/lib\libc_nano.a(lib_a-nano-vfprintf.o)
                                                  c:/mounriver/mounriver_studio2/resources/app/resources/win32/components/wch/toolchain/risc-v embedded gcc12/bin/../lib/gcc/riscv-wch-elf/12.2.0/../../../../riscv-wch-elf/lib\libc_nano.a(lib_a-impure.o)
                                                  c:/mounriver/mounriver_studio2/resources/app/resources/win32/components/wch/toolchain/risc-v embedded gcc12/bin/../lib/gcc/riscv-wch-elf/12.2.0/../../../../riscv-wch-elf/lib\libc_nano.a(lib_a-fflush.o)
                                                  c:/mounriver/mounriver_studio2/resources/app/resources/win32/components/wch/toolchain/risc-v embedded gcc12/bin/../lib/gcc/riscv-wch-elf/12.2.0/../../../../riscv-wch-elf/lib\libc_nano.a(lib_a-wsetup.o)
                                                  c:/mounriver/mounriver_studio2/resources/app/resources/win32/components/wch/toolchain/risc-v embedded gcc12/bin/../lib/gcc/riscv-wch-elf/12.2.0/../../../../riscv-wch-elf/lib\libc_nano.a(lib_a-wbuf.o)
                                                  c:/mounriver/mounriver_studio2/resources/app/resources/win32/components/wch/toolchain/risc-v embedded gcc12/bin/../lib/gcc/riscv-wch-elf/12.2.0/../../../../riscv-wch-elf/lib\libc_nano.a(lib_a-puts.o)
                                                  c:/mounriver/mounriver_studio2/resources/app/resources/win32/components/wch/toolchain/risc-v embedded gcc12/bin/../lib/gcc/riscv-wch-elf/12.2.0/../../../../riscv-wch-elf/lib\libc_nano.a(lib_a-putc.o)