GAS LISTING C:\Users\LRNA\AppData\Local\Temp\ccm54Cvp.s 			page 1


   1              		.file	"main.c"
   2              		.option nopic
   3              		.attribute arch, "rv32i2p0_m2p0_a2p0_c2p0"
   4              		.attribute unaligned_access, 0
   5              		.attribute stack_align, 16
   6              		.text
   7              		.section	.highcode,"ax",@progbits
   8              		.align	1
   9              		.globl	TMR0_IRQHandler
  11              	TMR0_IRQHandler:
  12 0000 37270040 		li	a4,1073750016
  13 0004 83476700 		lbu	a5,6(a4)
  14 0008 858B     		andi	a5,a5,1
  15 000a 99CB     		beq	a5,zero,.L1
  16 000c 8547     		li	a5,1
  17 000e 2303F700 		sb	a5,6(a4)
  18 0012 17070000 		lla	a4,timer_ticks
  18      13070700 
  19 001a 1C43     		lw	a5,0(a4)
  20 001c 8507     		addi	a5,a5,1
  21 001e 1CC3     		sw	a5,0(a4)
  22              	.L1:
  23 0020 73002030 		mret
  25              		.align	1
  26              		.globl	GPIOB_IRQHandler
  28              	GPIOB_IRQHandler:
  29 0024 B7170040 		li	a5,1073745920
  30 0028 03D7E709 		lhu	a4,158(a5)
  31 002c 13770704 		andi	a4,a4,64
  32 0030 31C3     		beq	a4,zero,.L6
  33 0032 9387470C 		addi	a5,a5,196
  34 0036 9843     		lw	a4,0(a5)
  35 0038 9443     		lw	a3,0(a5)
  36 003a 97070000 		lla	a5,count_left
  36      93870700 
  37 0042 13770704 		andi	a4,a4,64
  38 0046 3336E000 		snez	a2,a4
  39 004a 858A     		andi	a3,a3,1
  40 004c 6316D602 		bne	a2,a3,.L8
  41 0050 9443     		lw	a3,0(a5)
  42 0052 8506     		addi	a3,a3,1
  43              	.L15:
  44 0054 94C3     		sw	a3,0(a5)
  45 0056 8945     		li	a1,2
  46 0058 11E3     		bne	a4,zero,.L16
  47 005a 8D45     		li	a1,3
  48              	.L16:
  49 005c 13050004 		li	a0,64
  50 0060 97000000 		call	GPIOB_ITModeCfg
  50      E7800000 
  51 0068 B7170040 		li	a5,1073745920
  52 006c 13070004 		li	a4,64
  53 0070 239FE708 		sh	a4,158(a5)
  54              	.L6:
  55 0074 73002030 		mret
  56              	.L8:
  57 0078 9443     		lw	a3,0(a5)
GAS LISTING C:\Users\LRNA\AppData\Local\Temp\ccm54Cvp.s 			page 2


  58 007a FD16     		addi	a3,a3,-1
  59 007c E1BF     		j	.L15
  61              		.align	1
  62              		.globl	GPIOA_IRQHandler
  64              	GPIOA_IRQHandler:
  65 007e B7170040 		li	a5,1073745920
  66 0082 03D7C709 		lhu	a4,156(a5)
  67 0086 418B     		andi	a4,a4,16
  68 0088 21C3     		beq	a4,zero,.L17
  69 008a 9387470A 		addi	a5,a5,164
  70 008e 9843     		lw	a4,0(a5)
  71 0090 9C43     		lw	a5,0(a5)
  72 0092 97060000 		lla	a3,count_right
  72      93860600 
  73 009a 418B     		andi	a4,a4,16
  74 009c 9583     		srli	a5,a5,5
  75 009e 3336E000 		snez	a2,a4
  76 00a2 858B     		andi	a5,a5,1
  77 00a4 6314F602 		bne	a2,a5,.L19
  78 00a8 9C42     		lw	a5,0(a3)
  79 00aa 8507     		addi	a5,a5,1
  80              	.L26:
  81 00ac 9CC2     		sw	a5,0(a3)
  82 00ae 8945     		li	a1,2
  83 00b0 11E3     		bne	a4,zero,.L27
  84 00b2 8D45     		li	a1,3
  85              	.L27:
  86 00b4 4145     		li	a0,16
  87 00b6 97000000 		call	GPIOA_ITModeCfg
  87      E7800000 
  88 00be B7170040 		li	a5,1073745920
  89 00c2 4147     		li	a4,16
  90 00c4 239EE708 		sh	a4,156(a5)
  91              	.L17:
  92 00c8 73002030 		mret
  93              	.L19:
  94 00cc 9C42     		lw	a5,0(a3)
  95 00ce FD17     		addi	a5,a5,-1
  96 00d0 F1BF     		j	.L26
  98              		.globl	__gtsf2
  99              		.globl	__ltsf2
 100              		.globl	__mulsf3
 101              		.globl	__divsf3
 102              		.globl	__fixunssfsi
 103              		.section	.text.SetLeftMotor,"ax",@progbits
 104              		.align	1
 105              		.globl	SetLeftMotor
 107              	SetLeftMotor:
 108 0000 4111     		addi	sp,sp,-16
 109 0002 26C2     		sw	s1,4(sp)
 110 0004 97040000 		lw	s1,.LC1
 110      83A40400 
 111 000c A685     		mv	a1,s1
 112 000e 22C4     		sw	s0,8(sp)
 113 0010 06C6     		sw	ra,12(sp)
 114 0012 2A84     		mv	s0,a0
 115 0014 97000000 		call	__gtsf2
GAS LISTING C:\Users\LRNA\AppData\Local\Temp\ccm54Cvp.s 			page 3


 115      E7800000 
 116 001c 6340A00A 		bgt	a0,zero,.L35
 117 0020 97040000 		lw	s1,.LC0
 117      83A40400 
 118 0028 A685     		mv	a1,s1
 119 002a 2285     		mv	a0,s0
 120 002c 97000000 		call	__ltsf2
 120      E7800000 
 121 0034 63420508 		blt	a0,zero,.L36
 122 0038 93050000 		mv	a1,zero
 123 003c 2285     		mv	a0,s0
 124 003e 97000000 		call	__ltsf2
 124      E7800000 
 125 0046 635C0506 		bge	a0,zero,.L29
 126              	.L30:
 127 004a B7170040 		li	a5,1073745920
 128 004e 9387C70A 		addi	a5,a5,172
 129 0052 9843     		lw	a4,0(a5)
 130 0054 9166     		li	a3,16384
 131 0056 558F     		or	a4,a4,a3
 132 0058 98C3     		sw	a4,0(a5)
 133 005a B7070080 		li	a5,-2147483648
 134 005e 3D8C     		xor	s0,a5,s0
 135              	.L32:
 136 0060 93050000 		mv	a1,zero
 137 0064 2285     		mv	a0,s0
 138 0066 97000000 		call	__gtsf2
 138      E7800000 
 139 006e 6351A006 		ble	a0,zero,.L38
 140 0072 97050000 		lw	a1,.LC2
 140      83A50500 
 141 007a 2285     		mv	a0,s0
 142 007c 97000000 		call	__mulsf3
 142      E7800000 
 143 0084 97050000 		lw	a1,.LC1
 143      83A50500 
 144 008c 97000000 		call	__divsf3
 144      E7800000 
 145 0094 97000000 		call	__fixunssfsi
 145      E7800000 
 146 009c 2244     		lw	s0,8(sp)
 147 009e B240     		lw	ra,12(sp)
 148 00a0 9244     		lw	s1,4(sp)
 149 00a2 93150501 		slli	a1,a0,16
 150 00a6 8546     		li	a3,1
 151 00a8 0146     		li	a2,0
 152 00aa C181     		srli	a1,a1,16
 153 00ac 0545     		li	a0,1
 154 00ae 4101     		addi	sp,sp,16
 155 00b0 17030000 		tail	PWMX_16bit_ACTOUT
 155      67000300 
 156              	.L36:
 157 00b8 2684     		mv	s0,s1
 158 00ba 41BF     		j	.L30
 159              	.L35:
 160 00bc 2684     		mv	s0,s1
 161              	.L29:
GAS LISTING C:\Users\LRNA\AppData\Local\Temp\ccm54Cvp.s 			page 4


 162 00be B7170040 		li	a5,1073745920
 163 00c2 9387870A 		addi	a5,a5,168
 164 00c6 9843     		lw	a4,0(a5)
 165 00c8 9166     		li	a3,16384
 166 00ca 558F     		or	a4,a4,a3
 167 00cc 98C3     		sw	a4,0(a5)
 168 00ce 49BF     		j	.L32
 169              	.L38:
 170 00d0 8146     		li	a3,0
 171 00d2 0146     		li	a2,0
 172 00d4 8145     		li	a1,0
 173 00d6 0545     		li	a0,1
 174 00d8 97000000 		call	PWMX_16bit_ACTOUT
 174      E7800000 
 175 00e0 B7170040 		li	a5,1073745920
 176 00e4 9387C70A 		addi	a5,a5,172
 177 00e8 9843     		lw	a4,0(a5)
 178 00ea B240     		lw	ra,12(sp)
 179 00ec 2244     		lw	s0,8(sp)
 180 00ee 8566     		li	a3,4096
 181 00f0 558F     		or	a4,a4,a3
 182 00f2 98C3     		sw	a4,0(a5)
 183 00f4 9244     		lw	s1,4(sp)
 184 00f6 4101     		addi	sp,sp,16
 185 00f8 8280     		jr	ra
 187              		.section	.text.SetRightMotor,"ax",@progbits
 188              		.align	1
 189              		.globl	SetRightMotor
 191              	SetRightMotor:
 192 0000 4111     		addi	sp,sp,-16
 193 0002 26C2     		sw	s1,4(sp)
 194 0004 97040000 		lw	s1,.LC1
 194      83A40400 
 195 000c A685     		mv	a1,s1
 196 000e 22C4     		sw	s0,8(sp)
 197 0010 06C6     		sw	ra,12(sp)
 198 0012 2A84     		mv	s0,a0
 199 0014 97000000 		call	__gtsf2
 199      E7800000 
 200 001c 6340A00A 		bgt	a0,zero,.L47
 201 0020 97040000 		lw	s1,.LC0
 201      83A40400 
 202 0028 A685     		mv	a1,s1
 203 002a 2285     		mv	a0,s0
 204 002c 97000000 		call	__ltsf2
 204      E7800000 
 205 0034 63420508 		blt	a0,zero,.L48
 206 0038 93050000 		mv	a1,zero
 207 003c 2285     		mv	a0,s0
 208 003e 97000000 		call	__ltsf2
 208      E7800000 
 209 0046 635C0506 		bge	a0,zero,.L41
 210              	.L42:
 211 004a B7170040 		li	a5,1073745920
 212 004e 9387C70A 		addi	a5,a5,172
 213 0052 9843     		lw	a4,0(a5)
 214 0054 A166     		li	a3,32768
GAS LISTING C:\Users\LRNA\AppData\Local\Temp\ccm54Cvp.s 			page 5


 215 0056 558F     		or	a4,a4,a3
 216 0058 98C3     		sw	a4,0(a5)
 217 005a B7070080 		li	a5,-2147483648
 218 005e 3D8C     		xor	s0,a5,s0
 219              	.L44:
 220 0060 93050000 		mv	a1,zero
 221 0064 2285     		mv	a0,s0
 222 0066 97000000 		call	__gtsf2
 222      E7800000 
 223 006e 6351A006 		ble	a0,zero,.L50
 224 0072 97050000 		lw	a1,.LC2
 224      83A50500 
 225 007a 2285     		mv	a0,s0
 226 007c 97000000 		call	__mulsf3
 226      E7800000 
 227 0084 97050000 		lw	a1,.LC1
 227      83A50500 
 228 008c 97000000 		call	__divsf3
 228      E7800000 
 229 0094 97000000 		call	__fixunssfsi
 229      E7800000 
 230 009c 2244     		lw	s0,8(sp)
 231 009e B240     		lw	ra,12(sp)
 232 00a0 9244     		lw	s1,4(sp)
 233 00a2 93150501 		slli	a1,a0,16
 234 00a6 8546     		li	a3,1
 235 00a8 0146     		li	a2,0
 236 00aa C181     		srli	a1,a1,16
 237 00ac 0945     		li	a0,2
 238 00ae 4101     		addi	sp,sp,16
 239 00b0 17030000 		tail	PWMX_16bit_ACTOUT
 239      67000300 
 240              	.L48:
 241 00b8 2684     		mv	s0,s1
 242 00ba 41BF     		j	.L42
 243              	.L47:
 244 00bc 2684     		mv	s0,s1
 245              	.L41:
 246 00be B7170040 		li	a5,1073745920
 247 00c2 9387870A 		addi	a5,a5,168
 248 00c6 9843     		lw	a4,0(a5)
 249 00c8 A166     		li	a3,32768
 250 00ca 558F     		or	a4,a4,a3
 251 00cc 98C3     		sw	a4,0(a5)
 252 00ce 49BF     		j	.L44
 253              	.L50:
 254 00d0 8146     		li	a3,0
 255 00d2 0146     		li	a2,0
 256 00d4 8145     		li	a1,0
 257 00d6 0945     		li	a0,2
 258 00d8 97000000 		call	PWMX_16bit_ACTOUT
 258      E7800000 
 259 00e0 B7170040 		li	a5,1073745920
 260 00e4 9387C70A 		addi	a5,a5,172
 261 00e8 9843     		lw	a4,0(a5)
 262 00ea B240     		lw	ra,12(sp)
 263 00ec 2244     		lw	s0,8(sp)
GAS LISTING C:\Users\LRNA\AppData\Local\Temp\ccm54Cvp.s 			page 6


 264 00ee 8966     		li	a3,8192
 265 00f0 558F     		or	a4,a4,a3
 266 00f2 98C3     		sw	a4,0(a5)
 267 00f4 9244     		lw	s1,4(sp)
 268 00f6 4101     		addi	sp,sp,16
 269 00f8 8280     		jr	ra
 271              		.section	.text.Motor_Init,"ax",@progbits
 272              		.align	1
 273              		.globl	Motor_Init
 275              	Motor_Init:
 276 0000 4111     		addi	sp,sp,-16
 277 0002 8D45     		li	a1,3
 278 0004 3D65     		li	a0,61440
 279 0006 06C6     		sw	ra,12(sp)
 280 0008 22C4     		sw	s0,8(sp)
 281 000a 97000000 		call	GPIOA_ModeCfg
 281      E7800000 
 282 0012 37140040 		li	s0,1073745920
 283 0016 1307C40A 		addi	a4,s0,172
 284 001a 1C43     		lw	a5,0(a4)
 285 001c 8D66     		li	a3,12288
 286 001e 8545     		li	a1,1
 287 0020 D58F     		or	a5,a5,a3
 288 0022 1CC3     		sw	a5,0(a4)
 289 0024 13051004 		li	a0,65
 290 0028 97000000 		call	GPIOB_ModeCfg
 290      E7800000 
 291 0030 8545     		li	a1,1
 292 0032 13050003 		li	a0,48
 293 0036 97000000 		call	GPIOA_ModeCfg
 293      E7800000 
 294 003e 8945     		li	a1,2
 295 0040 13050004 		li	a0,64
 296 0044 97000000 		call	GPIOB_ITModeCfg
 296      E7800000 
 297 004c 8945     		li	a1,2
 298 004e 4145     		li	a0,16
 299 0050 97000000 		call	GPIOA_ITModeCfg
 299      E7800000 
 300 0058 B7E700E0 		li	a5,-536813568
 301 005c 37070400 		li	a4,262144
 302 0060 23A0E710 		sw	a4,256(a5)
 303 0064 37070200 		li	a4,131072
 304 0068 23A0E710 		sw	a4,256(a5)
 305 006c 3D65     		li	a0,61440
 306 006e B7570040 		li	a5,1073762304
 307 0072 1147     		li	a4,4
 308 0074 A381E700 		sb	a4,3(a5)
 309 0078 130505A6 		addi	a0,a0,-1440
 310 007c 97000000 		call	PWMX_16bit_CycleCfg
 310      E7800000 
 311 0084 8146     		li	a3,0
 312 0086 0146     		li	a2,0
 313 0088 8145     		li	a1,0
 314 008a 0545     		li	a0,1
 315 008c 97000000 		call	PWMX_16bit_ACTOUT
 315      E7800000 
GAS LISTING C:\Users\LRNA\AppData\Local\Temp\ccm54Cvp.s 			page 7


 316 0094 8146     		li	a3,0
 317 0096 0146     		li	a2,0
 318 0098 8145     		li	a1,0
 319 009a 0945     		li	a0,2
 320 009c 97000000 		call	PWMX_16bit_ACTOUT
 320      E7800000 
 321 00a4 9307840A 		addi	a5,s0,168
 322 00a8 9843     		lw	a4,0(a5)
 323 00aa 9166     		li	a3,16384
 324 00ac B240     		lw	ra,12(sp)
 325 00ae 558F     		or	a4,a4,a3
 326 00b0 98C3     		sw	a4,0(a5)
 327 00b2 9843     		lw	a4,0(a5)
 328 00b4 2244     		lw	s0,8(sp)
 329 00b6 A166     		li	a3,32768
 330 00b8 558F     		or	a4,a4,a3
 331 00ba 98C3     		sw	a4,0(a5)
 332 00bc 4101     		addi	sp,sp,16
 333 00be 8280     		jr	ra
 335              		.section	.rodata.main.str1.4,"aMS",@progbits,1
 336              		.align	2
 337              	.LC12:
 338 0000 2D2D2D20 		.string	"--- 1. TIME ---"
 338      312E2054 
 338      494D4520 
 338      2D2D2D00 
 339              		.globl	__fixsfsi
 340              		.align	2
 341              	.LC13:
 342 0010 54696D65 		.string	"Time: %d.%ds"
 342      3A202564 
 342      2E256473 
 342      00
 343 001d 000000   		.align	2
 344              	.LC14:
 345 0020 426F6F74 		.string	"Boot: +/- 0.5s"
 345      3A202B2F 
 345      2D20302E 
 345      357300
 346 002f 00       		.align	2
 347              	.LC15:
 348 0030 342F372B 		.string	"4/7+Boot: Next"
 348      426F6F74 
 348      3A204E65 
 348      787400
 349 003f 00       		.align	2
 350              	.LC16:
 351 0040 2D2D2D20 		.string	"--- 2. DISTANCE ---"
 351      322E2044 
 351      49535441 
 351      4E434520 
 351      2D2D2D00 
 352              		.align	2
 353              	.LC17:
 354 0054 44697374 		.string	"Dist: %d.%02dm"
 354      3A202564 
 354      2E253032 
GAS LISTING C:\Users\LRNA\AppData\Local\Temp\ccm54Cvp.s 			page 8


 354      646D00
 355 0063 00       		.align	2
 356              	.LC18:
 357 0064 426F6F74 		.string	"Boot:1 PB7:.1 4:.01"
 357      3A312050 
 357      42373A2E 
 357      3120343A 
 357      2E303100 
 358              		.align	2
 359              	.LC19:
 360 0078 342F372B 		.string	"4/7+Boot: Prime"
 360      426F6F74 
 360      3A205072 
 360      696D6500 
 361              		.align	2
 362              	.LC20:
 363 0088 2D2D2D20 		.string	"--- 3. PRIMED ---"
 363      332E2050 
 363      52494D45 
 363      44202D2D 
 363      2D00
 364 009a 0000     		.align	2
 365              	.LC21:
 366 009c 25647300 		.string	"%ds"
 367              		.align	2
 368              	.LC22:
 369 00a0 25642E25 		.string	"%d.%02dm"
 369      3032646D 
 369      00
 370 00a9 000000   		.align	2
 371              	.LC23:
 372 00ac 424F4F54 		.string	"BOOT to START"
 372      20746F20 
 372      53544152 
 372      5400
 373              		.globl	__subsf3
 374              		.globl	__addsf3
 375 00ba 0000     		.align	2
 376              	.LC27:
 377 00bc 4556454E 		.string	"EVENT START"
 377      54205354 
 377      41525400 
 378              		.globl	__floatsisf
 379              		.align	2
 380              	.LC37:
 381 00c8 46494E49 		.string	"FINISHED!"
 381      53484544 
 381      2100
 382 00d2 0000     		.align	2
 383              	.LC38:
 384 00d4 54696D65 		.string	"Time: %ld ms"
 384      3A20256C 
 384      64206D73 
 384      00
 385 00e1 000000   		.align	2
 386              	.LC40:
 387 00e4 44697374 		.string	"Dist: %d mm"
GAS LISTING C:\Users\LRNA\AppData\Local\Temp\ccm54Cvp.s 			page 9


 387      3A202564 
 387      206D6D00 
 388              		.align	2
 389              	.LC41:
 390 00f0 342F372B 		.string	"4/7+Boot: Reset"
 390      426F6F74 
 390      3A205265 
 390      73657400 
 391              		.section	.text.startup.main,"ax",@progbits
 392              		.align	1
 393              		.globl	main
 395              	main:
 396 0000 7571     		addi	sp,sp,-144
 397 0002 13058004 		li	a0,72
 398 0006 06C7     		sw	ra,140(sp)
 399 0008 E2D4     		sw	s8,104(sp)
 400 000a EAD0     		sw	s10,96(sp)
 401 000c 22C5     		sw	s0,136(sp)
 402 000e 26C3     		sw	s1,132(sp)
 403 0010 4AC1     		sw	s2,128(sp)
 404 0012 CEDE     		sw	s3,124(sp)
 405 0014 D2DC     		sw	s4,120(sp)
 406 0016 D6DA     		sw	s5,116(sp)
 407 0018 DAD8     		sw	s6,112(sp)
 408 001a DED6     		sw	s7,108(sp)
 409 001c E6D2     		sw	s9,100(sp)
 410 001e EECE     		sw	s11,92(sp)
 411 0020 97000000 		call	SetSysClock
 411      E7800000 
 412 0028 3D65     		li	a0,61440
 413 002a 130505A6 		addi	a0,a0,-1440
 414 002e 97000000 		call	TMR0_TimerInit
 414      E7800000 
 415 0036 37270040 		li	a4,1073750016
 416 003a 83472700 		lbu	a5,2(a4)
 417 003e 014D     		li	s10,0
 418 0040 93E71700 		ori	a5,a5,1
 419 0044 2301F700 		sb	a5,2(a4)
 420 0048 B7E700E0 		li	a5,-536813568
 421 004c 4167     		li	a4,65536
 422 004e 23A0E710 		sw	a4,256(a5)
 423 0052 97000000 		call	OLED_Init
 423      E7800000 
 424 005a 97000000 		call	Motor_Init
 424      E7800000 
 425 0062 8545     		li	a1,1
 426 0064 37054000 		li	a0,4194304
 427 0068 97000000 		call	GPIOB_ModeCfg
 427      E7800000 
 428 0070 17070000 		lw	a4,.LC4
 428      03270700 
 429 0078 8147     		li	a5,0
 430 007a 170C0000 		lw	s8,.LC3
 430      032C0C00 
 431 0082 3AC2     		sw	a4,4(sp)
 432              	.L55:
 433 0084 0947     		li	a4,2
GAS LISTING C:\Users\LRNA\AppData\Local\Temp\ccm54Cvp.s 			page 10


 434 0086 E360F71A 		bgtu	a5,a4,.L209
 435              	.L56:
 436 008a 8547     		li	a5,1
 437 008c 0144     		li	s0,0
 438 008e 29A8     		j	.L127
 439              	.L59:
 440 0090 418B     		andi	a4,a4,16
 441 0092 6300072C 		beq	a4,zero,.L58
 442 0096 81EF     		bne	a5,zero,.L61
 443              	.L218:
 444 0098 8545     		li	a1,1
 445 009a 13050009 		li	a0,144
 446 009e 97000000 		call	GPIOB_ModeCfg
 446      E7800000 
 447 00a6 8147     		li	a5,0
 448              	.L127:
 449 00a8 B7190040 		li	s3,1073745920
 450 00ac 71A4     		j	.L128
 451              	.L61:
 452 00ae 8D45     		li	a1,3
 453 00b0 13050009 		li	a0,144
 454 00b4 97000000 		call	GPIOB_ModeCfg
 454      E7800000 
 455 00bc 83A7890C 		lw	a5,200(s3)
 456 00c0 93E70709 		ori	a5,a5,144
 457 00c4 23A4F90C 		sw	a5,200(s3)
 458 00c8 97000000 		call	OLED_Clear
 458      E7800000 
 459 00d0 41E8     		bne	s0,zero,.L63
 460 00d2 17060000 		lla	a2,.LC12
 460      13060600 
 461 00da 8145     		li	a1,0
 462 00dc 0145     		li	a0,0
 463 00de 97000000 		call	OLED_ShowString
 463      E7800000 
 464 00e6 1245     		lw	a0,4(sp)
 465 00e8 97050000 		lw	a1,.LC11
 465      83A50500 
 466 00f0 97000000 		call	__mulsf3
 466      E7800000 
 467 00f8 97000000 		call	__fixsfsi
 467      E7800000 
 468 0100 A947     		li	a5,10
 469 0102 B366F502 		rem	a3,a0,a5
 470 0106 1245     		lw	a0,4(sp)
 471 0108 36C4     		sw	a3,8(sp)
 472 010a 97000000 		call	__fixsfsi
 472      E7800000 
 473 0112 A246     		lw	a3,8(sp)
 474 0114 2A86     		mv	a2,a0
 475 0116 97050000 		lla	a1,.LC13
 475      93850500 
 476 011e 0818     		addi	a0,sp,48
 477 0120 97000000 		call	sprintf
 477      E7800000 
 478 0128 1018     		addi	a2,sp,48
 479 012a 8545     		li	a1,1
GAS LISTING C:\Users\LRNA\AppData\Local\Temp\ccm54Cvp.s 			page 11


 480 012c 0145     		li	a0,0
 481 012e 97000000 		call	OLED_ShowString
 481      E7800000 
 482 0136 17060000 		lla	a2,.LC14
 482      13060600 
 483 013e 8945     		li	a1,2
 484 0140 0145     		li	a0,0
 485 0142 97000000 		call	OLED_ShowString
 485      E7800000 
 486 014a 17060000 		lla	a2,.LC15
 486      13060600 
 487              	.L215:
 488 0152 8D45     		li	a1,3
 489 0154 0145     		li	a0,0
 490 0156 97000000 		call	OLED_ShowString
 490      E7800000 
 491 015e 2DBF     		j	.L218
 492              	.L63:
 493 0160 6285     		mv	a0,s8
 494 0162 97000000 		call	__fixsfsi
 494      E7800000 
 495 016a 8547     		li	a5,1
 496 016c AA84     		mv	s1,a0
 497 016e 631DF406 		bne	s0,a5,.L65
 498 0172 17060000 		lla	a2,.LC16
 498      13060600 
 499 017a 8145     		li	a1,0
 500 017c 0145     		li	a0,0
 501 017e 97000000 		call	OLED_ShowString
 501      E7800000 
 502 0186 97050000 		lw	a1,.LC1
 502      83A50500 
 503 018e 6285     		mv	a0,s8
 504 0190 97000000 		call	__mulsf3
 504      E7800000 
 505 0198 97000000 		call	__fixsfsi
 505      E7800000 
 506 01a0 93064006 		li	a3,100
 507 01a4 B366D502 		rem	a3,a0,a3
 508 01a8 2686     		mv	a2,s1
 509 01aa 97050000 		lla	a1,.LC17
 509      93850500 
 510 01b2 0818     		addi	a0,sp,48
 511 01b4 97000000 		call	sprintf
 511      E7800000 
 512 01bc 1018     		addi	a2,sp,48
 513 01be 8545     		li	a1,1
 514 01c0 0145     		li	a0,0
 515 01c2 97000000 		call	OLED_ShowString
 515      E7800000 
 516 01ca 17060000 		lla	a2,.LC18
 516      13060600 
 517 01d2 8945     		li	a1,2
 518 01d4 0145     		li	a0,0
 519 01d6 97000000 		call	OLED_ShowString
 519      E7800000 
 520 01de 17060000 		lla	a2,.LC19
GAS LISTING C:\Users\LRNA\AppData\Local\Temp\ccm54Cvp.s 			page 12


 520      13060600 
 521 01e6 B5B7     		j	.L215
 522              	.L65:
 523 01e8 17060000 		lla	a2,.LC20
 523      13060600 
 524 01f0 8145     		li	a1,0
 525 01f2 0145     		li	a0,0
 526 01f4 97000000 		call	OLED_ShowString
 526      E7800000 
 527 01fc 1245     		lw	a0,4(sp)
 528 01fe 97000000 		call	__fixsfsi
 528      E7800000 
 529 0206 2A86     		mv	a2,a0
 530 0208 97050000 		lla	a1,.LC21
 530      93850500 
 531 0210 0818     		addi	a0,sp,48
 532 0212 97000000 		call	sprintf
 532      E7800000 
 533 021a 1018     		addi	a2,sp,48
 534 021c 8545     		li	a1,1
 535 021e 0145     		li	a0,0
 536 0220 97000000 		call	OLED_ShowString
 536      E7800000 
 537 0228 97050000 		lw	a1,.LC1
 537      83A50500 
 538 0230 6285     		mv	a0,s8
 539 0232 97000000 		call	__mulsf3
 539      E7800000 
 540 023a 97000000 		call	__fixsfsi
 540      E7800000 
 541 0242 93064006 		li	a3,100
 542 0246 B366D502 		rem	a3,a0,a3
 543 024a 2686     		mv	a2,s1
 544 024c 97050000 		lla	a1,.LC22
 544      93850500 
 545 0254 0818     		addi	a0,sp,48
 546 0256 97000000 		call	sprintf
 546      E7800000 
 547 025e 1018     		addi	a2,sp,48
 548 0260 8545     		li	a1,1
 549 0262 13050005 		li	a0,80
 550 0266 97000000 		call	OLED_ShowString
 550      E7800000 
 551 026e 17060000 		lla	a2,.LC23
 551      13060600 
 552 0276 F1BD     		j	.L215
 553              	.L132:
 554 0278 528B     		mv	s6,s4
 555 027a 01A2     		j	.L60
 556              	.L72:
 557 027c 0DC4     		beq	s0,zero,.L73
 558 027e 631E940F 		bne	s0,s9,.L60
 559 0282 99C8     		beq	s1,zero,.L76
 560 0284 6285     		mv	a0,s8
 561 0286 97050000 		lw	a1,.LC7
 561      83A50500 
 562 028e 97000000 		call	__subsf3
GAS LISTING C:\Users\LRNA\AppData\Local\Temp\ccm54Cvp.s 			page 13


 562      E7800000 
 563 0296 2A8C     		mv	s8,a0
 564              	.L76:
 565 0298 63000A16 		beq	s4,zero,.L77
 566 029c 97070000 		lla	a5,.LC26
 566      93870700 
 567 02a4 99A2     		j	.L216
 568              	.L73:
 569 02a6 F1C8     		beq	s1,zero,.L60
 570 02a8 97070000 		lla	a5,.LC24
 570      93870700 
 571 02b0 8C43     		lw	a1,0(a5)
 572 02b2 1245     		lw	a0,4(sp)
 573 02b4 97000000 		call	__subsf3
 573      E7800000 
 574 02bc 97070000 		lla	a5,.LC6
 574      93870700 
 575 02c4 8C43     		lw	a1,0(a5)
 576 02c6 2AC2     		sw	a0,4(sp)
 577 02c8 97000000 		call	__ltsf2
 577      E7800000 
 578 02d0 6355050A 		bge	a0,zero,.L60
 579 02d4 97070000 		lla	a5,.LC6
 579      93870700 
 580 02dc 9C43     		lw	a5,0(a5)
 581 02de 3EC2     		sw	a5,4(sp)
 582 02e0 69A8     		j	.L60
 583              	.L74:
 584 02e2 97070000 		lla	a5,.LC7
 584      93870700 
 585 02ea 8C43     		lw	a1,0(a5)
 586 02ec 6285     		mv	a0,s8
 587 02ee 97000000 		call	__subsf3
 587      E7800000 
 588 02f6 2A8C     		mv	s8,a0
 589 02f8 EDA0     		j	.L75
 590              	.L70:
 591 02fa B3674B01 		or	a5,s6,s4
 592 02fe 93F7F70F 		andi	a5,a5,0xff
 593 0302 63850712 		beq	a5,zero,.L78
 594 0306 9307F018 		li	a5,399
 595 030a 63830410 		beq	s1,zero,.L79
 596 030e 63FC2701 		bleu	s2,a5,.L80
 597 0312 7914     		addi	s0,s0,-2
 598 0314 13341400 		seqz	s0,s0
 599              	.L213:
 600 0318 13052003 		li	a0,50
 601 031c 97000000 		call	mDelaymS
 601      E7800000 
 602 0324 09A8     		j	.L81
 603              	.L80:
 604 0326 7DE8     		bne	s0,zero,.L212
 605 0328 13052003 		li	a0,50
 606 032c 97000000 		call	mDelaymS
 606      E7800000 
 607 0334 0544     		li	s0,1
 608              	.L81:
GAS LISTING C:\Users\LRNA\AppData\Local\Temp\ccm54Cvp.s 			page 14


 609 0336 8547     		li	a5,1
 610              	.L128:
 611 0338 1387490C 		addi	a4,s3,196
 612 033c 1043     		lw	a2,0(a4)
 613 033e B7054000 		li	a1,4194304
 614 0342 1443     		lw	a3,0(a4)
 615 0344 1843     		lw	a4,0(a4)
 616 0346 6D8E     		and	a2,a2,a1
 617 0348 09C6     		beq	a2,zero,.L58
 618 034a 93F60608 		andi	a3,a3,128
 619 034e E39106D4 		bne	a3,zero,.L59
 620              	.L58:
 621 0352 8545     		li	a1,1
 622 0354 13050009 		li	a0,144
 623 0358 97000000 		call	GPIOB_ModeCfg
 623      E7800000 
 624 0360 014A     		li	s4,0
 625 0362 014B     		li	s6,0
 626 0364 8144     		li	s1,0
 627 0366 0149     		li	s2,0
 628 0368 938A490C 		addi	s5,s3,196
 629 036c B70B4000 		li	s7,4194304
 630 0370 854C     		li	s9,1
 631 0372 130DF018 		li	s10,399
 632 0376 930D800C 		li	s11,200
 633              	.L60:
 634 037a 83A70A00 		lw	a5,0(s5)
 635 037e B3F77701 		and	a5,a5,s7
 636 0382 91E3     		bne	a5,zero,.L66
 637 0384 8544     		li	s1,1
 638              	.L66:
 639 0386 83A70A00 		lw	a5,0(s5)
 640 038a 93F70708 		andi	a5,a5,128
 641 038e 91E3     		bne	a5,zero,.L67
 642 0390 054B     		li	s6,1
 643              	.L67:
 644 0392 83A70A00 		lw	a5,0(s5)
 645 0396 C18B     		andi	a5,a5,16
 646 0398 91E3     		bne	a5,zero,.L68
 647 039a 054A     		li	s4,1
 648              	.L68:
 649 039c 83A70A00 		lw	a5,0(s5)
 650 03a0 B3F77701 		and	a5,a5,s7
 651 03a4 91CB     		beq	a5,zero,.L69
 652 03a6 83A70A00 		lw	a5,0(s5)
 653 03aa 93F70708 		andi	a5,a5,128
 654 03ae 89C7     		beq	a5,zero,.L69
 655 03b0 83A70A00 		lw	a5,0(s5)
 656 03b4 C18B     		andi	a5,a5,16
 657 03b6 B1F3     		bne	a5,zero,.L70
 658              	.L69:
 659 03b8 2945     		li	a0,10
 660 03ba 2909     		addi	s2,s2,10
 661 03bc 97000000 		call	mDelaymS
 661      E7800000 
 662 03c4 E37B2DFB 		bleu	s2,s10,.L60
 663 03c8 B377B903 		remu	a5,s2,s11
GAS LISTING C:\Users\LRNA\AppData\Local\Temp\ccm54Cvp.s 			page 15


 664 03cc DDF7     		bne	a5,zero,.L60
 665 03ce E3070BEA 		beq	s6,zero,.L72
 666 03d2 E3130AEA 		bne	s4,zero,.L132
 667 03d6 E30804EC 		beq	s0,zero,.L73
 668 03da 8547     		li	a5,1
 669 03dc E31FF4F8 		bne	s0,a5,.L60
 670 03e0 89F0     		bne	s1,zero,.L74
 671              	.L75:
 672 03e2 97070000 		lla	a5,.LC25
 672      93870700 
 673              	.L216:
 674 03ea 8C43     		lw	a1,0(a5)
 675 03ec 6285     		mv	a0,s8
 676 03ee 97000000 		call	__subsf3
 676      E7800000 
 677 03f6 2A8C     		mv	s8,a0
 678              	.L77:
 679 03f8 93050000 		mv	a1,zero
 680 03fc 6285     		mv	a0,s8
 681 03fe 97000000 		call	__ltsf2
 681      E7800000 
 682 0406 E35A05F6 		bge	a0,zero,.L60
 683 040a 130C0000 		mv	s8,zero
 684 040e B5B7     		j	.L60
 685              	.L79:
 686 0410 63E2270B 		bgtu	s2,a5,.L83
 687 0414 11D0     		beq	s0,zero,.L213
 688 0416 8547     		li	a5,1
 689 0418 630EF406 		beq	s0,a5,.L85
 690              	.L212:
 691 041c 13052003 		li	a0,50
 692 0420 97000000 		call	mDelaymS
 692      E7800000 
 693 0428 0944     		li	s0,2
 694 042a 31B7     		j	.L81
 695              	.L78:
 696 042c 9307F018 		li	a5,399
 697 0430 63E22709 		bgtu	s2,a5,.L83
 698 0434 21E0     		bne	s0,zero,.L86
 699 0436 E38104EE 		beq	s1,zero,.L213
 700 043a 1245     		lw	a0,4(sp)
 701 043c 97050000 		lw	a1,.LC24
 701      83A50500 
 702 0444 97000000 		call	__addsf3
 702      E7800000 
 703 044c 97040000 		lw	s1,.LC5
 703      83A40400 
 704 0454 A685     		mv	a1,s1
 705 0456 2AC2     		sw	a0,4(sp)
 706 0458 97000000 		call	__gtsf2
 706      E7800000 
 707 0460 E35CA0EA 		ble	a0,zero,.L213
 708 0464 13052003 		li	a0,50
 709 0468 97000000 		call	mDelaymS
 709      E7800000 
 710 0470 26C2     		sw	s1,4(sp)
 711 0472 D1B5     		j	.L81
GAS LISTING C:\Users\LRNA\AppData\Local\Temp\ccm54Cvp.s 			page 16


 712              	.L86:
 713 0474 8547     		li	a5,1
 714 0476 631DF402 		bne	s0,a5,.L90
 715 047a E38F04E8 		beq	s1,zero,.L213
 716 047e 97050000 		lw	a1,.LC7
 716      83A50500 
 717              	.L214:
 718 0486 6285     		mv	a0,s8
 719 0488 97000000 		call	__addsf3
 719      E7800000 
 720 0490 2A8C     		mv	s8,a0
 721 0492 59B5     		j	.L213
 722              	.L85:
 723 0494 63090B00 		beq	s6,zero,.L92
 724 0498 E3100AE8 		bne	s4,zero,.L213
 725 049c 97050000 		lw	a1,.LC25
 725      83A50500 
 726 04a4 CDB7     		j	.L214
 727              	.L92:
 728 04a6 97050000 		lw	a1,.LC26
 728      83A50500 
 729 04ae E1BF     		j	.L214
 730              	.L90:
 731 04b0 13842400 		addi	s0,s1,2
 732              	.L83:
 733 04b4 13052003 		li	a0,50
 734 04b8 97000000 		call	mDelaymS
 734      E7800000 
 735 04c0 8D47     		li	a5,3
 736 04c2 6310F46C 		bne	s0,a5,.L135
 737 04c6 8D45     		li	a1,3
 738 04c8 13050009 		li	a0,144
 739 04cc 97000000 		call	GPIOB_ModeCfg
 739      E7800000 
 740 04d4 B7170040 		li	a5,1073745920
 741 04d8 9387870C 		addi	a5,a5,200
 742 04dc 9843     		lw	a4,0(a5)
 743 04de 0149     		li	s2,0
 744 04e0 814A     		li	s5,0
 745 04e2 13670709 		ori	a4,a4,144
 746 04e6 98C3     		sw	a4,0(a5)
 747 04e8 97000000 		call	OLED_Clear
 747      E7800000 
 748 04f0 17060000 		lla	a2,.LC27
 748      13060600 
 749 04f8 8145     		li	a1,0
 750 04fa 0145     		li	a0,0
 751 04fc 97000000 		call	OLED_ShowString
 751      E7800000 
 752 0504 97070000 		sw	zero,count_left,a5
 752      23A00700 
 753 050c 97070000 		sw	zero,count_right,a5
 753      23A00700 
 754 0514 97050000 		lw	a1,.LC28
 754      83A50500 
 755 051c 6285     		mv	a0,s8
 756 051e 97070000 		sw	zero,timer_ticks,a5
GAS LISTING C:\Users\LRNA\AppData\Local\Temp\ccm54Cvp.s 			page 17


 756      23A00700 
 757 0526 97000000 		call	__mulsf3
 757      E7800000 
 758 052e 97000000 		call	__fixsfsi
 758      E7800000 
 759 0536 2A8A     		mv	s4,a0
 760 0538 1245     		lw	a0,4(sp)
 761 053a 97050000 		lw	a1,.LC9
 761      83A50500 
 762 0542 814B     		li	s7,0
 763 0544 97000000 		call	__mulsf3
 763      E7800000 
 764 054c 97000000 		call	__fixsfsi
 764      E7800000 
 765 0554 93070000 		mv	a5,zero
 766 0558 13070000 		mv	a4,zero
 767 055c 3ECC     		sw	a5,24(sp)
 768 055e 3ECA     		sw	a5,20(sp)
 769 0560 2AD6     		sw	a0,44(sp)
 770 0562 8147     		li	a5,0
 771 0564 3AC6     		sw	a4,12(sp)
 772 0566 3AC4     		sw	a4,8(sp)
 773 0568 02D4     		sw	zero,40(sp)
 774 056a 014D     		li	s10,0
 775 056c 970C0000 		lw	s9,.LC10
 775      83AC0C00 
 776              	.L95:
 777 0574 17070000 		lla	a4,timer_ticks
 777      13070700 
 778 057c 832D0700 		lw	s11,0(a4)
 779 0580 A546     		li	a3,9
 780              	.L96:
 781 0582 3386FD40 		sub	a2,s11,a5
 782 0586 63D7C61A 		ble	a2,a3,.L97
 783 058a 97090000 		lw	s3,count_left
 783      83A90900 
 784 0592 93D7F941 		srai	a5,s3,31
 785 0596 97040000 		lw	s1,count_right
 785      83A40400 
 786 059e B3C93701 		xor	s3,a5,s3
 787 05a2 3255     		lw	a0,44(sp)
 788 05a4 B389F940 		sub	s3,s3,a5
 789 05a8 93D7F441 		srai	a5,s1,31
 790 05ac BD8C     		xor	s1,a5,s1
 791 05ae 9D8C     		sub	s1,s1,a5
 792 05b0 97000000 		call	__floatsisf
 792      E7800000 
 793 05b8 2AD0     		sw	a0,32(sp)
 794 05ba 6E85     		mv	a0,s11
 795 05bc 97000000 		call	__floatsisf
 795      E7800000 
 796 05c4 8255     		lw	a1,32(sp)
 797 05c6 17040000 		lla	s0,.LC7
 797      13040400 
 798 05ce 97000000 		call	__divsf3
 798      E7800000 
 799 05d6 0C40     		lw	a1,0(s0)
GAS LISTING C:\Users\LRNA\AppData\Local\Temp\ccm54Cvp.s 			page 18


 800 05d8 2AC8     		sw	a0,16(sp)
 801 05da 97000000 		call	__gtsf2
 801      E7800000 
 802 05e2 6354A000 		ble	a0,zero,.L98
 803 05e6 1C40     		lw	a5,0(s0)
 804 05e8 3EC8     		sw	a5,16(sp)
 805              	.L98:
 806 05ea C245     		lw	a1,16(sp)
 807 05ec 2E85     		mv	a0,a1
 808 05ee 97000000 		call	__mulsf3
 808      E7800000 
 809 05f6 2ACE     		sw	a0,28(sp)
 810 05f8 5285     		mv	a0,s4
 811 05fa 97000000 		call	__floatsisf
 811      E7800000 
 812 0602 F245     		lw	a1,28(sp)
 813 0604 2AD2     		sw	a0,36(sp)
 814 0606 4245     		lw	a0,16(sp)
 815 0608 97000000 		call	__mulsf3
 815      E7800000 
 816 0610 97050000 		lw	a1,.LC29
 816      83A50500 
 817 0618 97000000 		call	__mulsf3
 817      E7800000 
 818 0620 2A84     		mv	s0,a0
 819 0622 7245     		lw	a0,28(sp)
 820 0624 97050000 		lw	a1,.LC30
 820      83A50500 
 821 062c 97000000 		call	__mulsf3
 821      E7800000 
 822 0634 AA85     		mv	a1,a0
 823 0636 2285     		mv	a0,s0
 824 0638 97000000 		call	__addsf3
 824      E7800000 
 825 0640 9255     		lw	a1,36(sp)
 826 0642 97000000 		call	__mulsf3
 826      E7800000 
 827 064a 97000000 		call	__fixsfsi
 827      E7800000 
 828 0652 2A8B     		mv	s6,a0
 829 0654 6353AA00 		ble	a0,s4,.L99
 830 0658 528B     		mv	s6,s4
 831              	.L99:
 832 065a 7245     		lw	a0,28(sp)
 833 065c 97050000 		lw	a1,.LC31
 833      83A50500 
 834 0664 97000000 		call	__mulsf3
 834      E7800000 
 835 066c 2A84     		mv	s0,a0
 836 066e 4245     		lw	a0,16(sp)
 837 0670 97050000 		lw	a1,.LC32
 837      83A50500 
 838 0678 97000000 		call	__mulsf3
 838      E7800000 
 839 0680 AA85     		mv	a1,a0
 840 0682 2285     		mv	a0,s0
 841 0684 97000000 		call	__addsf3
GAS LISTING C:\Users\LRNA\AppData\Local\Temp\ccm54Cvp.s 			page 19


 841      E7800000 
 842 068c 8255     		lw	a1,32(sp)
 843 068e 2A84     		mv	s0,a0
 844 0690 1255     		lw	a0,36(sp)
 845 0692 97000000 		call	__divsf3
 845      E7800000 
 846 069a AA85     		mv	a1,a0
 847 069c 2285     		mv	a0,s0
 848 069e 97000000 		call	__mulsf3
 848      E7800000 
 849 06a6 97050000 		lw	a1,.LC33
 849      83A50500 
 850 06ae 97000000 		call	__mulsf3
 850      E7800000 
 851 06b6 97070000 		lla	a5,.LC1
 851      93870700 
 852 06be 8C43     		lw	a1,0(a5)
 853 06c0 2AC8     		sw	a0,16(sp)
 854 06c2 97000000 		call	__gtsf2
 854      E7800000 
 855 06ca 6348A006 		bgt	a0,zero,.L137
 856 06ce 4245     		lw	a0,16(sp)
 857 06d0 93050000 		mv	a1,zero
 858 06d4 97000000 		call	__ltsf2
 858      E7800000 
 859 06dc 93070000 		mv	a5,zero
 860 06e0 63420506 		blt	a0,zero,.L217
 861              	.L100:
 862 06e4 63820B06 		beq	s7,zero,.L101
 863 06e8 63523931 		ble	s3,s2,.L139
 864 06ec 17040000 		lw	s0,.LC10
 864      03240400 
 865              	.L102:
 866 06f4 63840A30 		beq	s5,zero,.L113
 867              	.L104:
 868 06f8 A257     		lw	a5,40(sp)
 869 06fa 63D29732 		bge	a5,s1,.L148
 870 06fe 170B0000 		lw	s6,.LC10
 870      032B0B00 
 871              	.L105:
 872 0706 2285     		mv	a0,s0
 873 0708 97000000 		call	SetLeftMotor
 873      E7800000 
 874 0710 5A85     		mv	a0,s6
 875 0712 97000000 		call	SetRightMotor
 875      E7800000 
 876 071a 8947     		li	a5,2
 877 071c 6396FB00 		bne	s7,a5,.L120
 878 0720 63947A01 		bne	s5,s7,.L120
 879 0724 9147     		li	a5,4
 880 0726 B9BA     		j	.L55
 881              	.L120:
 882 0728 5ACC     		sw	s6,24(sp)
 883 072a 22CA     		sw	s0,20(sp)
 884 072c EE87     		mv	a5,s11
 885 072e 26D4     		sw	s1,40(sp)
 886 0730 4E89     		mv	s2,s3
GAS LISTING C:\Users\LRNA\AppData\Local\Temp\ccm54Cvp.s 			page 20


 887 0732 89B5     		j	.L95
 888              	.L97:
 889 0734 832D0700 		lw	s11,0(a4)
 890 0738 A9B5     		j	.L96
 891              	.L137:
 892 073a 97070000 		lla	a5,.LC1
 892      93870700 
 893 0742 9C43     		lw	a5,0(a5)
 894              	.L217:
 895 0744 3EC8     		sw	a5,16(sp)
 896 0746 79BF     		j	.L100
 897              	.L101:
 898 0748 63CE4915 		blt	s3,s4,.L103
 899 074c 63040D2A 		beq	s10,zero,.L140
 900 0750 6684     		mv	s0,s9
 901 0752 854B     		li	s7,1
 902 0754 E3920AFA 		bne	s5,zero,.L104
 903 0758 63D7442B 		bge	s1,s4,.L149
 904              	.L106:
 905 075c 33059B40 		sub	a0,s6,s1
 906 0760 97000000 		call	__floatsisf
 906      E7800000 
 907 0768 AA85     		mv	a1,a0
 908 076a 2A89     		mv	s2,a0
 909 076c 3245     		lw	a0,12(sp)
 910 076e 97000000 		call	__addsf3
 910      E7800000 
 911 0776 97070000 		lla	a5,.LC9
 911      93870700 
 912 077e 8C43     		lw	a1,0(a5)
 913 0780 2AC6     		sw	a0,12(sp)
 914 0782 97000000 		call	__gtsf2
 914      E7800000 
 915 078a 6341A028 		bgt	a0,zero,.L150
 916 078e 3245     		lw	a0,12(sp)
 917 0790 970A0000 		lw	s5,.LC8
 917      83AA0A00 
 918 0798 D685     		mv	a1,s5
 919 079a 97000000 		call	__ltsf2
 919      E7800000 
 920 07a2 634C0526 		blt	a0,zero,.L151
 921              	.L114:
 922 07a6 4245     		lw	a0,16(sp)
 923 07a8 CA85     		mv	a1,s2
 924 07aa 97000000 		call	__addsf3
 924      E7800000 
 925 07b2 2A89     		mv	s2,a0
 926 07b4 3245     		lw	a0,12(sp)
 927 07b6 97050000 		lw	a1,.LC34
 927      83A50500 
 928 07be 97000000 		call	__mulsf3
 928      E7800000 
 929 07c6 AA85     		mv	a1,a0
 930 07c8 4A85     		mv	a0,s2
 931 07ca 97000000 		call	__addsf3
 931      E7800000 
 932 07d2 2A89     		mv	s2,a0
GAS LISTING C:\Users\LRNA\AppData\Local\Temp\ccm54Cvp.s 			page 21


 933 07d4 33859940 		sub	a0,s3,s1
 934 07d8 97000000 		call	__floatsisf
 934      E7800000 
 935 07e0 97050000 		lw	a1,.LC35
 935      83A50500 
 936 07e8 97000000 		call	__mulsf3
 936      E7800000 
 937 07f0 AA85     		mv	a1,a0
 938 07f2 4A85     		mv	a0,s2
 939 07f4 97000000 		call	__addsf3
 939      E7800000 
 940 07fc 93050000 		mv	a1,zero
 941 0800 2A89     		mv	s2,a0
 942 0802 97000000 		call	__ltsf2
 942      E7800000 
 943 080a 634F0536 		blt	a0,zero,.L152
 944 080e 93050000 		mv	a1,zero
 945 0812 4A85     		mv	a0,s2
 946 0814 97000000 		call	__gtsf2
 946      E7800000 
 947 081c 6350A002 		ble	a0,zero,.L116
 948 0820 97070000 		lla	a5,.LC11
 948      93870700 
 949 0828 8C43     		lw	a1,0(a5)
 950 082a 4A85     		mv	a0,s2
 951 082c 97000000 		call	__ltsf2
 951      E7800000 
 952 0834 63540500 		bge	a0,zero,.L116
 953 0838 634B4B35 		blt	s6,s4,.L153
 954              	.L116:
 955 083c 970A0000 		lla	s5,.LC1
 955      938A0A00 
 956 0844 83A50A00 		lw	a1,0(s5)
 957 0848 4A85     		mv	a0,s2
 958 084a 97000000 		call	__gtsf2
 958      E7800000 
 959 0852 6354A000 		ble	a0,zero,.L119
 960 0856 03A90A00 		lw	s2,0(s5)
 961              	.L119:
 962 085a 6245     		lw	a0,24(sp)
 963 085c 97050000 		lw	a1,.LC36
 963      83A50500 
 964 0864 814A     		li	s5,0
 965 0866 97000000 		call	__addsf3
 965      E7800000 
 966 086e CA85     		mv	a1,s2
 967 0870 2A8B     		mv	s6,a0
 968 0872 97000000 		call	__ltsf2
 968      E7800000 
 969 087a E34605E8 		blt	a0,zero,.L105
 970 087e 6245     		lw	a0,24(sp)
 971 0880 97050000 		lw	a1,.LC36
 971      83A50500 
 972 0888 97000000 		call	__subsf3
 972      E7800000 
 973 0890 CA85     		mv	a1,s2
 974 0892 2A8B     		mv	s6,a0
GAS LISTING C:\Users\LRNA\AppData\Local\Temp\ccm54Cvp.s 			page 22


 975 0894 97000000 		call	__gtsf2
 975      E7800000 
 976 089c E345A0E6 		bgt	a0,zero,.L105
 977 08a0 4A8B     		mv	s6,s2
 978 08a2 95B5     		j	.L105
 979              	.L103:
 980 08a4 33053B41 		sub	a0,s6,s3
 981 08a8 97000000 		call	__floatsisf
 981      E7800000 
 982 08b0 AA85     		mv	a1,a0
 983 08b2 2A84     		mv	s0,a0
 984 08b4 2245     		lw	a0,8(sp)
 985 08b6 97000000 		call	__addsf3
 985      E7800000 
 986 08be 17090000 		lw	s2,.LC9
 986      03290900 
 987 08c6 CA85     		mv	a1,s2
 988 08c8 2AC4     		sw	a0,8(sp)
 989 08ca 97000000 		call	__gtsf2
 989      E7800000 
 990 08d2 634BA010 		bgt	a0,zero,.L144
 991 08d6 2245     		lw	a0,8(sp)
 992 08d8 17090000 		lw	s2,.LC8
 992      03290900 
 993 08e0 CA85     		mv	a1,s2
 994 08e2 97000000 		call	__ltsf2
 994      E7800000 
 995 08ea 634F050E 		blt	a0,zero,.L144
 996              	.L107:
 997 08ee 4245     		lw	a0,16(sp)
 998 08f0 A285     		mv	a1,s0
 999 08f2 97000000 		call	__addsf3
 999      E7800000 
 1000 08fa 2A84     		mv	s0,a0
 1001 08fc 2245     		lw	a0,8(sp)
 1002 08fe 97050000 		lw	a1,.LC34
 1002      83A50500 
 1003 0906 97000000 		call	__mulsf3
 1003      E7800000 
 1004 090e AA85     		mv	a1,a0
 1005 0910 2285     		mv	a0,s0
 1006 0912 97000000 		call	__addsf3
 1006      E7800000 
 1007 091a 2A84     		mv	s0,a0
 1008 091c 33853441 		sub	a0,s1,s3
 1009 0920 97000000 		call	__floatsisf
 1009      E7800000 
 1010 0928 97050000 		lw	a1,.LC35
 1010      83A50500 
 1011 0930 97000000 		call	__mulsf3
 1011      E7800000 
 1012 0938 AA85     		mv	a1,a0
 1013 093a 2285     		mv	a0,s0
 1014 093c 97000000 		call	__addsf3
 1014      E7800000 
 1015 0944 93050000 		mv	a1,zero
 1016 0948 2A89     		mv	s2,a0
GAS LISTING C:\Users\LRNA\AppData\Local\Temp\ccm54Cvp.s 			page 23


 1017 094a 97000000 		call	__ltsf2
 1017      E7800000 
 1018 0952 63450524 		blt	a0,zero,.L145
 1019 0956 93050000 		mv	a1,zero
 1020 095a 4A85     		mv	a0,s2
 1021 095c 97000000 		call	__gtsf2
 1021      E7800000 
 1022 0964 6350A002 		ble	a0,zero,.L109
 1023 0968 17040000 		lw	s0,.LC11
 1023      03240400 
 1024 0970 A285     		mv	a1,s0
 1025 0972 4A85     		mv	a0,s2
 1026 0974 97000000 		call	__ltsf2
 1026      E7800000 
 1027 097c 63540500 		bge	a0,zero,.L109
 1028 0980 63414B23 		blt	s6,s4,.L146
 1029              	.L109:
 1030 0984 17040000 		lla	s0,.LC1
 1030      13040400 
 1031 098c 0C40     		lw	a1,0(s0)
 1032 098e 4A85     		mv	a0,s2
 1033 0990 97000000 		call	__gtsf2
 1033      E7800000 
 1034 0998 6354A000 		ble	a0,zero,.L112
 1035 099c 03290400 		lw	s2,0(s0)
 1036              	.L112:
 1037 09a0 5245     		lw	a0,20(sp)
 1038 09a2 97050000 		lw	a1,.LC36
 1038      83A50500 
 1039 09aa 97000000 		call	__addsf3
 1039      E7800000 
 1040 09b2 CA85     		mv	a1,s2
 1041 09b4 2A84     		mv	s0,a0
 1042 09b6 97000000 		call	__ltsf2
 1042      E7800000 
 1043 09be E34B05D2 		blt	a0,zero,.L102
 1044 09c2 5245     		lw	a0,20(sp)
 1045 09c4 97050000 		lw	a1,.LC36
 1045      83A50500 
 1046 09cc 97000000 		call	__subsf3
 1046      E7800000 
 1047 09d4 CA85     		mv	a1,s2
 1048 09d6 2A84     		mv	s0,a0
 1049 09d8 97000000 		call	__gtsf2
 1049      E7800000 
 1050 09e0 E34AA0D0 		bgt	a0,zero,.L102
 1051 09e4 4A84     		mv	s0,s2
 1052 09e6 39B3     		j	.L102
 1053              	.L144:
 1054 09e8 4AC4     		sw	s2,8(sp)
 1055 09ea 11B7     		j	.L107
 1056              	.L139:
 1057 09ec 13040000 		mv	s0,zero
 1058 09f0 894B     		li	s7,2
 1059 09f2 09B3     		j	.L102
 1060              	.L140:
 1061 09f4 6E8D     		mv	s10,s11
GAS LISTING C:\Users\LRNA\AppData\Local\Temp\ccm54Cvp.s 			page 24


 1062 09f6 6684     		mv	s0,s9
 1063 09f8 854B     		li	s7,1
 1064 09fa EDB9     		j	.L102
 1065              	.L113:
 1066 09fc E3C044D7 		blt	s1,s4,.L106
 1067 0a00 63130D00 		bne	s10,zero,.L149
 1068 0a04 6E8D     		mv	s10,s11
 1069              	.L149:
 1070 0a06 668B     		mv	s6,s9
 1071 0a08 854A     		li	s5,1
 1072 0a0a F5B9     		j	.L105
 1073              	.L150:
 1074 0a0c 97070000 		lla	a5,.LC9
 1074      93870700 
 1075 0a14 9C43     		lw	a5,0(a5)
 1076 0a16 3EC6     		sw	a5,12(sp)
 1077 0a18 79B3     		j	.L114
 1078              	.L151:
 1079 0a1a 56C6     		sw	s5,12(sp)
 1080 0a1c 69B3     		j	.L114
 1081              	.L148:
 1082 0a1e 130B0000 		mv	s6,zero
 1083 0a22 894A     		li	s5,2
 1084 0a24 CDB1     		j	.L105
 1085              	.L209:
 1086 0a26 638F07E4 		beq	a5,zero,.L55
 1087 0a2a 0549     		li	s2,1
 1088 0a2c 37140040 		li	s0,1073745920
 1089 0a30 B7044000 		li	s1,4194304
 1090              	.L193:
 1091 0a34 13050000 		mv	a0,zero
 1092 0a38 97000000 		call	SetLeftMotor
 1092      E7800000 
 1093 0a40 13050000 		mv	a0,zero
 1094 0a44 97000000 		call	SetRightMotor
 1094      E7800000 
 1095 0a4c 6307090C 		beq	s2,zero,.L122
 1096 0a50 8D45     		li	a1,3
 1097 0a52 13050009 		li	a0,144
 1098 0a56 97000000 		call	GPIOB_ModeCfg
 1098      E7800000 
 1099 0a5e B7170040 		li	a5,1073745920
 1100 0a62 9387870C 		addi	a5,a5,200
 1101 0a66 9843     		lw	a4,0(a5)
 1102 0a68 13670709 		ori	a4,a4,144
 1103 0a6c 98C3     		sw	a4,0(a5)
 1104 0a6e 97000000 		call	OLED_Clear
 1104      E7800000 
 1105 0a76 17060000 		lla	a2,.LC37
 1105      13060600 
 1106 0a7e 8145     		li	a1,0
 1107 0a80 0145     		li	a0,0
 1108 0a82 97000000 		call	OLED_ShowString
 1108      E7800000 
 1109 0a8a 6A86     		mv	a2,s10
 1110 0a8c 97050000 		lla	a1,.LC38
 1110      93850500 
GAS LISTING C:\Users\LRNA\AppData\Local\Temp\ccm54Cvp.s 			page 25


 1111 0a94 0818     		addi	a0,sp,48
 1112 0a96 17090000 		lw	s2,count_left
 1112      03290900 
 1113 0a9e 97090000 		lw	s3,count_right
 1113      83A90900 
 1114 0aa6 97000000 		call	sprintf
 1114      E7800000 
 1115 0aae 1018     		addi	a2,sp,48
 1116 0ab0 8545     		li	a1,1
 1117 0ab2 0145     		li	a0,0
 1118 0ab4 97000000 		call	OLED_ShowString
 1118      E7800000 
 1119 0abc 4E99     		add	s2,s2,s3
 1120 0abe 0945     		li	a0,2
 1121 0ac0 3345A902 		div	a0,s2,a0
 1122 0ac4 97000000 		call	__floatsisf
 1122      E7800000 
 1123 0acc 97050000 		lw	a1,.LC39
 1123      83A50500 
 1124 0ad4 97000000 		call	__divsf3
 1124      E7800000 
 1125 0adc 97000000 		call	__fixsfsi
 1125      E7800000 
 1126 0ae4 2A86     		mv	a2,a0
 1127 0ae6 97050000 		lla	a1,.LC40
 1127      93850500 
 1128 0aee 0818     		addi	a0,sp,48
 1129 0af0 97000000 		call	sprintf
 1129      E7800000 
 1130 0af8 1018     		addi	a2,sp,48
 1131 0afa 8945     		li	a1,2
 1132 0afc 0145     		li	a0,0
 1133 0afe 97000000 		call	OLED_ShowString
 1133      E7800000 
 1134 0b06 17060000 		lla	a2,.LC41
 1134      13060600 
 1135 0b0e 8D45     		li	a1,3
 1136 0b10 0145     		li	a0,0
 1137 0b12 97000000 		call	OLED_ShowString
 1137      E7800000 
 1138              	.L122:
 1139 0b1a 8545     		li	a1,1
 1140 0b1c 13050009 		li	a0,144
 1141 0b20 97000000 		call	GPIOB_ModeCfg
 1141      E7800000 
 1142 0b28 9307440C 		addi	a5,s0,196
 1143 0b2c 9443     		lw	a3,0(a5)
 1144 0b2e 9843     		lw	a4,0(a5)
 1145 0b30 9C43     		lw	a5,0(a5)
 1146 0b32 E58E     		and	a3,a3,s1
 1147 0b34 0149     		li	s2,0
 1148 0b36 E39F06EE 		bne	a3,zero,.L193
 1149 0b3a 13770708 		andi	a4,a4,128
 1150 0b3e 01C7     		beq	a4,zero,.L124
 1151 0b40 C18B     		andi	a5,a5,16
 1152 0b42 E39907EE 		bne	a5,zero,.L193
 1153              	.L124:
GAS LISTING C:\Users\LRNA\AppData\Local\Temp\ccm54Cvp.s 			page 26


 1154 0b46 37140040 		li	s0,1073745920
 1155 0b4a B7044000 		li	s1,4194304
 1156 0b4e 31A0     		j	.L125
 1157              	.L126:
 1158 0b50 2945     		li	a0,10
 1159 0b52 97000000 		call	mDelaymS
 1159      E7800000 
 1160              	.L125:
 1161 0b5a 9307440C 		addi	a5,s0,196
 1162 0b5e 9843     		lw	a4,0(a5)
 1163 0b60 658F     		and	a4,a4,s1
 1164 0b62 7DD7     		beq	a4,zero,.L126
 1165 0b64 9843     		lw	a4,0(a5)
 1166 0b66 13770708 		andi	a4,a4,128
 1167 0b6a 7DD3     		beq	a4,zero,.L126
 1168 0b6c 9C43     		lw	a5,0(a5)
 1169 0b6e C18B     		andi	a5,a5,16
 1170 0b70 E5D3     		beq	a5,zero,.L126
 1171 0b72 13052003 		li	a0,50
 1172 0b76 97000000 		call	mDelaymS
 1172      E7800000 
 1173 0b7e 6FF0CFD0 		j	.L56
 1174              	.L135:
 1175 0b82 8547     		li	a5,1
 1176 0b84 6FF04FD2 		j	.L127
 1177              	.L152:
 1178 0b88 13090000 		mv	s2,zero
 1179 0b8c F9B1     		j	.L119
 1180              	.L153:
 1181 0b8e 97070000 		lla	a5,.LC11
 1181      93870700 
 1182 0b96 03A90700 		lw	s2,0(a5)
 1183 0b9a C1B1     		j	.L119
 1184              	.L145:
 1185 0b9c 13090000 		mv	s2,zero
 1186 0ba0 01B5     		j	.L112
 1187              	.L146:
 1188 0ba2 2289     		mv	s2,s0
 1189 0ba4 F5BB     		j	.L112
 1191              		.globl	timer_ticks
 1192              		.section	.sbss.timer_ticks,"aw",@nobits
 1193              		.align	2
 1196              	timer_ticks:
 1197 0000 00000000 		.zero	4
 1198              		.globl	count_right
 1199              		.section	.sbss.count_right,"aw",@nobits
 1200              		.align	2
 1203              	count_right:
 1204 0000 00000000 		.zero	4
 1205              		.globl	count_left
 1206              		.section	.sbss.count_left,"aw",@nobits
 1207              		.align	2
 1210              	count_left:
 1211 0000 00000000 		.zero	4
 1212              		.section	.srodata.cst4,"aM",@progbits,4
 1213              		.align	2
 1214              	.LC0:
GAS LISTING C:\Users\LRNA\AppData\Local\Temp\ccm54Cvp.s 			page 27


 1215 0000 0000C8C2 		.word	-1027080192
 1216              		.align	2
 1217              	.LC1:
 1218 0004 0000C842 		.word	1120403456
 1219              		.align	2
 1220              	.LC2:
 1221 0008 00606A47 		.word	1198153728
 1222              		.align	2
 1223              	.LC3:
 1224 000c 00008040 		.word	1082130432
 1225              		.align	2
 1226              	.LC4:
 1227 0010 0000C040 		.word	1086324736
 1228              		.align	2
 1229              	.LC5:
 1230 0014 0000A041 		.word	1101004800
 1231              		.align	2
 1232              	.LC6:
 1233 0018 00000040 		.word	1073741824
 1234              		.align	2
 1235              	.LC7:
 1236 001c 0000803F 		.word	1065353216
 1237              		.align	2
 1238              	.LC8:
 1239 0020 00007AC4 		.word	-998637568
 1240              		.align	2
 1241              	.LC9:
 1242 0024 00007A44 		.word	1148846080
 1243              		.align	2
 1244              	.LC10:
 1245 0028 000070C1 		.word	-1049624576
 1246              		.align	2
 1247              	.LC11:
 1248 002c 00002041 		.word	1092616192
 1249              		.align	2
 1250              	.LC24:
 1251 0030 0000003F 		.word	1056964608
 1252              		.align	2
 1253              	.LC25:
 1254 0034 CDCCCC3D 		.word	1036831949
 1255              		.align	2
 1256              	.LC26:
 1257 0038 0AD7233C 		.word	1008981770
 1258              		.align	2
 1259              	.LC28:
 1260 003c ED926145 		.word	1164022509
 1261              		.align	2
 1262              	.LC29:
 1263 0040 3333F3BF 		.word	-1074580685
 1264              		.align	2
 1265              	.LC30:
 1266 0044 9A993940 		.word	1077516698
 1267              		.align	2
 1268              	.LC31:
 1269 0048 6666B6C0 		.word	-1061788058
 1270              		.align	2
 1271              	.LC32:
GAS LISTING C:\Users\LRNA\AppData\Local\Temp\ccm54Cvp.s 			page 28


 1272 004c 9A99B940 		.word	1085905306
 1273              		.align	2
 1274              	.LC33:
 1275 0050 9A99DD41 		.word	1105041818
 1276              		.align	2
 1277              	.LC34:
 1278 0054 CDCC4C3D 		.word	1028443341
 1279              		.align	2
 1280              	.LC35:
 1281 0058 9A99993E 		.word	1050253722
 1282              		.align	2
 1283              	.LC36:
 1284 005c 00002040 		.word	1075838976
 1285              		.align	2
 1286              	.LC39:
 1287 0060 DAFC6640 		.word	1080491226
 1288              		.ident	"GCC: (xPack GNU RISC-V Embedded GCC i386) 12.2.0"
GAS LISTING C:\Users\LRNA\AppData\Local\Temp\ccm54Cvp.s 			page 29


DEFINED SYMBOLS
                            *ABS*:0000000000000000 main.c
C:\Users\LRNA\AppData\Local\Temp\ccm54Cvp.s:11     .highcode:0000000000000000 TMR0_IRQHandler
C:\Users\LRNA\AppData\Local\Temp\ccm54Cvp.s:12     .highcode:0000000000000000 $x
C:\Users\LRNA\AppData\Local\Temp\ccm54Cvp.s:1196   .sbss.timer_ticks:0000000000000000 timer_ticks
C:\Users\LRNA\AppData\Local\Temp\ccm54Cvp.s:28     .highcode:0000000000000024 GPIOB_IRQHandler
C:\Users\LRNA\AppData\Local\Temp\ccm54Cvp.s:1210   .sbss.count_left:0000000000000000 count_left
C:\Users\LRNA\AppData\Local\Temp\ccm54Cvp.s:64     .highcode:000000000000007e GPIOA_IRQHandler
C:\Users\LRNA\AppData\Local\Temp\ccm54Cvp.s:1203   .sbss.count_right:0000000000000000 count_right
C:\Users\LRNA\AppData\Local\Temp\ccm54Cvp.s:107    .text.SetLeftMotor:0000000000000000 SetLeftMotor
C:\Users\LRNA\AppData\Local\Temp\ccm54Cvp.s:108    .text.SetLeftMotor:0000000000000000 $x
C:\Users\LRNA\AppData\Local\Temp\ccm54Cvp.s:191    .text.SetRightMotor:0000000000000000 SetRightMotor
C:\Users\LRNA\AppData\Local\Temp\ccm54Cvp.s:192    .text.SetRightMotor:0000000000000000 $x
C:\Users\LRNA\AppData\Local\Temp\ccm54Cvp.s:275    .text.Motor_Init:0000000000000000 Motor_Init
C:\Users\LRNA\AppData\Local\Temp\ccm54Cvp.s:276    .text.Motor_Init:0000000000000000 $x
C:\Users\LRNA\AppData\Local\Temp\ccm54Cvp.s:395    .text.startup.main:0000000000000000 main
C:\Users\LRNA\AppData\Local\Temp\ccm54Cvp.s:396    .text.startup.main:0000000000000000 $x
C:\Users\LRNA\AppData\Local\Temp\ccm54Cvp.s:18     .highcode:0000000000000012 .L0 
C:\Users\LRNA\AppData\Local\Temp\ccm54Cvp.s:36     .highcode:000000000000003a .L0 
C:\Users\LRNA\AppData\Local\Temp\ccm54Cvp.s:72     .highcode:0000000000000092 .L0 
C:\Users\LRNA\AppData\Local\Temp\ccm54Cvp.s:22     .highcode:0000000000000020 .L1
C:\Users\LRNA\AppData\Local\Temp\ccm54Cvp.s:54     .highcode:0000000000000074 .L6
C:\Users\LRNA\AppData\Local\Temp\ccm54Cvp.s:56     .highcode:0000000000000078 .L8
C:\Users\LRNA\AppData\Local\Temp\ccm54Cvp.s:48     .highcode:000000000000005c .L16
C:\Users\LRNA\AppData\Local\Temp\ccm54Cvp.s:43     .highcode:0000000000000054 .L15
C:\Users\LRNA\AppData\Local\Temp\ccm54Cvp.s:91     .highcode:00000000000000c8 .L17
C:\Users\LRNA\AppData\Local\Temp\ccm54Cvp.s:93     .highcode:00000000000000cc .L19
C:\Users\LRNA\AppData\Local\Temp\ccm54Cvp.s:85     .highcode:00000000000000b4 .L27
C:\Users\LRNA\AppData\Local\Temp\ccm54Cvp.s:80     .highcode:00000000000000ac .L26
C:\Users\LRNA\AppData\Local\Temp\ccm54Cvp.s:1217   .srodata.cst4:0000000000000004 .LC1
C:\Users\LRNA\AppData\Local\Temp\ccm54Cvp.s:110    .text.SetLeftMotor:0000000000000004 .L0 
C:\Users\LRNA\AppData\Local\Temp\ccm54Cvp.s:1214   .srodata.cst4:0000000000000000 .LC0
C:\Users\LRNA\AppData\Local\Temp\ccm54Cvp.s:117    .text.SetLeftMotor:0000000000000020 .L0 
C:\Users\LRNA\AppData\Local\Temp\ccm54Cvp.s:1220   .srodata.cst4:0000000000000008 .LC2
C:\Users\LRNA\AppData\Local\Temp\ccm54Cvp.s:140    .text.SetLeftMotor:0000000000000072 .L0 
C:\Users\LRNA\AppData\Local\Temp\ccm54Cvp.s:143    .text.SetLeftMotor:0000000000000084 .L0 
C:\Users\LRNA\AppData\Local\Temp\ccm54Cvp.s:159    .text.SetLeftMotor:00000000000000bc .L35
C:\Users\LRNA\AppData\Local\Temp\ccm54Cvp.s:156    .text.SetLeftMotor:00000000000000b8 .L36
C:\Users\LRNA\AppData\Local\Temp\ccm54Cvp.s:161    .text.SetLeftMotor:00000000000000be .L29
C:\Users\LRNA\AppData\Local\Temp\ccm54Cvp.s:169    .text.SetLeftMotor:00000000000000d0 .L38
C:\Users\LRNA\AppData\Local\Temp\ccm54Cvp.s:126    .text.SetLeftMotor:000000000000004a .L30
C:\Users\LRNA\AppData\Local\Temp\ccm54Cvp.s:135    .text.SetLeftMotor:0000000000000060 .L32
C:\Users\LRNA\AppData\Local\Temp\ccm54Cvp.s:194    .text.SetRightMotor:0000000000000004 .L0 
C:\Users\LRNA\AppData\Local\Temp\ccm54Cvp.s:201    .text.SetRightMotor:0000000000000020 .L0 
C:\Users\LRNA\AppData\Local\Temp\ccm54Cvp.s:224    .text.SetRightMotor:0000000000000072 .L0 
C:\Users\LRNA\AppData\Local\Temp\ccm54Cvp.s:227    .text.SetRightMotor:0000000000000084 .L0 
C:\Users\LRNA\AppData\Local\Temp\ccm54Cvp.s:243    .text.SetRightMotor:00000000000000bc .L47
C:\Users\LRNA\AppData\Local\Temp\ccm54Cvp.s:240    .text.SetRightMotor:00000000000000b8 .L48
C:\Users\LRNA\AppData\Local\Temp\ccm54Cvp.s:245    .text.SetRightMotor:00000000000000be .L41
C:\Users\LRNA\AppData\Local\Temp\ccm54Cvp.s:253    .text.SetRightMotor:00000000000000d0 .L50
C:\Users\LRNA\AppData\Local\Temp\ccm54Cvp.s:210    .text.SetRightMotor:000000000000004a .L42
C:\Users\LRNA\AppData\Local\Temp\ccm54Cvp.s:219    .text.SetRightMotor:0000000000000060 .L44
C:\Users\LRNA\AppData\Local\Temp\ccm54Cvp.s:1226   .srodata.cst4:0000000000000010 .LC4
C:\Users\LRNA\AppData\Local\Temp\ccm54Cvp.s:428    .text.startup.main:0000000000000070 .L0 
C:\Users\LRNA\AppData\Local\Temp\ccm54Cvp.s:1223   .srodata.cst4:000000000000000c .LC3
C:\Users\LRNA\AppData\Local\Temp\ccm54Cvp.s:430    .text.startup.main:000000000000007a .L0 
C:\Users\LRNA\AppData\Local\Temp\ccm54Cvp.s:337    .rodata.main.str1.4:0000000000000000 .LC12
GAS LISTING C:\Users\LRNA\AppData\Local\Temp\ccm54Cvp.s 			page 30


C:\Users\LRNA\AppData\Local\Temp\ccm54Cvp.s:460    .text.startup.main:00000000000000d2 .L0 
C:\Users\LRNA\AppData\Local\Temp\ccm54Cvp.s:1247   .srodata.cst4:000000000000002c .LC11
C:\Users\LRNA\AppData\Local\Temp\ccm54Cvp.s:465    .text.startup.main:00000000000000e8 .L0 
C:\Users\LRNA\AppData\Local\Temp\ccm54Cvp.s:341    .rodata.main.str1.4:0000000000000010 .LC13
C:\Users\LRNA\AppData\Local\Temp\ccm54Cvp.s:475    .text.startup.main:0000000000000116 .L0 
C:\Users\LRNA\AppData\Local\Temp\ccm54Cvp.s:344    .rodata.main.str1.4:0000000000000020 .LC14
C:\Users\LRNA\AppData\Local\Temp\ccm54Cvp.s:482    .text.startup.main:0000000000000136 .L0 
C:\Users\LRNA\AppData\Local\Temp\ccm54Cvp.s:347    .rodata.main.str1.4:0000000000000030 .LC15
C:\Users\LRNA\AppData\Local\Temp\ccm54Cvp.s:486    .text.startup.main:000000000000014a .L0 
C:\Users\LRNA\AppData\Local\Temp\ccm54Cvp.s:350    .rodata.main.str1.4:0000000000000040 .LC16
C:\Users\LRNA\AppData\Local\Temp\ccm54Cvp.s:498    .text.startup.main:0000000000000172 .L0 
C:\Users\LRNA\AppData\Local\Temp\ccm54Cvp.s:502    .text.startup.main:0000000000000186 .L0 
C:\Users\LRNA\AppData\Local\Temp\ccm54Cvp.s:353    .rodata.main.str1.4:0000000000000054 .LC17
C:\Users\LRNA\AppData\Local\Temp\ccm54Cvp.s:509    .text.startup.main:00000000000001aa .L0 
C:\Users\LRNA\AppData\Local\Temp\ccm54Cvp.s:356    .rodata.main.str1.4:0000000000000064 .LC18
C:\Users\LRNA\AppData\Local\Temp\ccm54Cvp.s:516    .text.startup.main:00000000000001ca .L0 
C:\Users\LRNA\AppData\Local\Temp\ccm54Cvp.s:359    .rodata.main.str1.4:0000000000000078 .LC19
C:\Users\LRNA\AppData\Local\Temp\ccm54Cvp.s:520    .text.startup.main:00000000000001de .L0 
C:\Users\LRNA\AppData\Local\Temp\ccm54Cvp.s:362    .rodata.main.str1.4:0000000000000088 .LC20
C:\Users\LRNA\AppData\Local\Temp\ccm54Cvp.s:523    .text.startup.main:00000000000001e8 .L0 
C:\Users\LRNA\AppData\Local\Temp\ccm54Cvp.s:365    .rodata.main.str1.4:000000000000009c .LC21
C:\Users\LRNA\AppData\Local\Temp\ccm54Cvp.s:530    .text.startup.main:0000000000000208 .L0 
C:\Users\LRNA\AppData\Local\Temp\ccm54Cvp.s:537    .text.startup.main:0000000000000228 .L0 
C:\Users\LRNA\AppData\Local\Temp\ccm54Cvp.s:368    .rodata.main.str1.4:00000000000000a0 .LC22
C:\Users\LRNA\AppData\Local\Temp\ccm54Cvp.s:544    .text.startup.main:000000000000024c .L0 
C:\Users\LRNA\AppData\Local\Temp\ccm54Cvp.s:371    .rodata.main.str1.4:00000000000000ac .LC23
C:\Users\LRNA\AppData\Local\Temp\ccm54Cvp.s:551    .text.startup.main:000000000000026e .L0 
C:\Users\LRNA\AppData\Local\Temp\ccm54Cvp.s:1235   .srodata.cst4:000000000000001c .LC7
C:\Users\LRNA\AppData\Local\Temp\ccm54Cvp.s:561    .text.startup.main:0000000000000286 .L0 
C:\Users\LRNA\AppData\Local\Temp\ccm54Cvp.s:1256   .srodata.cst4:0000000000000038 .LC26
C:\Users\LRNA\AppData\Local\Temp\ccm54Cvp.s:566    .text.startup.main:000000000000029c .L0 
C:\Users\LRNA\AppData\Local\Temp\ccm54Cvp.s:1250   .srodata.cst4:0000000000000030 .LC24
C:\Users\LRNA\AppData\Local\Temp\ccm54Cvp.s:570    .text.startup.main:00000000000002a8 .L0 
C:\Users\LRNA\AppData\Local\Temp\ccm54Cvp.s:1232   .srodata.cst4:0000000000000018 .LC6
C:\Users\LRNA\AppData\Local\Temp\ccm54Cvp.s:574    .text.startup.main:00000000000002bc .L0 
C:\Users\LRNA\AppData\Local\Temp\ccm54Cvp.s:579    .text.startup.main:00000000000002d4 .L0 
C:\Users\LRNA\AppData\Local\Temp\ccm54Cvp.s:584    .text.startup.main:00000000000002e2 .L0 
C:\Users\LRNA\AppData\Local\Temp\ccm54Cvp.s:1253   .srodata.cst4:0000000000000034 .LC25
C:\Users\LRNA\AppData\Local\Temp\ccm54Cvp.s:672    .text.startup.main:00000000000003e2 .L0 
C:\Users\LRNA\AppData\Local\Temp\ccm54Cvp.s:701    .text.startup.main:000000000000043c .L0 
C:\Users\LRNA\AppData\Local\Temp\ccm54Cvp.s:1229   .srodata.cst4:0000000000000014 .LC5
C:\Users\LRNA\AppData\Local\Temp\ccm54Cvp.s:703    .text.startup.main:000000000000044c .L0 
C:\Users\LRNA\AppData\Local\Temp\ccm54Cvp.s:716    .text.startup.main:000000000000047e .L0 
C:\Users\LRNA\AppData\Local\Temp\ccm54Cvp.s:725    .text.startup.main:000000000000049c .L0 
C:\Users\LRNA\AppData\Local\Temp\ccm54Cvp.s:728    .text.startup.main:00000000000004a6 .L0 
C:\Users\LRNA\AppData\Local\Temp\ccm54Cvp.s:376    .rodata.main.str1.4:00000000000000bc .LC27
C:\Users\LRNA\AppData\Local\Temp\ccm54Cvp.s:748    .text.startup.main:00000000000004f0 .L0 
C:\Users\LRNA\AppData\Local\Temp\ccm54Cvp.s:752    .text.startup.main:0000000000000504 .L0 
C:\Users\LRNA\AppData\Local\Temp\ccm54Cvp.s:753    .text.startup.main:000000000000050c .L0 
C:\Users\LRNA\AppData\Local\Temp\ccm54Cvp.s:1259   .srodata.cst4:000000000000003c .LC28
C:\Users\LRNA\AppData\Local\Temp\ccm54Cvp.s:754    .text.startup.main:0000000000000514 .L0 
C:\Users\LRNA\AppData\Local\Temp\ccm54Cvp.s:756    .text.startup.main:000000000000051e .L0 
C:\Users\LRNA\AppData\Local\Temp\ccm54Cvp.s:1241   .srodata.cst4:0000000000000024 .LC9
C:\Users\LRNA\AppData\Local\Temp\ccm54Cvp.s:761    .text.startup.main:000000000000053a .L0 
C:\Users\LRNA\AppData\Local\Temp\ccm54Cvp.s:1244   .srodata.cst4:0000000000000028 .LC10
C:\Users\LRNA\AppData\Local\Temp\ccm54Cvp.s:775    .text.startup.main:000000000000056c .L0 
C:\Users\LRNA\AppData\Local\Temp\ccm54Cvp.s:777    .text.startup.main:0000000000000574 .L0 
GAS LISTING C:\Users\LRNA\AppData\Local\Temp\ccm54Cvp.s 			page 31


C:\Users\LRNA\AppData\Local\Temp\ccm54Cvp.s:783    .text.startup.main:000000000000058a .L0 
C:\Users\LRNA\AppData\Local\Temp\ccm54Cvp.s:785    .text.startup.main:0000000000000596 .L0 
C:\Users\LRNA\AppData\Local\Temp\ccm54Cvp.s:797    .text.startup.main:00000000000005c6 .L0 
C:\Users\LRNA\AppData\Local\Temp\ccm54Cvp.s:1262   .srodata.cst4:0000000000000040 .LC29
C:\Users\LRNA\AppData\Local\Temp\ccm54Cvp.s:816    .text.startup.main:0000000000000610 .L0 
C:\Users\LRNA\AppData\Local\Temp\ccm54Cvp.s:1265   .srodata.cst4:0000000000000044 .LC30
C:\Users\LRNA\AppData\Local\Temp\ccm54Cvp.s:820    .text.startup.main:0000000000000624 .L0 
C:\Users\LRNA\AppData\Local\Temp\ccm54Cvp.s:1268   .srodata.cst4:0000000000000048 .LC31
C:\Users\LRNA\AppData\Local\Temp\ccm54Cvp.s:833    .text.startup.main:000000000000065c .L0 
C:\Users\LRNA\AppData\Local\Temp\ccm54Cvp.s:1271   .srodata.cst4:000000000000004c .LC32
C:\Users\LRNA\AppData\Local\Temp\ccm54Cvp.s:837    .text.startup.main:0000000000000670 .L0 
C:\Users\LRNA\AppData\Local\Temp\ccm54Cvp.s:1274   .srodata.cst4:0000000000000050 .LC33
C:\Users\LRNA\AppData\Local\Temp\ccm54Cvp.s:849    .text.startup.main:00000000000006a6 .L0 
C:\Users\LRNA\AppData\Local\Temp\ccm54Cvp.s:851    .text.startup.main:00000000000006b6 .L0 
C:\Users\LRNA\AppData\Local\Temp\ccm54Cvp.s:864    .text.startup.main:00000000000006ec .L0 
C:\Users\LRNA\AppData\Local\Temp\ccm54Cvp.s:870    .text.startup.main:00000000000006fe .L0 
C:\Users\LRNA\AppData\Local\Temp\ccm54Cvp.s:892    .text.startup.main:000000000000073a .L0 
C:\Users\LRNA\AppData\Local\Temp\ccm54Cvp.s:911    .text.startup.main:0000000000000776 .L0 
C:\Users\LRNA\AppData\Local\Temp\ccm54Cvp.s:1238   .srodata.cst4:0000000000000020 .LC8
C:\Users\LRNA\AppData\Local\Temp\ccm54Cvp.s:917    .text.startup.main:0000000000000790 .L0 
C:\Users\LRNA\AppData\Local\Temp\ccm54Cvp.s:1277   .srodata.cst4:0000000000000054 .LC34
C:\Users\LRNA\AppData\Local\Temp\ccm54Cvp.s:927    .text.startup.main:00000000000007b6 .L0 
C:\Users\LRNA\AppData\Local\Temp\ccm54Cvp.s:1280   .srodata.cst4:0000000000000058 .LC35
C:\Users\LRNA\AppData\Local\Temp\ccm54Cvp.s:935    .text.startup.main:00000000000007e0 .L0 
C:\Users\LRNA\AppData\Local\Temp\ccm54Cvp.s:948    .text.startup.main:0000000000000820 .L0 
C:\Users\LRNA\AppData\Local\Temp\ccm54Cvp.s:955    .text.startup.main:000000000000083c .L0 
C:\Users\LRNA\AppData\Local\Temp\ccm54Cvp.s:1283   .srodata.cst4:000000000000005c .LC36
C:\Users\LRNA\AppData\Local\Temp\ccm54Cvp.s:963    .text.startup.main:000000000000085c .L0 
C:\Users\LRNA\AppData\Local\Temp\ccm54Cvp.s:971    .text.startup.main:0000000000000880 .L0 
C:\Users\LRNA\AppData\Local\Temp\ccm54Cvp.s:986    .text.startup.main:00000000000008be .L0 
C:\Users\LRNA\AppData\Local\Temp\ccm54Cvp.s:992    .text.startup.main:00000000000008d8 .L0 
C:\Users\LRNA\AppData\Local\Temp\ccm54Cvp.s:1002   .text.startup.main:00000000000008fe .L0 
C:\Users\LRNA\AppData\Local\Temp\ccm54Cvp.s:1010   .text.startup.main:0000000000000928 .L0 
C:\Users\LRNA\AppData\Local\Temp\ccm54Cvp.s:1023   .text.startup.main:0000000000000968 .L0 
C:\Users\LRNA\AppData\Local\Temp\ccm54Cvp.s:1030   .text.startup.main:0000000000000984 .L0 
C:\Users\LRNA\AppData\Local\Temp\ccm54Cvp.s:1038   .text.startup.main:00000000000009a2 .L0 
C:\Users\LRNA\AppData\Local\Temp\ccm54Cvp.s:1045   .text.startup.main:00000000000009c4 .L0 
C:\Users\LRNA\AppData\Local\Temp\ccm54Cvp.s:1074   .text.startup.main:0000000000000a0c .L0 
C:\Users\LRNA\AppData\Local\Temp\ccm54Cvp.s:380    .rodata.main.str1.4:00000000000000c8 .LC37
C:\Users\LRNA\AppData\Local\Temp\ccm54Cvp.s:1105   .text.startup.main:0000000000000a76 .L0 
C:\Users\LRNA\AppData\Local\Temp\ccm54Cvp.s:383    .rodata.main.str1.4:00000000000000d4 .LC38
C:\Users\LRNA\AppData\Local\Temp\ccm54Cvp.s:1110   .text.startup.main:0000000000000a8c .L0 
C:\Users\LRNA\AppData\Local\Temp\ccm54Cvp.s:1112   .text.startup.main:0000000000000a96 .L0 
C:\Users\LRNA\AppData\Local\Temp\ccm54Cvp.s:1113   .text.startup.main:0000000000000a9e .L0 
C:\Users\LRNA\AppData\Local\Temp\ccm54Cvp.s:1286   .srodata.cst4:0000000000000060 .LC39
C:\Users\LRNA\AppData\Local\Temp\ccm54Cvp.s:1123   .text.startup.main:0000000000000acc .L0 
C:\Users\LRNA\AppData\Local\Temp\ccm54Cvp.s:386    .rodata.main.str1.4:00000000000000e4 .LC40
C:\Users\LRNA\AppData\Local\Temp\ccm54Cvp.s:1127   .text.startup.main:0000000000000ae6 .L0 
C:\Users\LRNA\AppData\Local\Temp\ccm54Cvp.s:389    .rodata.main.str1.4:00000000000000f0 .LC41
C:\Users\LRNA\AppData\Local\Temp\ccm54Cvp.s:1134   .text.startup.main:0000000000000b06 .L0 
C:\Users\LRNA\AppData\Local\Temp\ccm54Cvp.s:1181   .text.startup.main:0000000000000b8e .L0 
C:\Users\LRNA\AppData\Local\Temp\ccm54Cvp.s:1085   .text.startup.main:0000000000000a26 .L209
C:\Users\LRNA\AppData\Local\Temp\ccm54Cvp.s:448    .text.startup.main:00000000000000a8 .L127
C:\Users\LRNA\AppData\Local\Temp\ccm54Cvp.s:620    .text.startup.main:0000000000000352 .L58
C:\Users\LRNA\AppData\Local\Temp\ccm54Cvp.s:451    .text.startup.main:00000000000000ae .L61
C:\Users\LRNA\AppData\Local\Temp\ccm54Cvp.s:610    .text.startup.main:0000000000000338 .L128
C:\Users\LRNA\AppData\Local\Temp\ccm54Cvp.s:492    .text.startup.main:0000000000000160 .L63
GAS LISTING C:\Users\LRNA\AppData\Local\Temp\ccm54Cvp.s 			page 32


C:\Users\LRNA\AppData\Local\Temp\ccm54Cvp.s:443    .text.startup.main:0000000000000098 .L218
C:\Users\LRNA\AppData\Local\Temp\ccm54Cvp.s:522    .text.startup.main:00000000000001e8 .L65
C:\Users\LRNA\AppData\Local\Temp\ccm54Cvp.s:487    .text.startup.main:0000000000000152 .L215
C:\Users\LRNA\AppData\Local\Temp\ccm54Cvp.s:633    .text.startup.main:000000000000037a .L60
C:\Users\LRNA\AppData\Local\Temp\ccm54Cvp.s:568    .text.startup.main:00000000000002a6 .L73
C:\Users\LRNA\AppData\Local\Temp\ccm54Cvp.s:564    .text.startup.main:0000000000000298 .L76
C:\Users\LRNA\AppData\Local\Temp\ccm54Cvp.s:678    .text.startup.main:00000000000003f8 .L77
C:\Users\LRNA\AppData\Local\Temp\ccm54Cvp.s:673    .text.startup.main:00000000000003ea .L216
C:\Users\LRNA\AppData\Local\Temp\ccm54Cvp.s:671    .text.startup.main:00000000000003e2 .L75
C:\Users\LRNA\AppData\Local\Temp\ccm54Cvp.s:695    .text.startup.main:000000000000042c .L78
C:\Users\LRNA\AppData\Local\Temp\ccm54Cvp.s:685    .text.startup.main:0000000000000410 .L79
C:\Users\LRNA\AppData\Local\Temp\ccm54Cvp.s:603    .text.startup.main:0000000000000326 .L80
C:\Users\LRNA\AppData\Local\Temp\ccm54Cvp.s:608    .text.startup.main:0000000000000336 .L81
C:\Users\LRNA\AppData\Local\Temp\ccm54Cvp.s:690    .text.startup.main:000000000000041c .L212
C:\Users\LRNA\AppData\Local\Temp\ccm54Cvp.s:439    .text.startup.main:0000000000000090 .L59
C:\Users\LRNA\AppData\Local\Temp\ccm54Cvp.s:638    .text.startup.main:0000000000000386 .L66
C:\Users\LRNA\AppData\Local\Temp\ccm54Cvp.s:643    .text.startup.main:0000000000000392 .L67
C:\Users\LRNA\AppData\Local\Temp\ccm54Cvp.s:648    .text.startup.main:000000000000039c .L68
C:\Users\LRNA\AppData\Local\Temp\ccm54Cvp.s:658    .text.startup.main:00000000000003b8 .L69
C:\Users\LRNA\AppData\Local\Temp\ccm54Cvp.s:590    .text.startup.main:00000000000002fa .L70
C:\Users\LRNA\AppData\Local\Temp\ccm54Cvp.s:556    .text.startup.main:000000000000027c .L72
C:\Users\LRNA\AppData\Local\Temp\ccm54Cvp.s:553    .text.startup.main:0000000000000278 .L132
C:\Users\LRNA\AppData\Local\Temp\ccm54Cvp.s:583    .text.startup.main:00000000000002e2 .L74
C:\Users\LRNA\AppData\Local\Temp\ccm54Cvp.s:732    .text.startup.main:00000000000004b4 .L83
C:\Users\LRNA\AppData\Local\Temp\ccm54Cvp.s:599    .text.startup.main:0000000000000318 .L213
C:\Users\LRNA\AppData\Local\Temp\ccm54Cvp.s:722    .text.startup.main:0000000000000494 .L85
C:\Users\LRNA\AppData\Local\Temp\ccm54Cvp.s:712    .text.startup.main:0000000000000474 .L86
C:\Users\LRNA\AppData\Local\Temp\ccm54Cvp.s:730    .text.startup.main:00000000000004b0 .L90
C:\Users\LRNA\AppData\Local\Temp\ccm54Cvp.s:727    .text.startup.main:00000000000004a6 .L92
C:\Users\LRNA\AppData\Local\Temp\ccm54Cvp.s:717    .text.startup.main:0000000000000486 .L214
C:\Users\LRNA\AppData\Local\Temp\ccm54Cvp.s:1174   .text.startup.main:0000000000000b82 .L135
C:\Users\LRNA\AppData\Local\Temp\ccm54Cvp.s:888    .text.startup.main:0000000000000734 .L97
C:\Users\LRNA\AppData\Local\Temp\ccm54Cvp.s:805    .text.startup.main:00000000000005ea .L98
C:\Users\LRNA\AppData\Local\Temp\ccm54Cvp.s:831    .text.startup.main:000000000000065a .L99
C:\Users\LRNA\AppData\Local\Temp\ccm54Cvp.s:891    .text.startup.main:000000000000073a .L137
C:\Users\LRNA\AppData\Local\Temp\ccm54Cvp.s:894    .text.startup.main:0000000000000744 .L217
C:\Users\LRNA\AppData\Local\Temp\ccm54Cvp.s:897    .text.startup.main:0000000000000748 .L101
C:\Users\LRNA\AppData\Local\Temp\ccm54Cvp.s:1056   .text.startup.main:00000000000009ec .L139
C:\Users\LRNA\AppData\Local\Temp\ccm54Cvp.s:1065   .text.startup.main:00000000000009fc .L113
C:\Users\LRNA\AppData\Local\Temp\ccm54Cvp.s:1081   .text.startup.main:0000000000000a1e .L148
C:\Users\LRNA\AppData\Local\Temp\ccm54Cvp.s:881    .text.startup.main:0000000000000728 .L120
C:\Users\LRNA\AppData\Local\Temp\ccm54Cvp.s:432    .text.startup.main:0000000000000084 .L55
C:\Users\LRNA\AppData\Local\Temp\ccm54Cvp.s:776    .text.startup.main:0000000000000574 .L95
C:\Users\LRNA\AppData\Local\Temp\ccm54Cvp.s:780    .text.startup.main:0000000000000582 .L96
C:\Users\LRNA\AppData\Local\Temp\ccm54Cvp.s:861    .text.startup.main:00000000000006e4 .L100
C:\Users\LRNA\AppData\Local\Temp\ccm54Cvp.s:979    .text.startup.main:00000000000008a4 .L103
C:\Users\LRNA\AppData\Local\Temp\ccm54Cvp.s:1060   .text.startup.main:00000000000009f4 .L140
C:\Users\LRNA\AppData\Local\Temp\ccm54Cvp.s:867    .text.startup.main:00000000000006f8 .L104
C:\Users\LRNA\AppData\Local\Temp\ccm54Cvp.s:1069   .text.startup.main:0000000000000a06 .L149
C:\Users\LRNA\AppData\Local\Temp\ccm54Cvp.s:1073   .text.startup.main:0000000000000a0c .L150
C:\Users\LRNA\AppData\Local\Temp\ccm54Cvp.s:1078   .text.startup.main:0000000000000a1a .L151
C:\Users\LRNA\AppData\Local\Temp\ccm54Cvp.s:1177   .text.startup.main:0000000000000b88 .L152
C:\Users\LRNA\AppData\Local\Temp\ccm54Cvp.s:954    .text.startup.main:000000000000083c .L116
C:\Users\LRNA\AppData\Local\Temp\ccm54Cvp.s:1180   .text.startup.main:0000000000000b8e .L153
C:\Users\LRNA\AppData\Local\Temp\ccm54Cvp.s:961    .text.startup.main:000000000000085a .L119
C:\Users\LRNA\AppData\Local\Temp\ccm54Cvp.s:871    .text.startup.main:0000000000000706 .L105
C:\Users\LRNA\AppData\Local\Temp\ccm54Cvp.s:1053   .text.startup.main:00000000000009e8 .L144
GAS LISTING C:\Users\LRNA\AppData\Local\Temp\ccm54Cvp.s 			page 33


C:\Users\LRNA\AppData\Local\Temp\ccm54Cvp.s:1184   .text.startup.main:0000000000000b9c .L145
C:\Users\LRNA\AppData\Local\Temp\ccm54Cvp.s:1029   .text.startup.main:0000000000000984 .L109
C:\Users\LRNA\AppData\Local\Temp\ccm54Cvp.s:1187   .text.startup.main:0000000000000ba2 .L146
C:\Users\LRNA\AppData\Local\Temp\ccm54Cvp.s:1036   .text.startup.main:00000000000009a0 .L112
C:\Users\LRNA\AppData\Local\Temp\ccm54Cvp.s:865    .text.startup.main:00000000000006f4 .L102
C:\Users\LRNA\AppData\Local\Temp\ccm54Cvp.s:996    .text.startup.main:00000000000008ee .L107
C:\Users\LRNA\AppData\Local\Temp\ccm54Cvp.s:904    .text.startup.main:000000000000075c .L106
C:\Users\LRNA\AppData\Local\Temp\ccm54Cvp.s:921    .text.startup.main:00000000000007a6 .L114
C:\Users\LRNA\AppData\Local\Temp\ccm54Cvp.s:1138   .text.startup.main:0000000000000b1a .L122
C:\Users\LRNA\AppData\Local\Temp\ccm54Cvp.s:1090   .text.startup.main:0000000000000a34 .L193
C:\Users\LRNA\AppData\Local\Temp\ccm54Cvp.s:1153   .text.startup.main:0000000000000b46 .L124
C:\Users\LRNA\AppData\Local\Temp\ccm54Cvp.s:1160   .text.startup.main:0000000000000b5a .L125
C:\Users\LRNA\AppData\Local\Temp\ccm54Cvp.s:1157   .text.startup.main:0000000000000b50 .L126
C:\Users\LRNA\AppData\Local\Temp\ccm54Cvp.s:435    .text.startup.main:000000000000008a .L56

UNDEFINED SYMBOLS
GPIOB_ITModeCfg
GPIOA_ITModeCfg
__gtsf2
__ltsf2
__mulsf3
__divsf3
__fixunssfsi
PWMX_16bit_ACTOUT
GPIOA_ModeCfg
GPIOB_ModeCfg
PWMX_16bit_CycleCfg
__fixsfsi
__subsf3
__addsf3
__floatsisf
SetSysClock
TMR0_TimerInit
OLED_Init
OLED_Clear
OLED_ShowString
sprintf
mDelaymS
